Component: ARM Compiler 5.06 (build 20) Tool: armlink [4d35a3]

==============================================================================

Section Cross References

    startup_stm32f207xx.o(RESET) refers to startup_stm32f207xx.o(STACK) for __initial_sp
    startup_stm32f207xx.o(RESET) refers to startup_stm32f207xx.o(.text) for Reset_Handler
    startup_stm32f207xx.o(RESET) refers to stm32f2xx_it.o(i.NMI_Handler) for NMI_Handler
    startup_stm32f207xx.o(RESET) refers to stm32f2xx_it.o(i.HardFault_Handler) for HardFault_Handler
    startup_stm32f207xx.o(RESET) refers to stm32f2xx_it.o(i.MemManage_Handler) for MemManage_Handler
    startup_stm32f207xx.o(RESET) refers to stm32f2xx_it.o(i.BusFault_Handler) for BusFault_Handler
    startup_stm32f207xx.o(RESET) refers to stm32f2xx_it.o(i.UsageFault_Handler) for UsageFault_Handler
    startup_stm32f207xx.o(RESET) refers to stm32f2xx_it.o(i.SVC_Handler) for SVC_Handler
    startup_stm32f207xx.o(RESET) refers to stm32f2xx_it.o(i.DebugMon_Handler) for DebugMon_Handler
    startup_stm32f207xx.o(RESET) refers to stm32f2xx_it.o(i.PendSV_Handler) for PendSV_Handler
    startup_stm32f207xx.o(RESET) refers to stm32f2xx_it.o(i.SysTick_Handler) for SysTick_Handler
    startup_stm32f207xx.o(RESET) refers to stm32f2xx_it.o(i.EXTI0_IRQHandler) for EXTI0_IRQHandler
    startup_stm32f207xx.o(RESET) refers to stm32f2xx_it.o(i.TIM2_IRQHandler) for TIM2_IRQHandler
    startup_stm32f207xx.o(.text) refers to system_stm32f2xx.o(i.SystemInit) for SystemInit
    startup_stm32f207xx.o(.text) refers to entry.o(.ARM.Collect$$$$00000000) for __main
    net.o(i.sendstring) refers to tcp.o(i.tcp_sent) for tcp_sent
    net.o(i.sendstring) refers to strlen.o(.text) for strlen
    net.o(i.sendstring) refers to tcp_out.o(i.tcp_write) for tcp_write
    net.o(i.sendstring) refers to tcp.o(i.tcp_recved) for tcp_recved
    net.o(i.sendstring) refers to net.o(.data) for .data
    net.o(i.sendstring) refers to net.o(i.tcp_server_sent) for tcp_server_sent
    net.o(i.tcp_server_accept) refers to tcp.o(i.tcp_setprio) for tcp_setprio
    net.o(i.tcp_server_accept) refers to mem.o(i.mem_malloc) for mem_malloc
    net.o(i.tcp_server_accept) refers to tcp.o(i.tcp_arg) for tcp_arg
    net.o(i.tcp_server_accept) refers to tcp.o(i.tcp_recv) for tcp_recv
    net.o(i.tcp_server_accept) refers to tcp.o(i.tcp_err) for tcp_err
    net.o(i.tcp_server_accept) refers to tcp.o(i.tcp_sent) for tcp_sent
    net.o(i.tcp_server_accept) refers to tcp.o(i.tcp_poll) for tcp_poll
    net.o(i.tcp_server_accept) refers to net.o(i.tcp_server_connection_close) for tcp_server_connection_close
    net.o(i.tcp_server_accept) refers to net.o(.data) for .data
    net.o(i.tcp_server_accept) refers to net.o(i.tcp_server_recv) for tcp_server_recv
    net.o(i.tcp_server_accept) refers to net.o(i.tcp_server_error) for tcp_server_error
    net.o(i.tcp_server_accept) refers to net.o(i.tcp_server_sent) for tcp_server_sent
    net.o(i.tcp_server_accept) refers to net.o(i.tcp_server_poll) for tcp_server_poll
    net.o(i.tcp_server_connection_close) refers to tcp.o(i.tcp_arg) for tcp_arg
    net.o(i.tcp_server_connection_close) refers to tcp.o(i.tcp_sent) for tcp_sent
    net.o(i.tcp_server_connection_close) refers to tcp.o(i.tcp_recv) for tcp_recv
    net.o(i.tcp_server_connection_close) refers to tcp.o(i.tcp_err) for tcp_err
    net.o(i.tcp_server_connection_close) refers to tcp.o(i.tcp_poll) for tcp_poll
    net.o(i.tcp_server_connection_close) refers to mem.o(i.mem_free) for mem_free
    net.o(i.tcp_server_connection_close) refers to tcp.o(i.tcp_close) for tcp_close
    net.o(i.tcp_server_error) refers to mem.o(i.mem_free) for mem_free
    net.o(i.tcp_server_init) refers to tcp.o(i.tcp_new) for tcp_new
    net.o(i.tcp_server_init) refers to tcp.o(i.tcp_bind) for tcp_bind
    net.o(i.tcp_server_init) refers to memp.o(i.memp_free) for memp_free
    net.o(i.tcp_server_init) refers to tcp.o(i.tcp_listen_with_backlog) for tcp_listen_with_backlog
    net.o(i.tcp_server_init) refers to tcp.o(i.tcp_accept) for tcp_accept
    net.o(i.tcp_server_init) refers to net.o(.data) for .data
    net.o(i.tcp_server_init) refers to ip4_addr.o(.constdata) for ip_addr_any
    net.o(i.tcp_server_init) refers to net.o(i.tcp_server_accept) for tcp_server_accept
    net.o(i.tcp_server_poll) refers to tcp.o(i.tcp_sent) for tcp_sent
    net.o(i.tcp_server_poll) refers to net.o(i.tcp_server_send) for tcp_server_send
    net.o(i.tcp_server_poll) refers to net.o(i.tcp_server_connection_close) for tcp_server_connection_close
    net.o(i.tcp_server_poll) refers to tcp.o(i.tcp_abort) for tcp_abort
    net.o(i.tcp_server_poll) refers to net.o(i.tcp_server_sent) for tcp_server_sent
    net.o(i.tcp_server_recv) refers to pbuf.o(i.pbuf_free) for pbuf_free
    net.o(i.tcp_server_recv) refers to tcp.o(i.tcp_sent) for tcp_sent
    net.o(i.tcp_server_recv) refers to net.o(i.tcp_server_send) for tcp_server_send
[...]
    _printf_charcount                        0x00000000   Number         0  stubs.o ABSOLUTE
    _printf_d                                0x00000000   Number         0  stubs.o ABSOLUTE
    _printf_e                                0x00000000   Number         0  stubs.o ABSOLUTE
    _printf_f                                0x00000000   Number         0  stubs.o ABSOLUTE
    _printf_flags                            0x00000000   Number         0  stubs.o ABSOLUTE
    _printf_fp_dec                           0x00000000   Number         0  stubs.o ABSOLUTE
    _printf_fp_hex                           0x00000000   Number         0  stubs.o ABSOLUTE
    _printf_g                                0x00000000   Number         0  stubs.o ABSOLUTE
    _printf_i                                0x00000000   Number         0  stubs.o ABSOLUTE
    _printf_int_dec                          0x00000000   Number         0  stubs.o ABSOLUTE
    _printf_l                                0x00000000   Number         0  stubs.o ABSOLUTE
    _printf_lc                               0x00000000   Number         0  stubs.o ABSOLUTE
    _printf_ll                               0x00000000   Number         0  stubs.o ABSOLUTE
    _printf_lld                              0x00000000   Number         0  stubs.o ABSOLUTE
    _printf_lli                              0x00000000   Number         0  stubs.o ABSOLUTE
    _printf_llo                              0x00000000   Number         0  stubs.o ABSOLUTE
    _printf_llu                              0x00000000   Number         0  stubs.o ABSOLUTE
    _printf_llx                              0x00000000   Number         0  stubs.o ABSOLUTE
    _printf_longlong_dec                     0x00000000   Number         0  stubs.o ABSOLUTE
    _printf_longlong_hex                     0x00000000   Number         0  stubs.o ABSOLUTE
    _printf_longlong_oct                     0x00000000   Number         0  stubs.o ABSOLUTE
    _printf_ls                               0x00000000   Number         0  stubs.o ABSOLUTE
    _printf_mbtowc                           0x00000000   Number         0  stubs.o ABSOLUTE
    _printf_n                                0x00000000   Number         0  stubs.o ABSOLUTE
    _printf_o                                0x00000000   Number         0  stubs.o ABSOLUTE
    _printf_p                                0x00000000   Number         0  stubs.o ABSOLUTE
    _printf_percent                          0x00000000   Number         0  stubs.o ABSOLUTE
    _printf_pre_padding                      0x00000000   Number         0  stubs.o ABSOLUTE
    _printf_return_value                     0x00000000   Number         0  stubs.o ABSOLUTE
    _printf_s                                0x00000000   Number         0  stubs.o ABSOLUTE
    _printf_sizespec                         0x00000000   Number         0  stubs.o ABSOLUTE
    _printf_str                              0x00000000   Number         0  stubs.o ABSOLUTE
    _printf_truncate_signed                  0x00000000   Number         0  stubs.o ABSOLUTE
    _printf_truncate_unsigned                0x00000000   Number         0  stubs.o ABSOLUTE
    _printf_u                                0x00000000   Number         0  stubs.o ABSOLUTE
    _printf_wc                               0x00000000   Number         0  stubs.o ABSOLUTE
    _printf_wctomb                           0x00000000   Number         0  stubs.o ABSOLUTE
    _printf_widthprec                        0x00000000   Number         0  stubs.o ABSOLUTE
    _printf_x                                0x00000000   Number         0  stubs.o ABSOLUTE
    __cpp_initialize__aeabi_                  - Undefined Weak Reference
    __cxa_finalize                            - Undefined Weak Reference
    __decompress                              - Undefined Weak Reference
    _clock_init                               - Undefined Weak Reference
    _microlib_exit                            - Undefined Weak Reference
    __Vectors_Size                           0x00000184   Number         0  startup_stm32f207xx.o ABSOLUTE
    __Vectors                                0x08000000   Data           4  startup_stm32f207xx.o(RESET)
    __Vectors_End                            0x08000184   Data           0  startup_stm32f207xx.o(RESET)
    __main                                   0x08000185   Thumb Code     0  entry.o(.ARM.Collect$$$$00000000)
    _main_stk                                0x08000185   Thumb Code     0  entry2.o(.ARM.Collect$$$$00000001)
    _main_scatterload                        0x08000189   Thumb Code     0  entry5.o(.ARM.Collect$$$$00000004)
    __main_after_scatterload                 0x0800018d   Thumb Code     0  entry5.o(.ARM.Collect$$$$00000004)
    _main_clock                              0x0800018d   Thumb Code     0  entry7b.o(.ARM.Collect$$$$00000008)
    _main_cpp_init                           0x0800018d   Thumb Code     0  entry8b.o(.ARM.Collect$$$$0000000A)
    _main_init                               0x0800018d   Thumb Code     0  entry9a.o(.ARM.Collect$$$$0000000B)
    __rt_final_cpp                           0x08000195   Thumb Code     0  entry10a.o(.ARM.Collect$$$$0000000D)
    __rt_final_exit                          0x08000195   Thumb Code     0  entry11a.o(.ARM.Collect$$$$0000000F)
    Reset_Handler                            0x08000199   Thumb Code     8  startup_stm32f207xx.o(.text)
    ADC_IRQHandler                           0x080001b3   Thumb Code     0  startup_stm32f207xx.o(.text)
    CAN1_RX0_IRQHandler                      0x080001b3   Thumb Code     0  startup_stm32f207xx.o(.text)
    CAN1_RX1_IRQHandler                      0x080001b3   Thumb Code     0  startup_stm32f207xx.o(.text)
    CAN1_SCE_IRQHandler                      0x080001b3   Thumb Code     0  startup_stm32f207xx.o(.text)
    CAN1_TX_IRQHandler                       0x080001b3   Thumb Code     0  startup_stm32f207xx.o(.text)
    CAN2_RX0_IRQHandler                      0x080001b3   Thumb Code     0  startup_stm32f207xx.o(.text)
    CAN2_RX1_IRQHandler                      0x080001b3   Thumb Code     0  startup_stm32f207xx.o(.text)
    CAN2_SCE_IRQHandler                      0x080001b3   Thumb Code     0  startup_stm32f207xx.o(.text)
    CAN2_TX_IRQHandler                       0x080001b3   Thumb Code     0  startup_stm32f207xx.o(.text)
    DCMI_IRQHandler                          0x080001b3   Thumb Code     0  startup_stm32f207xx.o(.text)
    DMA1_Stream0_IRQHandler                  0x080001b3   Thumb Code     0  startup_stm32f207xx.o(.text)
    DMA1_Stream1_IRQHandler                  0x080001b3   Thumb Code     0  startup_stm32f207xx.o(.text)
    DMA1_Stream2_IRQHandler                  0x080001b3   Thumb Code     0  startup_stm32f207xx.o(.text)
    DMA1_Stream3_IRQHandler                  0x080001b3   Thumb Code     0  startup_stm32f207xx.o(.text)
    DMA1_Stream4_IRQHandler                  0x080001b3   Thumb Code     0  startup_stm32f207xx.o(.text)
    DMA1_Stream5_IRQHandler                  0x080001b3   Thumb Code     0  startup_stm32f207xx.o(.text)
    DMA1_Stream6_IRQHandler                  0x080001b3   Thumb Code     0  startup_stm32f207xx.o(.text)
    DMA1_Stream7_IRQHandler                  0x080001b3   Thumb Code     0  startup_stm32f207xx.o(.text)
    DMA2_Stream0_IRQHandler                  0x080001b3   Thumb Code     0  startup_stm32f207xx.o(.text)
    DMA2_Stream1_IRQHandler                  0x080001b3   Thumb Code     0  startup_stm32f207xx.o(.text)
    DMA2_Stream2_IRQHandler                  0x080001b3   Thumb Code     0  startup_stm32f207xx.o(.text)
    DMA2_Stream3_IRQHandler                  0x080001b3   Thumb Code     0  startup_stm32f207xx.o(.text)
    DMA2_Stream4_IRQHandler                  0x080001b3   Thumb Code     0  startup_stm32f207xx.o(.text)
    DMA2_Stream5_IRQHandler                  0x080001b3   Thumb Code     0  startup_stm32f207xx.o(.text)
    DMA2_Stream6_IRQHandler                  0x080001b3   Thumb Code     0  startup_stm32f207xx.o(.text)
    DMA2_Stream7_IRQHandler                  0x080001b3   Thumb Code     0  startup_stm32f207xx.o(.text)
    ETH_IRQHandler                           0x080001b3   Thumb Code     0  startup_stm32f207xx.o(.text)
    ETH_WKUP_IRQHandler                      0x080001b3   Thumb Code     0  startup_stm32f207xx.o(.text)
    EXTI15_10_IRQHandler                     0x080001b3   Thumb Code     0  startup_stm32f207xx.o(.text)
    EXTI1_IRQHandler                         0x080001b3   Thumb Code     0  startup_stm32f207xx.o(.text)
    EXTI2_IRQHandler                         0x080001b3   Thumb Code     0  startup_stm32f207xx.o(.text)
    EXTI3_IRQHandler                         0x080001b3   Thumb Code     0  startup_stm32f207xx.o(.text)
    EXTI4_IRQHandler                         0x080001b3   Thumb Code     0  startup_stm32f207xx.o(.text)
    EXTI9_5_IRQHandler                       0x080001b3   Thumb Code     0  startup_stm32f207xx.o(.text)
    FLASH_IRQHandler                         0x080001b3   Thumb Code     0  startup_stm32f207xx.o(.text)
    FSMC_IRQHandler                          0x080001b3   Thumb Code     0  startup_stm32f207xx.o(.text)
    HASH_RNG_IRQHandler                      0x080001b3   Thumb Code     0  startup_stm32f207xx.o(.text)
    I2C1_ER_IRQHandler                       0x080001b3   Thumb Code     0  startup_stm32f207xx.o(.text)
    I2C1_EV_IRQHandler                       0x080001b3   Thumb Code     0  startup_stm32f207xx.o(.text)
    I2C2_ER_IRQHandler                       0x080001b3   Thumb Code     0  startup_stm32f207xx.o(.text)
    I2C2_EV_IRQHandler                       0x080001b3   Thumb Code     0  startup_stm32f207xx.o(.text)
    I2C3_ER_IRQHandler                       0x080001b3   Thumb Code     0  startup_stm32f207xx.o(.text)
    I2C3_EV_IRQHandler                       0x080001b3   Thumb Code     0  startup_stm32f207xx.o(.text)
    OTG_FS_IRQHandler                        0x080001b3   Thumb Code     0  startup_stm32f207xx.o(.text)
    OTG_FS_WKUP_IRQHandler                   0x080001b3   Thumb Code     0  startup_stm32f207xx.o(.text)
    OTG_HS_EP1_IN_IRQHandler                 0x080001b3   Thumb Code     0  startup_stm32f207xx.o(.text)
    OTG_HS_EP1_OUT_IRQHandler                0x080001b3   Thumb Code     0  startup_stm32f207xx.o(.text)
    OTG_HS_IRQHandler                        0x080001b3   Thumb Code     0  startup_stm32f207xx.o(.text)
    OTG_HS_WKUP_IRQHandler                   0x080001b3   Thumb Code     0  startup_stm32f207xx.o(.text)
    PVD_IRQHandler                           0x080001b3   Thumb Code     0  startup_stm32f207xx.o(.text)
    RCC_IRQHandler                           0x080001b3   Thumb Code     0  startup_stm32f207xx.o(.text)
    RTC_Alarm_IRQHandler                     0x080001b3   Thumb Code     0  startup_stm32f207xx.o(.text)
    RTC_WKUP_IRQHandler                      0x080001b3   Thumb Code     0  startup_stm32f207xx.o(.text)
    SDIO_IRQHandler                          0x080001b3   Thumb Code     0  startup_stm32f207xx.o(.text)
    SPI1_IRQHandler                          0x080001b3   Thumb Code     0  startup_stm32f207xx.o(.text)
    SPI2_IRQHandler                          0x080001b3   Thumb Code     0  startup_stm32f207xx.o(.text)
    SPI3_IRQHandler                          0x080001b3   Thumb Code     0  startup_stm32f207xx.o(.text)
    TAMP_STAMP_IRQHandler                    0x080001b3   Thumb Code     0  startup_stm32f207xx.o(.text)
    TIM1_BRK_TIM9_IRQHandler                 0x080001b3   Thumb Code     0  startup_stm32f207xx.o(.text)
    TIM1_CC_IRQHandler                       0x080001b3   Thumb Code     0  startup_stm32f207xx.o(.text)
    TIM1_TRG_COM_TIM11_IRQHandler            0x080001b3   Thumb Code     0  startup_stm32f207xx.o(.text)
    TIM1_UP_TIM10_IRQHandler                 0x080001b3   Thumb Code     0  startup_stm32f207xx.o(.text)
    TIM3_IRQHandler                          0x080001b3   Thumb Code     0  startup_stm32f207xx.o(.text)
    TIM4_IRQHandler                          0x080001b3   Thumb Code     0  startup_stm32f207xx.o(.text)
    TIM5_IRQHandler                          0x080001b3   Thumb Code     0  startup_stm32f207xx.o(.text)
    TIM6_DAC_IRQHandler                      0x080001b3   Thumb Code     0  startup_stm32f207xx.o(.text)
    TIM7_IRQHandler                          0x080001b3   Thumb Code     0  startup_stm32f207xx.o(.text)
    TIM8_BRK_TIM12_IRQHandler                0x080001b3   Thumb Code     0  startup_stm32f207xx.o(.text)
    TIM8_CC_IRQHandler                       0x080001b3   Thumb Code     0  startup_stm32f207xx.o(.text)
    TIM8_TRG_COM_TIM14_IRQHandler            0x080001b3   Thumb Code     0  startup_stm32f207xx.o(.text)
    TIM8_UP_TIM13_IRQHandler                 0x080001b3   Thumb Code     0  startup_stm32f207xx.o(.text)
    UART4_IRQHandler                         0x080001b3   Thumb Code     0  startup_stm32f207xx.o(.text)
    UART5_IRQHandler                         0x080001b3   Thumb Code     0  startup_stm32f207xx.o(.text)
    USART1_IRQHandler                        0x080001b3   Thumb Code     0  startup_stm32f207xx.o(.text)
    USART2_IRQHandler                        0x080001b3   Thumb Code     0  startup_stm32f207xx.o(.text)
    USART3_IRQHandler                        0x080001b3   Thumb Code     0  startup_stm32f207xx.o(.text)
    USART6_IRQHandler                        0x080001b3   Thumb Code     0  startup_stm32f207xx.o(.text)
    WWDG_IRQHandler                          0x080001b3   Thumb Code     0  startup_stm32f207xx.o(.text)
    __aeabi_uldivmod                         0x080001bd   Thumb Code    98  uldiv.o(.text)
    rand                                     0x08000221   Thumb Code    20  rand.o(.text)
    srand                                    0x08000235   Thumb Code     6  rand.o(.text)
    __aeabi_memcpy                           0x08000245   Thumb Code    36  memcpya.o(.text)
    __aeabi_memcpy4                          0x08000245   Thumb Code     0  memcpya.o(.text)
    __aeabi_memcpy8                          0x08000245   Thumb Code     0  memcpya.o(.text)
    __aeabi_memset                           0x08000269   Thumb Code    14  memseta.o(.text)
    __aeabi_memset4                          0x08000269   Thumb Code     0  memseta.o(.text)
    __aeabi_memset8                          0x08000269   Thumb Code     0  memseta.o(.text)
    __aeabi_memclr                           0x08000277   Thumb Code     4  memseta.o(.text)
    __aeabi_memclr4                          0x08000277   Thumb Code     0  memseta.o(.text)
    __aeabi_memclr8                          0x08000277   Thumb Code     0  memseta.o(.text)
    _memset$wrapper                          0x0800027b   Thumb Code    18  memseta.o(.text)
    strstr                                   0x0800028d   Thumb Code    36  strstr.o(.text)
    strncpy                                  0x080002b1   Thumb Code    24  strncpy.o(.text)
    strchr                                   0x080002c9   Thumb Code    20  strchr.o(.text)
    strlen                                   0x080002dd   Thumb Code    14  strlen.o(.text)
    strcmp                                   0x080002eb   Thumb Code    28  strcmp.o(.text)
    memcmp                                   0x08000307   Thumb Code    26  memcmp.o(.text)
    strncmp                                  0x08000321   Thumb Code    30  strncmp.o(.text)
    atoi                                     0x0800033f   Thumb Code    26  atoi.o(.text)
    __aeabi_uidiv                            0x08000359   Thumb Code     0  uidiv.o(.text)
    __aeabi_uidivmod                         0x08000359   Thumb Code    44  uidiv.o(.text)
    __aeabi_llsl                             0x08000385   Thumb Code    30  llshl.o(.text)
    _ll_shift_l                              0x08000385   Thumb Code     0  llshl.o(.text)
    __aeabi_llsr                             0x080003a3   Thumb Code    32  llushr.o(.text)
    _ll_ushift_r                             0x080003a3   Thumb Code     0  llushr.o(.text)
    strtol                                   0x080003c3   Thumb Code   112  strtol.o(.text)
    __scatterload                            0x08000435   Thumb Code    28  init.o(.text)
    __scatterload_rt2                        0x08000435   Thumb Code     0  init.o(.text)
    __rt_ctype_table                         0x08000459   Thumb Code     4  ctype_o.o(.text)
    _strtoul                                 0x08000461   Thumb Code   158  _strtoul.o(.text)
    _chval                                   0x080004ff   Thumb Code    28  _chval.o(.text)
    BusFault_Handler                         0x0800051b   Thumb Code     2  stm32f2xx_it.o(i.BusFault_Handler)
    Button_Init                              0x0800051d   Thumb Code    64  main.o(i.Button_Init)
    CGI_Init                                 0x08000565   Thumb Code    18  app_http.o(i.CGI_Init)
    DHCP_Periodic_Handle                     0x08000581   Thumb Code    38  app_ethernet.o(i.DHCP_Periodic_Handle)
    DHCP_Process                             0x080005ad   Thumb Code   110  app_ethernet.o(i.DHCP_Process)
    DebugMon_Handler                         0x08000629   Thumb Code     2  stm32f2xx_it.o(i.DebugMon_Handler)
    EXTI0_IRQHandler                         0x080008a1   Thumb Code    78  stm32f2xx_it.o(i.EXTI0_IRQHandler)
    HAL_Delay                                0x080008fd   Thumb Code    28  stm32f2xx_hal.o(i.HAL_Delay)
    HAL_ETH_DMARxDescListInit                0x08000919   Thumb Code   110  stm32f2xx_hal_eth.o(i.HAL_ETH_DMARxDescListInit)
    HAL_ETH_DMATxDescListInit                0x08000987   Thumb Code   122  stm32f2xx_hal_eth.o(i.HAL_ETH_DMATxDescListInit)
    HAL_ETH_GetReceivedFrame                 0x08000a01   Thumb Code   126  stm32f2xx_hal_eth.o(i.HAL_ETH_GetReceivedFrame)
    HAL_ETH_Init                             0x08000a81   Thumb Code   514  stm32f2xx_hal_eth.o(i.HAL_ETH_Init)
    HAL_ETH_MspInit                          0x08000ca5   Thumb Code   136  ethernetif.o(i.HAL_ETH_MspInit)
    HAL_ETH_ReadPHYRegister                  0x08000d41   Thumb Code   130  stm32f2xx_hal_eth.o(i.HAL_ETH_ReadPHYRegister)
    HAL_ETH_Start                            0x08000dc3   Thumb Code    68  stm32f2xx_hal_eth.o(i.HAL_ETH_Start)
    HAL_ETH_TransmitFrame                    0x08000e07   Thumb Code   274  stm32f2xx_hal_eth.o(i.HAL_ETH_TransmitFrame)
    HAL_ETH_WritePHYRegister                 0x08000f19   Thumb Code   122  stm32f2xx_hal_eth.o(i.HAL_ETH_WritePHYRegister)
    HAL_GPIO_EXTI_Callback                   0x08000f93   Thumb Code     2  stm32f2xx_hal_gpio.o(i.HAL_GPIO_EXTI_Callback)
    HAL_GPIO_EXTI_IRQHandler                 0x08000f95   Thumb Code    18  stm32f2xx_hal_gpio.o(i.HAL_GPIO_EXTI_IRQHandler)
    HAL_GPIO_Init                            0x08000fad   Thumb Code   416  stm32f2xx_hal_gpio.o(i.HAL_GPIO_Init)
    HAL_GPIO_ReadPin                         0x0800117d   Thumb Code    14  stm32f2xx_hal_gpio.o(i.HAL_GPIO_ReadPin)
    HAL_GetTick                              0x0800118d   Thumb Code     6  stm32f2xx_hal.o(i.HAL_GetTick)
    HAL_IncTick                              0x08001199   Thumb Code    10  stm32f2xx_hal.o(i.HAL_IncTick)
    HAL_Init                                 0x080011a9   Thumb Code    48  stm32f2xx_hal.o(i.HAL_Init)
    HAL_InitTick                             0x080011dd   Thumb Code    34  stm32f2xx_hal.o(i.HAL_InitTick)
    HAL_MspInit                              0x08001205   Thumb Code   126  stm32f2xx_hal_msp.o(i.HAL_MspInit)
    HAL_NVIC_EnableIRQ                       0x08001289   Thumb Code    22  stm32f2xx_hal_cortex.o(i.HAL_NVIC_EnableIRQ)
    HAL_NVIC_SetPriority                     0x080012a1   Thumb Code    60  stm32f2xx_hal_cortex.o(i.HAL_NVIC_SetPriority)
    HAL_NVIC_SetPriorityGrouping             0x080012e1   Thumb Code    26  stm32f2xx_hal_cortex.o(i.HAL_NVIC_SetPriorityGrouping)
    HAL_RCC_ClockConfig                      0x08001305   Thumb Code   316  stm32f2xx_hal_rcc.o(i.HAL_RCC_ClockConfig)
    HAL_RCC_GetHCLKFreq                      0x08001451   Thumb Code     6  stm32f2xx_hal_rcc.o(i.HAL_RCC_GetHCLKFreq)
    HAL_RCC_GetSysClockFreq                  0x0800145d   Thumb Code    94  stm32f2xx_hal_rcc.o(i.HAL_RCC_GetSysClockFreq)
    HAL_RCC_OscConfig                        0x080014c9   Thumb Code   782  stm32f2xx_hal_rcc.o(i.HAL_RCC_OscConfig)
    HAL_SYSTICK_CLKSourceConfig              0x080017e9   Thumb Code    28  stm32f2xx_hal_cortex.o(i.HAL_SYSTICK_CLKSourceConfig)
    HAL_SYSTICK_Callback                     0x08001805   Thumb Code     2  stm32f2xx_hal_cortex.o(i.HAL_SYSTICK_Callback)
    HAL_SYSTICK_Config                       0x08001807   Thumb Code    40  stm32f2xx_hal_cortex.o(i.HAL_SYSTICK_Config)
    HAL_SYSTICK_IRQHandler                   0x0800182f   Thumb Code     8  stm32f2xx_hal_cortex.o(i.HAL_SYSTICK_IRQHandler)
    HAL_TIMEx_BreakCallback                  0x08001837   Thumb Code     2  stm32f2xx_hal_tim_ex.o(i.HAL_TIMEx_BreakCallback)
    HAL_TIMEx_CommutationCallback            0x08001839   Thumb Code     2  stm32f2xx_hal_tim_ex.o(i.HAL_TIMEx_CommutationCallback)
    HAL_TIMEx_MasterConfigSynchronization    0x0800183b   Thumb Code    80  stm32f2xx_hal_tim_ex.o(i.HAL_TIMEx_MasterConfigSynchronization)
    HAL_TIM_Base_Init                        0x0800188b   Thumb Code    56  stm32f2xx_hal_tim.o(i.HAL_TIM_Base_Init)
    HAL_TIM_Base_MspInit                     0x080018c5   Thumb Code    50  tim.o(i.HAL_TIM_Base_MspInit)
    HAL_TIM_ConfigClockSource                0x080018fd   Thumb Code   270  stm32f2xx_hal_tim.o(i.HAL_TIM_ConfigClockSource)
    HAL_TIM_IC_CaptureCallback               0x08001a0b   Thumb Code     2  stm32f2xx_hal_tim.o(i.HAL_TIM_IC_CaptureCallback)
    HAL_TIM_IRQHandler                       0x08001a0d   Thumb Code   366  stm32f2xx_hal_tim.o(i.HAL_TIM_IRQHandler)
    HAL_TIM_OC_DelayElapsedCallback          0x08001b7b   Thumb Code     2  stm32f2xx_hal_tim.o(i.HAL_TIM_OC_DelayElapsedCallback)
    HAL_TIM_PWM_PulseFinishedCallback        0x08001b7d   Thumb Code     2  stm32f2xx_hal_tim.o(i.HAL_TIM_PWM_PulseFinishedCallback)
    HAL_TIM_PeriodElapsedCallback            0x08001b7f   Thumb Code     2  stm32f2xx_hal_tim.o(i.HAL_TIM_PeriodElapsedCallback)
    HAL_TIM_TriggerCallback                  0x08001b81   Thumb Code     2  stm32f2xx_hal_tim.o(i.HAL_TIM_TriggerCallback)
    HardFault_Handler                        0x08001b83   Thumb Code     2  stm32f2xx_it.o(i.HardFault_Handler)
    MSGS_CGI_Handler                         0x08001b85   Thumb Code    58  app_http.o(i.MSGS_CGI_Handler)
    MX_GPIO_Init                             0x08001bd9   Thumb Code   110  gpio.o(i.MX_GPIO_Init)
    MX_LWIP_Init                             0x08001c55   Thumb Code    84  lwip.o(i.MX_LWIP_Init)
    MX_TIM2_Init                             0x08001cb9   Thumb Code   100  tim.o(i.MX_TIM2_Init)
    MemManage_Handler                        0x08001d31   Thumb Code     2  stm32f2xx_it.o(i.MemManage_Handler)
    NMI_Handler                              0x08001d33   Thumb Code     2  stm32f2xx_it.o(i.NMI_Handler)
    PendSV_Handler                           0x08001d55   Thumb Code     2  stm32f2xx_it.o(i.PendSV_Handler)
    SSI_Handler                              0x08001d59   Thumb Code   110  app_http.o(i.SSI_Handler)
    SSI_Init                                 0x08001dd1   Thumb Code    12  app_http.o(i.SSI_Init)
    SVC_Handler                              0x08001de5   Thumb Code     2  stm32f2xx_it.o(i.SVC_Handler)
    SysTick_Handler                          0x08001de7   Thumb Code    14  stm32f2xx_it.o(i.SysTick_Handler)
    SystemClock_Config                       0x08001df5   Thumb Code   104  main.o(i.SystemClock_Config)
    SystemInit                               0x08001e6d   Thumb Code    54  system_stm32f2xx.o(i.SystemInit)
    TIM2_IRQHandler                          0x08001eb5   Thumb Code     6  stm32f2xx_it.o(i.TIM2_IRQHandler)
    TIM_Base_SetConfig                       0x08001ec1   Thumb Code   160  stm32f2xx_hal_tim.o(i.TIM_Base_SetConfig)
    UsageFault_Handler                       0x08001ff7   Thumb Code     2  stm32f2xx_it.o(i.UsageFault_Handler)
    User_notification                        0x08001ff9   Thumb Code    52  app_ethernet.o(i.User_notification)
    _Error_Handler                           0x08002031   Thumb Code     2  main.o(i._Error_Handler)
    __0sprintf$1                             0x08002035   Thumb Code    34  printf1.o(i.__0sprintf$1)
    __1sprintf$1                             0x08002035   Thumb Code     0  printf1.o(i.__0sprintf$1)
    __2sprintf                               0x08002035   Thumb Code     0  printf1.o(i.__0sprintf$1)
    __aeabi_errno_addr                       0x0800205d   Thumb Code     4  errno.o(i.__aeabi_errno_addr)
    __rt_errno_addr                          0x0800205d   Thumb Code     0  errno.o(i.__aeabi_errno_addr)
    __scatterload_copy                       0x08002065   Thumb Code    14  handlers.o(i.__scatterload_copy)
    __scatterload_null                       0x08002073   Thumb Code     2  handlers.o(i.__scatterload_null)
    __scatterload_zeroinit                   0x08002075   Thumb Code    14  handlers.o(i.__scatterload_zeroinit)
    dhcp_arp_reply                           0x08002201   Thumb Code    30  dhcp.o(i.dhcp_arp_reply)
    dhcp_coarse_tmr                          0x08002331   Thumb Code    96  dhcp.o(i.dhcp_coarse_tmr)
    dhcp_fine_tmr                            0x08002659   Thumb Code    46  dhcp.o(i.dhcp_fine_tmr)
    dhcp_release                             0x08002de5   Thumb Code   162  dhcp.o(i.dhcp_release)
    dhcp_renew                               0x08002e91   Thumb Code   184  dhcp.o(i.dhcp_renew)
    dhcp_start                               0x08003061   Thumb Code   114  dhcp.o(i.dhcp_start)
    dhcp_stop                                0x080030d3   Thumb Code    36  dhcp.o(i.dhcp_stop)
    dhcp_supplied_address                    0x080030f7   Thumb Code    30  dhcp.o(i.dhcp_supplied_address)
    etharp_cleanup_netif                     0x08003209   Thumb Code    42  etharp.o(i.etharp_cleanup_netif)
    etharp_input                             0x08003359   Thumb Code   198  etharp.o(i.etharp_input)
    etharp_output                            0x08003421   Thumb Code   230  etharp.o(i.etharp_output)
    etharp_query                             0x08003581   Thumb Code   268  etharp.o(i.etharp_query)
    etharp_request                           0x08003721   Thumb Code     6  etharp.o(i.etharp_request)
    etharp_tmr                               0x0800374d   Thumb Code    92  etharp.o(i.etharp_tmr)
    ethernet_input                           0x08003831   Thumb Code   158  ethernet.o(i.ethernet_input)
    ethernet_output                          0x080038d5   Thumb Code    76  ethernet.o(i.ethernet_output)
    ethernetif_init                          0x08003921   Thumb Code    34  ethernetif.o(i.ethernetif_init)
    ethernetif_input                         0x0800395d   Thumb Code    40  ethernetif.o(i.ethernetif_input)
    fs_bytes_left                            0x080039eb   Thumb Code     8  fs.o(i.fs_bytes_left)
    fs_close                                 0x080039f3   Thumb Code     2  fs.o(i.fs_close)
    fs_open                                  0x080039f5   Thumb Code    66  fs.o(i.fs_open)
    http_set_cgi_handlers                    0x0800440d   Thumb Code     8  httpd.o(i.http_set_cgi_handlers)
    http_set_ssi_handler                     0x08004419   Thumb Code    10  httpd.o(i.http_set_ssi_handler)
    httpd_init                               0x08004521   Thumb Code    46  httpd.o(i.httpd_init)
    icmp_dest_unreach                        0x08004559   Thumb Code     8  icmp.o(i.icmp_dest_unreach)
    icmp_input                               0x08004561   Thumb Code   282  icmp.o(i.icmp_input)
    icmp_time_exceeded                       0x080046ed   Thumb Code     8  icmp.o(i.icmp_time_exceeded)
    ip4_addr_isbroadcast_u32                 0x080046f5   Thumb Code    64  ip4_addr.o(i.ip4_addr_isbroadcast_u32)
    ip4_frag                                 0x08004735   Thumb Code   380  ip4_frag.o(i.ip4_frag)
    ip4_input                                0x080048b5   Thumb Code   474  ip4.o(i.ip4_input)
    ip4_output_if                            0x08004a99   Thumb Code    34  ip4.o(i.ip4_output_if)
    ip4_output_if_src                        0x08004abd   Thumb Code   166  ip4.o(i.ip4_output_if_src)
    ip4_reass                                0x08004b6d   Thumb Code   350  ip4_frag.o(i.ip4_reass)
    ip4_route                                0x08004cd1   Thumb Code    84  ip4.o(i.ip4_route)
    ip_reass_tmr                             0x08004fa5   Thumb Code    40  ip4_frag.o(i.ip_reass_tmr)
    lwip_htonl                               0x08005265   Thumb Code    24  def.o(i.lwip_htonl)
    lwip_htons                               0x0800527d   Thumb Code    10  def.o(i.lwip_htons)
    lwip_init                                0x08005287   Thumb Code    30  init.o(i.lwip_init)
    lwip_stricmp                             0x080052a5   Thumb Code    50  def.o(i.lwip_stricmp)
    lwip_strnstr                             0x080052d7   Thumb Code    68  def.o(i.lwip_strnstr)
    main                                     0x0800531d   Thumb Code   138  main.o(i.main)
    mem_free                                 0x080053b5   Thumb Code    38  mem.o(i.mem_free)
    mem_init                                 0x080053e1   Thumb Code    42  mem.o(i.mem_init)
    mem_malloc                               0x08005415   Thumb Code   178  mem.o(i.mem_malloc)
    mem_trim                                 0x080054cd   Thumb Code   198  mem.o(i.mem_trim)
    memp_free                                0x08005599   Thumb Code    20  memp.o(i.memp_free)
    memp_init                                0x080055b1   Thumb Code    24  memp.o(i.memp_init)
    memp_init_pool                           0x080055cd   Thumb Code    42  memp.o(i.memp_init_pool)
    memp_malloc                              0x080055f9   Thumb Code    18  memp.o(i.memp_malloc)
    netif_add                                0x08005611   Thumb Code    74  netif.o(i.netif_add)
    netif_init                               0x08005661   Thumb Code     2  netif.o(i.netif_init)
    netif_set_addr                           0x0800567d   Thumb Code    76  netif.o(i.netif_set_addr)
    netif_set_default                        0x080056c9   Thumb Code     6  netif.o(i.netif_set_default)
    netif_set_down                           0x080056d5   Thumb Code    26  netif.o(i.netif_set_down)
    netif_set_gw                             0x080056ef   Thumb Code    14  netif.o(i.netif_set_gw)
    netif_set_ipaddr                         0x080056fd   Thumb Code    66  netif.o(i.netif_set_ipaddr)
    netif_set_netmask                        0x08005745   Thumb Code    14  netif.o(i.netif_set_netmask)
    netif_set_up                             0x08005753   Thumb Code    28  netif.o(i.netif_set_up)
    pbuf_alloc                               0x0800576f   Thumb Code   312  pbuf.o(i.pbuf_alloc)
    pbuf_alloced_custom                      0x080058a7   Thumb Code    92  pbuf.o(i.pbuf_alloced_custom)
    pbuf_cat                                 0x08005903   Thumb Code    40  pbuf.o(i.pbuf_cat)
    pbuf_chain                               0x0800592b   Thumb Code    20  pbuf.o(i.pbuf_chain)
    pbuf_clen                                0x0800593f   Thumb Code    18  pbuf.o(i.pbuf_clen)
    pbuf_copy                                0x08005951   Thumb Code   160  pbuf.o(i.pbuf_copy)
    pbuf_copy_partial                        0x080059f1   Thumb Code   108  pbuf.o(i.pbuf_copy_partial)
    pbuf_free                                0x08005a5d   Thumb Code    94  pbuf.o(i.pbuf_free)
    pbuf_free_ooseq                          0x08005abd   Thumb Code    36  pbuf.o(i.pbuf_free_ooseq)
    pbuf_header                              0x08005ae9   Thumb Code     6  pbuf.o(i.pbuf_header)
    pbuf_header_force                        0x08005aef   Thumb Code     6  pbuf.o(i.pbuf_header_force)
    pbuf_realloc                             0x08005b75   Thumb Code    84  pbuf.o(i.pbuf_realloc)
    pbuf_ref                                 0x08005bc9   Thumb Code    12  pbuf.o(i.pbuf_ref)
    sendstring                               0x08005c29   Thumb Code    56  net.o(i.sendstring)
    sys_check_timeouts                       0x08005c69   Thumb Code    86  timeouts.o(i.sys_check_timeouts)
    sys_now                                  0x08005cc9   Thumb Code     4  ethernetif.o(i.sys_now)
    sys_timeout                              0x08005ccd   Thumb Code   152  timeouts.o(i.sys_timeout)
    sys_timeouts_init                        0x08005d69   Thumb Code    36  timeouts.o(i.sys_timeouts_init)
    tcp_abandon                              0x08005d99   Thumb Code   208  tcp.o(i.tcp_abandon)
    tcp_abort                                0x08005e6d   Thumb Code     6  tcp.o(i.tcp_abort)
    tcp_accept                               0x08005e73   Thumb Code    14  tcp.o(i.tcp_accept)
    tcp_alloc                                0x08005e91   Thumb Code   166  tcp.o(i.tcp_alloc)
    tcp_arg                                  0x08005f45   Thumb Code     8  tcp.o(i.tcp_arg)
    tcp_bind                                 0x08005f4d   Thumb Code   136  tcp.o(i.tcp_bind)
    tcp_close                                0x08005fe1   Thumb Code    20  tcp.o(i.tcp_close)
    tcp_eff_send_mss_impl                    0x080061f9   Thumb Code    38  tcp.o(i.tcp_eff_send_mss_impl)
    tcp_enqueue_flags                        0x0800621f   Thumb Code   176  tcp_out.o(i.tcp_enqueue_flags)
    tcp_err                                  0x080062cf   Thumb Code    10  tcp.o(i.tcp_err)
    tcp_fasttmr                              0x080062d9   Thumb Code    84  tcp.o(i.tcp_fasttmr)
    tcp_init                                 0x08006361   Thumb Code     2  tcp.o(i.tcp_init)
    tcp_input                                0x08006365   Thumb Code   882  tcp_in.o(i.tcp_input)
    tcp_keepalive                            0x080066f1   Thumb Code    82  tcp_out.o(i.tcp_keepalive)
    tcp_listen_with_backlog                  0x08006909   Thumb Code   132  tcp.o(i.tcp_listen_with_backlog)
    tcp_netif_ip_addr_changed                0x08006995   Thumb Code    74  tcp.o(i.tcp_netif_ip_addr_changed)
    tcp_new                                  0x08006a07   Thumb Code     6  tcp.o(i.tcp_new)
    tcp_new_ip_type                          0x08006a0d   Thumb Code     6  tcp.o(i.tcp_new_ip_type)
    tcp_next_iss                             0x08006a6d   Thumb Code    12  tcp.o(i.tcp_next_iss)
    tcp_output                               0x08006af9   Thumb Code   460  tcp_out.o(i.tcp_output)
    tcp_pcb_purge                            0x08006ea3   Thumb Code    66  tcp.o(i.tcp_pcb_purge)
    tcp_pcb_remove                           0x08006ee5   Thumb Code    80  tcp.o(i.tcp_pcb_remove)
    tcp_poll                                 0x08006f35   Thumb Code     8  tcp.o(i.tcp_poll)
    tcp_process_refused_data                 0x08007379   Thumb Code   114  tcp.o(i.tcp_process_refused_data)
    tcp_recv                                 0x08007b11   Thumb Code    10  tcp.o(i.tcp_recv)
    tcp_recv_null                            0x08007b1b   Thumb Code    38  tcp.o(i.tcp_recv_null)
    tcp_recved                               0x08007b41   Thumb Code    70  tcp.o(i.tcp_recved)
    tcp_rexmit                               0x08007b9b   Thumb Code    80  tcp_out.o(i.tcp_rexmit)
    tcp_rexmit_fast                          0x08007beb   Thumb Code    98  tcp_out.o(i.tcp_rexmit_fast)
    tcp_rexmit_rto                           0x08007c4d   Thumb Code    46  tcp_out.o(i.tcp_rexmit_rto)
    tcp_rst                                  0x08007c7b   Thumb Code   134  tcp_out.o(i.tcp_rst)
    tcp_seg_copy                             0x08007d01   Thumb Code    38  tcp.o(i.tcp_seg_copy)
    tcp_seg_free                             0x08007d27   Thumb Code    30  tcp.o(i.tcp_seg_free)
    tcp_segs_free                            0x08007d45   Thumb Code    18  tcp.o(i.tcp_segs_free)
    tcp_send_empty_ack                       0x08007d57   Thumb Code   110  tcp_out.o(i.tcp_send_empty_ack)
    tcp_send_fin                             0x08007dc5   Thumb Code    72  tcp_out.o(i.tcp_send_fin)
    tcp_sent                                 0x08007e0d   Thumb Code     8  tcp.o(i.tcp_sent)
    tcp_server_init                          0x08007ee1   Thumb Code    58  net.o(i.tcp_server_init)
    tcp_setprio                              0x080080d5   Thumb Code     4  tcp.o(i.tcp_setprio)
    tcp_slowtmr                              0x080080d9   Thumb Code   642  tcp.o(i.tcp_slowtmr)
    tcp_timer_needed                         0x0800836d   Thumb Code    36  timeouts.o(i.tcp_timer_needed)
    tcp_tmr                                  0x08008409   Thumb Code    28  tcp.o(i.tcp_tmr)
    tcp_trigger_input_pcb_close              0x08008429   Thumb Code    12  tcp_in.o(i.tcp_trigger_input_pcb_close)
    tcp_update_rcv_ann_wnd                   0x08008439   Thumb Code    54  tcp.o(i.tcp_update_rcv_ann_wnd)
    tcp_write                                0x0800846f   Thumb Code   700  tcp_out.o(i.tcp_write)
    tcp_zero_window_probe                    0x08008779   Thumb Code   196  tcp_out.o(i.tcp_zero_window_probe)
    udp_bind                                 0x08008875   Thumb Code   124  udp.o(i.udp_bind)
    udp_connect                              0x080088f9   Thumb Code    80  udp.o(i.udp_connect)
    udp_init                                 0x0800894d   Thumb Code     2  udp.o(i.udp_init)
    udp_input                                0x08008951   Thumb Code   306  udp.o(i.udp_input)
    udp_netif_ip_addr_changed                0x08008ac5   Thumb Code    48  udp.o(i.udp_netif_ip_addr_changed)
    udp_new                                  0x08008af9   Thumb Code    28  udp.o(i.udp_new)
    udp_recv                                 0x08008b5d   Thumb Code     6  udp.o(i.udp_recv)
    udp_remove                               0x08008b65   Thumb Code    42  udp.o(i.udp_remove)
    udp_sendto_if                            0x08008b95   Thumb Code    60  udp.o(i.udp_sendto_if)
    udp_sendto_if_src                        0x08008bd1   Thumb Code   168  udp.o(i.udp_sendto_if_src)
    AHBPrescTable                            0x08008ca0   Data          16  system_stm32f2xx.o(.constdata)
    ethbroadcast                             0x08008cb0   Data           6  ethernet.o(.constdata)
    ethzero                                  0x08008cb6   Data           6  ethernet.o(.constdata)
    memp_UDP_PCB                             0x08008cbc   Data          12  memp.o(.constdata)
    memp_TCP_PCB                             0x08008cc8   Data          12  memp.o(.constdata)
    memp_TCP_PCB_LISTEN                      0x08008cd4   Data          12  memp.o(.constdata)
    memp_TCP_SEG                             0x08008ce0   Data          12  memp.o(.constdata)
    memp_REASSDATA                           0x08008cec   Data          12  memp.o(.constdata)
    memp_FRAG_PBUF                           0x08008cf8   Data          12  memp.o(.constdata)
    memp_SYS_TIMEOUT                         0x08008d04   Data          12  memp.o(.constdata)
    memp_PBUF                                0x08008d10   Data          12  memp.o(.constdata)
    memp_PBUF_POOL                           0x08008d1c   Data          12  memp.o(.constdata)
    memp_pools                               0x08008d28   Data          36  memp.o(.constdata)
    tcp_pcb_lists                            0x08008d90   Data          16  tcp.o(.constdata)
    lwip_cyclic_timers                       0x08008da0   Data          40  timeouts.o(.constdata)
    ip_addr_any                              0x08008dc8   Data           4  ip4_addr.o(.constdata)
    ip_addr_broadcast                        0x08008dcc   Data           4  ip4_addr.o(.constdata)
    g_pcTagLeadIn                            0x08008dd0   Data           4  httpd.o(.constdata)
    g_pcTagLeadOut                           0x08008dd4   Data           4  httpd.o(.constdata)
    g_psDefaultFilenames                     0x08008de8   Data          40  httpd.o(.constdata)
    file__img_sics_gif                       0x0800a254   Data          20  fs.o(.constdata)
    file__404_html                           0x0800a268   Data          20  fs.o(.constdata)
    file__counter_shtml                      0x0800a27c   Data          20  fs.o(.constdata)
    file__index_html                         0x0800a290   Data          20  fs.o(.constdata)
    file__send_html                          0x0800a2a4   Data          20  fs.o(.constdata)
    __ctype_table                            0x0800a2b8   Data         129  ctype_o.o(.constdata)
    Region$$Table$$Base                      0x0800a440   Number         0  anon$$obj.o(Region$$Table)
    Region$$Table$$Limit                     0x0800a460   Number         0  anon$$obj.o(Region$$Table)
    server_pcb                               0x20000000   Data           4  net.o(.data)
    ss                                       0x20000004   Data           4  net.o(.data)
    DHCP_state                               0x20000008   Data           1  app_ethernet.o(.data)
    DHCPfineTimer                            0x2000000c   Data           4  lwip.o(.data)
    ipaddr                                   0x20000010   Data           4  lwip.o(.data)
    netmask                                  0x20000014   Data           4  lwip.o(.data)
    gw                                       0x20000018   Data           4  lwip.o(.data)
    ETH_status                               0x2000001c   Data           2  stm32f2xx_it.o(.data)
    http_var1                                0x20000030   Data           2  app_http.o(.data)
    uwTick                                   0x20000044   Data           4  stm32f2xx_hal.o(.data)
    SystemCoreClock                          0x20000048   Data           4  system_stm32f2xx.o(.data)
    netif_list                               0x20000080   Data           4  netif.o(.data)
    netif_default                            0x20000084   Data           4  netif.o(.data)
    pbuf_free_ooseq_pending                  0x20000088   Data           1  pbuf.o(.data)
    tcp_active_pcbs_changed                  0x2000008c   Data           1  tcp.o(.data)
    tcp_ticks                                0x20000098   Data           4  tcp.o(.data)
    tcp_bound_pcbs                           0x2000009c   Data           4  tcp.o(.data)
    tcp_listen_pcbs                          0x200000a0   Data           4  tcp.o(.data)
    tcp_active_pcbs                          0x200000a4   Data           4  tcp.o(.data)
    tcp_tw_pcbs                              0x200000a8   Data           4  tcp.o(.data)
    tcp_input_pcb                            0x200000cc   Data           4  tcp_in.o(.data)
    udp_pcbs                                 0x200000e0   Data           4  udp.o(.data)
    g_pfnSSIHandler                          0x20000100   Data           4  httpd.o(.data)
    g_iNumTags                               0x20000104   Data           4  httpd.o(.data)
    g_ppcTags                                0x20000108   Data           4  httpd.o(.data)
    g_pCGIs                                  0x2000010c   Data           4  httpd.o(.data)
    g_iNumCGIs                               0x20000110   Data           4  httpd.o(.data)
    http_cgi_paramcount                      0x20000114   Data           4  httpd.o(.data)
    input_str                                0x20000120   Data         100  net.o(.bss)
    gnetif                                   0x20000184   Data          60  lwip.o(.bss)
    DMARxDscrTab                             0x200001c0   Data         128  ethernetif.o(.bss)
    DMATxDscrTab                             0x20000240   Data         128  ethernetif.o(.bss)
    Rx_Buff                                  0x200002c0   Data        6096  ethernetif.o(.bss)
    Tx_Buff                                  0x20001a90   Data        6096  ethernetif.o(.bss)
    heth                                     0x20003260   Data          72  ethernetif.o(.bss)
    htim2                                    0x200032a8   Data          64  tim.o(.bss)
    ip_data                                  0x200032e8   Data          24  ip.o(.bss)
    ram_heap                                 0x20003300   Data        1619  mem.o(.bss)
    memp_memory_UDP_PCB_base                 0x20003953   Data         131  memp.o(.bss)
    memp_memory_TCP_PCB_base                 0x200039d6   Data         763  memp.o(.bss)
    memp_memory_TCP_PCB_LISTEN_base          0x20003cd1   Data         227  memp.o(.bss)
    memp_memory_TCP_SEG_base                 0x20003db4   Data         387  memp.o(.bss)
    memp_memory_REASSDATA_base               0x20003f37   Data         163  memp.o(.bss)
    memp_memory_FRAG_PBUF_base               0x20003fda   Data         363  memp.o(.bss)
    memp_memory_SYS_TIMEOUT_base             0x20004145   Data          83  memp.o(.bss)
    memp_memory_PBUF_base                    0x20004198   Data         259  memp.o(.bss)
    memp_memory_PBUF_POOL_base               0x2000429b   Data        8515  memp.o(.bss)
    dhcp_rx_options_val                      0x200063f0   Data          40  dhcp.o(.bss)
    dhcp_rx_options_given                    0x20006418   Data          10  dhcp.o(.bss)
    __initial_sp                             0x2000a958   Data           0  startup_stm32f207xx.o(STACK)



==============================================================================

Memory Map of the image

  Image Entry point : 0x08000185

  Load Region LR_IROM1 (Base: 0x08000000, Size: 0x0000a580, Max: 0x00100000, ABSOLUTE)

    Execution Region ER_IROM1 (Base: 0x08000000, Size: 0x0000a460, Max: 0x00100000, ABSOLUTE)

    Base Addr    Size         Type   Attr      Idx    E Section Name        Object

    0x08000000   0x00000184   Data   RO            3    RESET               startup_stm32f207xx.o
    0x08000184   0x00000000   Code   RO         6160  * .ARM.Collect$$$$00000000  mc_w.l(entry.o)
    0x08000184   0x00000004   Code   RO         6451    .ARM.Collect$$$$00000001  mc_w.l(entry2.o)
    0x08000188   0x00000004   Code   RO         6454    .ARM.Collect$$$$00000004  mc_w.l(entry5.o)
    0x0800018c   0x00000000   Code   RO         6456    .ARM.Collect$$$$00000008  mc_w.l(entry7b.o)
    0x0800018c   0x00000000   Code   RO         6458    .ARM.Collect$$$$0000000A  mc_w.l(entry8b.o)
    0x0800018c   0x00000008   Code   RO         6459    .ARM.Collect$$$$0000000B  mc_w.l(entry9a.o)
    0x08000194   0x00000000   Code   RO         6461    .ARM.Collect$$$$0000000D  mc_w.l(entry10a.o)
    0x08000194   0x00000000   Code   RO         6463    .ARM.Collect$$$$0000000F  mc_w.l(entry11a.o)
    0x08000194   0x00000004   Code   RO         6452    .ARM.Collect$$$$00002712  mc_w.l(entry2.o)
    0x08000198   0x00000024   Code   RO            4    .text               startup_stm32f207xx.o
    0x080001bc   0x00000062   Code   RO         6163    .text               mc_w.l(uldiv.o)
    0x0800021e   0x00000002   PAD
    0x08000220   0x00000024   Code   RO         6165    .text               mc_w.l(rand.o)
    0x08000244   0x00000024   Code   RO         6168    .text               mc_w.l(memcpya.o)
    0x08000268   0x00000024   Code   RO         6170    .text               mc_w.l(memseta.o)
    0x0800028c   0x00000024   Code   RO         6172    .text               mc_w.l(strstr.o)
    0x080002b0   0x00000018   Code   RO         6174    .text               mc_w.l(strncpy.o)
    0x080002c8   0x00000014   Code   RO         6176    .text               mc_w.l(strchr.o)
    0x080002dc   0x0000000e   Code   RO         6178    .text               mc_w.l(strlen.o)
    0x080002ea   0x0000001c   Code   RO         6180    .text               mc_w.l(strcmp.o)
    0x08000306   0x0000001a   Code   RO         6182    .text               mc_w.l(memcmp.o)
    0x08000320   0x0000001e   Code   RO         6184    .text               mc_w.l(strncmp.o)
    0x0800033e   0x0000001a   Code   RO         6449    .text               mc_w.l(atoi.o)
    0x08000358   0x0000002c   Code   RO         6468    .text               mc_w.l(uidiv.o)
    0x08000384   0x0000001e   Code   RO         6470    .text               mc_w.l(llshl.o)
    0x080003a2   0x00000020   Code   RO         6472    .text               mc_w.l(llushr.o)
    0x080003c2   0x00000070   Code   RO         6481    .text               mc_w.l(strtol.o)
    0x08000432   0x00000002   PAD
    0x08000434   0x00000024   Code   RO         6494    .text               mc_w.l(init.o)
    0x08000458   0x00000008   Code   RO         6499    .text               mc_w.l(ctype_o.o)
    0x08000460   0x0000009e   Code   RO         6527    .text               mc_w.l(_strtoul.o)
    0x080004fe   0x0000001c   Code   RO         6532    .text               mc_w.l(_chval.o)
    0x0800051a   0x00000002   Code   RO          681    i.BusFault_Handler  stm32f2xx_it.o
    0x0800051c   0x00000048   Code   RO          400    i.Button_Init       main.o
    0x08000564   0x0000001c   Code   RO          796    i.CGI_Init          app_http.o
    0x08000580   0x0000002c   Code   RO          303    i.DHCP_Periodic_Handle  app_ethernet.o
    0x080005ac   0x0000007c   Code   RO          304    i.DHCP_Process      app_ethernet.o
    0x08000628   0x00000002   Code   RO          682    i.DebugMon_Handler  stm32f2xx_it.o
    0x0800062a   0x00000010   Code   RO          849    i.ETH_DMAReceptionEnable  stm32f2xx_hal_eth.o
    0x0800063a   0x00000010   Code   RO          851    i.ETH_DMATransmissionEnable  stm32f2xx_hal_eth.o
    0x0800064a   0x00000002   PAD
    0x0800064c   0x00000024   Code   RO          852    i.ETH_Delay         stm32f2xx_hal_eth.o
    0x08000670   0x0000002e   Code   RO          853    i.ETH_FlushTransmitFIFO  stm32f2xx_hal_eth.o
    0x0800069e   0x00000002   PAD
    0x080006a0   0x0000002c   Code   RO          854    i.ETH_MACAddressConfig  stm32f2xx_hal_eth.o
    0x080006cc   0x00000190   Code   RO          855    i.ETH_MACDMAConfig  stm32f2xx_hal_eth.o
    0x0800085c   0x00000022   Code   RO          857    i.ETH_MACReceptionEnable  stm32f2xx_hal_eth.o
    0x0800087e   0x00000022   Code   RO          859    i.ETH_MACTransmissionEnable  stm32f2xx_hal_eth.o
    0x080008a0   0x0000005c   Code   RO          683    i.EXTI0_IRQHandler  stm32f2xx_it.o
    0x080008fc   0x0000001c   Code   RO         1933    i.HAL_Delay         stm32f2xx_hal.o
    0x08000918   0x0000006e   Code   RO          862    i.HAL_ETH_DMARxDescListInit  stm32f2xx_hal_eth.o
    0x08000986   0x0000007a   Code   RO          863    i.HAL_ETH_DMATxDescListInit  stm32f2xx_hal_eth.o
    0x08000a00   0x0000007e   Code   RO          866    i.HAL_ETH_GetReceivedFrame  stm32f2xx_hal_eth.o
    0x08000a7e   0x00000002   PAD
    0x08000a80   0x00000224   Code   RO          870    i.HAL_ETH_Init      stm32f2xx_hal_eth.o
    0x08000ca4   0x0000009c   Code   RO          565    i.HAL_ETH_MspInit   ethernetif.o
    0x08000d40   0x00000082   Code   RO          873    i.HAL_ETH_ReadPHYRegister  stm32f2xx_hal_eth.o
    0x08000dc2   0x00000044   Code   RO          875    i.HAL_ETH_Start     stm32f2xx_hal_eth.o
    0x08000e06   0x00000112   Code   RO          877    i.HAL_ETH_TransmitFrame  stm32f2xx_hal_eth.o
    0x08000f18   0x0000007a   Code   RO          879    i.HAL_ETH_WritePHYRegister  stm32f2xx_hal_eth.o
    0x08000f92   0x00000002   Code   RO         2732    i.HAL_GPIO_EXTI_Callback  stm32f2xx_hal_gpio.o
    0x08000f94   0x00000018   Code   RO         2733    i.HAL_GPIO_EXTI_IRQHandler  stm32f2xx_hal_gpio.o
    0x08000fac   0x000001d0   Code   RO         2734    i.HAL_GPIO_Init     stm32f2xx_hal_gpio.o
    0x0800117c   0x0000000e   Code   RO         2736    i.HAL_GPIO_ReadPin  stm32f2xx_hal_gpio.o
    0x0800118a   0x00000002   PAD
    0x0800118c   0x0000000c   Code   RO         1939    i.HAL_GetTick       stm32f2xx_hal.o
    0x08001198   0x00000010   Code   RO         1941    i.HAL_IncTick       stm32f2xx_hal.o
    0x080011a8   0x00000034   Code   RO         1942    i.HAL_Init          stm32f2xx_hal.o
    0x080011dc   0x00000028   Code   RO         1943    i.HAL_InitTick      stm32f2xx_hal.o
    0x08001204   0x00000084   Code   RO          772    i.HAL_MspInit       stm32f2xx_hal_msp.o
    0x08001288   0x00000016   Code   RO         2216    i.HAL_NVIC_EnableIRQ  stm32f2xx_hal_cortex.o
    0x0800129e   0x00000002   PAD
    0x080012a0   0x00000040   Code   RO         2222    i.HAL_NVIC_SetPriority  stm32f2xx_hal_cortex.o
    0x080012e0   0x00000024   Code   RO         2223    i.HAL_NVIC_SetPriorityGrouping  stm32f2xx_hal_cortex.o
    0x08001304   0x0000014c   Code   RO         2080    i.HAL_RCC_ClockConfig  stm32f2xx_hal_rcc.o
    0x08001450   0x0000000c   Code   RO         2085    i.HAL_RCC_GetHCLKFreq  stm32f2xx_hal_rcc.o
    0x0800145c   0x0000006c   Code   RO         2089    i.HAL_RCC_GetSysClockFreq  stm32f2xx_hal_rcc.o
    0x080014c8   0x00000320   Code   RO         2092    i.HAL_RCC_OscConfig  stm32f2xx_hal_rcc.o
    0x080017e8   0x0000001c   Code   RO         2225    i.HAL_SYSTICK_CLKSourceConfig  stm32f2xx_hal_cortex.o
    0x08001804   0x00000002   Code   RO         2226    i.HAL_SYSTICK_Callback  stm32f2xx_hal_cortex.o
    0x08001806   0x00000028   Code   RO         2227    i.HAL_SYSTICK_Config  stm32f2xx_hal_cortex.o
    0x0800182e   0x00000008   Code   RO         2228    i.HAL_SYSTICK_IRQHandler  stm32f2xx_hal_cortex.o
    0x08001836   0x00000002   Code   RO         1687    i.HAL_TIMEx_BreakCallback  stm32f2xx_hal_tim_ex.o
    0x08001838   0x00000002   Code   RO         1688    i.HAL_TIMEx_CommutationCallback  stm32f2xx_hal_tim_ex.o
    0x0800183a   0x00000050   Code   RO         1704    i.HAL_TIMEx_MasterConfigSynchronization  stm32f2xx_hal_tim_ex.o
    0x0800188a   0x00000038   Code   RO         1048    i.HAL_TIM_Base_Init  stm32f2xx_hal_tim.o
    0x080018c2   0x00000002   PAD
    0x080018c4   0x00000038   Code   RO          640    i.HAL_TIM_Base_MspInit  tim.o
    0x080018fc   0x0000010e   Code   RO         1057    i.HAL_TIM_ConfigClockSource  stm32f2xx_hal_tim.o
    0x08001a0a   0x00000002   Code   RO         1077    i.HAL_TIM_IC_CaptureCallback  stm32f2xx_hal_tim.o
    0x08001a0c   0x0000016e   Code   RO         1090    i.HAL_TIM_IRQHandler  stm32f2xx_hal_tim.o
    0x08001b7a   0x00000002   Code   RO         1093    i.HAL_TIM_OC_DelayElapsedCallback  stm32f2xx_hal_tim.o
    0x08001b7c   0x00000002   Code   RO         1120    i.HAL_TIM_PWM_PulseFinishedCallback  stm32f2xx_hal_tim.o
    0x08001b7e   0x00000002   Code   RO         1127    i.HAL_TIM_PeriodElapsedCallback  stm32f2xx_hal_tim.o
    0x08001b80   0x00000002   Code   RO         1131    i.HAL_TIM_TriggerCallback  stm32f2xx_hal_tim.o
    0x08001b82   0x00000002   Code   RO          684    i.HardFault_Handler  stm32f2xx_it.o
    0x08001b84   0x00000054   Code   RO          797    i.MSGS_CGI_Handler  app_http.o
    0x08001bd8   0x0000007c   Code   RO          460    i.MX_GPIO_Init      gpio.o
    0x08001c54   0x00000064   Code   RO          484    i.MX_LWIP_Init      lwip.o
    0x08001cb8   0x00000078   Code   RO          641    i.MX_TIM2_Init      tim.o
    0x08001d30   0x00000002   Code   RO          685    i.MemManage_Handler  stm32f2xx_it.o
    0x08001d32   0x00000002   Code   RO          686    i.NMI_Handler       stm32f2xx_it.o
    0x08001d34   0x00000020   Code   RO         2229    i.NVIC_SetPriority  stm32f2xx_hal_cortex.o
    0x08001d54   0x00000002   Code   RO          687    i.PendSV_Handler    stm32f2xx_it.o
    0x08001d56   0x00000002   PAD
    0x08001d58   0x00000078   Code   RO          798    i.SSI_Handler       app_http.o
    0x08001dd0   0x00000014   Code   RO          799    i.SSI_Init          app_http.o
    0x08001de4   0x00000002   Code   RO          688    i.SVC_Handler       stm32f2xx_it.o
    0x08001de6   0x0000000e   Code   RO          689    i.SysTick_Handler   stm32f2xx_it.o
    0x08001df4   0x00000078   Code   RO          401    i.SystemClock_Config  main.o
    0x08001e6c   0x00000048   Code   RO         2945    i.SystemInit        system_stm32f2xx.o
    0x08001eb4   0x0000000c   Code   RO          690    i.TIM2_IRQHandler   stm32f2xx_it.o
    0x08001ec0   0x000000cc   Code   RO         1132    i.TIM_Base_SetConfig  stm32f2xx_hal_tim.o
    0x08001f8c   0x00000014   Code   RO         1139    i.TIM_ETR_SetConfig  stm32f2xx_hal_tim.o
    0x08001fa0   0x00000010   Code   RO         1140    i.TIM_ITRx_SetConfig  stm32f2xx_hal_tim.o
    0x08001fb0   0x00000022   Code   RO         1146    i.TIM_TI1_ConfigInputStage  stm32f2xx_hal_tim.o
    0x08001fd2   0x00000024   Code   RO         1148    i.TIM_TI2_ConfigInputStage  stm32f2xx_hal_tim.o
    0x08001ff6   0x00000002   Code   RO          691    i.UsageFault_Handler  stm32f2xx_it.o
    0x08001ff8   0x00000038   Code   RO          305    i.User_notification  app_ethernet.o
    0x08002030   0x00000002   Code   RO          402    i._Error_Handler    main.o
    0x08002032   0x00000002   PAD
    0x08002034   0x00000028   Code   RO         6235    i.__0sprintf$1      mc_w.l(printf1.o)
    0x0800205c   0x00000008   Code   RO         6474    i.__aeabi_errno_addr  mc_w.l(errno.o)
    0x08002064   0x0000000e   Code   RO         6536    i.__scatterload_copy  mc_w.l(handlers.o)
    0x08002072   0x00000002   Code   RO         6537    i.__scatterload_null  mc_w.l(handlers.o)
    0x08002074   0x0000000e   Code   RO         6538    i.__scatterload_zeroinit  mc_w.l(handlers.o)
    0x08002082   0x00000002   PAD
    0x08002084   0x00000154   Code   RO         6240    i._printf_core      mc_w.l(printf1.o)
    0x080021d8   0x0000000a   Code   RO         6242    i._sputc            mc_w.l(printf1.o)
    0x080021e2   0x00000002   PAD
    0x080021e4   0x0000001c   Code   RO         4964    i.cyclic_timer      timeouts.o
    0x08002200   0x0000001e   Code   RO         5183    i.dhcp_arp_reply    dhcp.o
    0x0800221e   0x000000de   Code   RO         5184    i.dhcp_bind         dhcp.o
    0x080022fc   0x00000034   Code   RO         5185    i.dhcp_check        dhcp.o
    0x08002330   0x00000064   Code   RO         5187    i.dhcp_coarse_tmr   dhcp.o
    0x08002394   0x00000130   Code   RO         5188    i.dhcp_create_msg   dhcp.o
    0x080024c4   0x00000020   Code   RO         5189    i.dhcp_dec_pcb_refcount  dhcp.o
    0x080024e4   0x0000008c   Code   RO         5190    i.dhcp_decline      dhcp.o
    0x08002570   0x00000018   Code   RO         5191    i.dhcp_delete_msg   dhcp.o
    0x08002588   0x000000d0   Code   RO         5192    i.dhcp_discover     dhcp.o
    0x08002658   0x00000034   Code   RO         5193    i.dhcp_fine_tmr     dhcp.o
    0x0800268c   0x0000006c   Code   RO         5194    i.dhcp_handle_ack   dhcp.o
    0x080026f8   0x00000028   Code   RO         5195    i.dhcp_handle_nak   dhcp.o
    0x08002720   0x00000030   Code   RO         5196    i.dhcp_handle_offer  dhcp.o
    0x08002750   0x00000054   Code   RO         5197    i.dhcp_inc_pcb_refcount  dhcp.o
    0x080027a4   0x0000001c   Code   RO         5200    i.dhcp_option       dhcp.o
    0x080027c0   0x0000000e   Code   RO         5201    i.dhcp_option_byte  dhcp.o
    0x080027ce   0x0000007e   Code   RO         5202    i.dhcp_option_hostname  dhcp.o
    0x0800284c   0x0000003a   Code   RO         5203    i.dhcp_option_long  dhcp.o
    0x08002886   0x0000001e   Code   RO         5204    i.dhcp_option_short  dhcp.o
    0x080028a4   0x00000030   Code   RO         5205    i.dhcp_option_trailer  dhcp.o
    0x080028d4   0x00000280   Code   RO         5206    i.dhcp_parse_reply  dhcp.o
    0x08002b54   0x000000c0   Code   RO         5207    i.dhcp_rebind       dhcp.o
    0x08002c14   0x000000d0   Code   RO         5208    i.dhcp_reboot       dhcp.o
    0x08002ce4   0x00000100   Code   RO         5209    i.dhcp_recv         dhcp.o
    0x08002de4   0x000000ac   Code   RO         5210    i.dhcp_release      dhcp.o
    0x08002e90   0x000000bc   Code   RO         5211    i.dhcp_renew        dhcp.o
    0x08002f4c   0x00000104   Code   RO         5212    i.dhcp_select       dhcp.o
    0x08003050   0x00000010   Code   RO         5213    i.dhcp_set_state    dhcp.o
    0x08003060   0x00000072   Code   RO         5215    i.dhcp_start        dhcp.o
    0x080030d2   0x00000024   Code   RO         5216    i.dhcp_stop         dhcp.o
    0x080030f6   0x0000001e   Code   RO         5217    i.dhcp_supplied_address  dhcp.o
    0x08003114   0x0000002a   Code   RO         5218    i.dhcp_t1_timeout   dhcp.o
    0x0800313e   0x0000002e   Code   RO         5219    i.dhcp_t2_timeout   dhcp.o
    0x0800316c   0x0000007c   Code   RO         5220    i.dhcp_timeout      dhcp.o
    0x080031e8   0x0000000c   Code   RO         4004    i.do_memp_free_pool  memp.o
    0x080031f4   0x00000012   Code   RO         4005    i.do_memp_malloc_pool  memp.o
    0x08003206   0x00000002   PAD
    0x08003208   0x00000030   Code   RO         5413    i.etharp_cleanup_netif  etharp.o
    0x08003238   0x000000f8   Code   RO         5415    i.etharp_find_entry  etharp.o
    0x08003330   0x00000028   Code   RO         5416    i.etharp_free_entry  etharp.o
    0x08003358   0x000000c6   Code   RO         5418    i.etharp_input      etharp.o
    0x0800341e   0x00000002   PAD
    0x08003420   0x000000f4   Code   RO         5419    i.etharp_output     etharp.o
    0x08003514   0x0000006c   Code   RO         5420    i.etharp_output_to_arp_index  etharp.o
    0x08003580   0x00000114   Code   RO         5421    i.etharp_query      etharp.o
    0x08003694   0x0000008a   Code   RO         5422    i.etharp_raw        etharp.o
    0x0800371e   0x00000002   PAD
    0x08003720   0x0000000c   Code   RO         5423    i.etharp_request    etharp.o
    0x0800372c   0x00000020   Code   RO         5424    i.etharp_request_dst  etharp.o
    0x0800374c   0x00000060   Code   RO         5425    i.etharp_tmr        etharp.o
    0x080037ac   0x00000084   Code   RO         5426    i.etharp_update_arp_entry  etharp.o
    0x08003830   0x000000a4   Code   RO         3417    i.ethernet_input    ethernet.o
    0x080038d4   0x0000004c   Code   RO         3418    i.ethernet_output   ethernet.o
    0x08003920   0x0000003c   Code   RO          566    i.ethernetif_init   ethernetif.o
    0x0800395c   0x00000028   Code   RO          567    i.ethernetif_input  ethernetif.o
    0x08003984   0x00000066   Code   RO         5927    i.extract_uri_parameters  httpd.o
    0x080039ea   0x00000008   Code   RO         6103    i.fs_bytes_left     fs.o
    0x080039f2   0x00000002   Code   RO         6104    i.fs_close          fs.o
    0x080039f4   0x00000048   Code   RO         6105    i.fs_open           fs.o
    0x08003a3c   0x000000d4   Code   RO         5928    i.get_tag_insert    httpd.o
    0x08003b10   0x00000064   Code   RO         5929    i.http_accept       httpd.o
    0x08003b74   0x00000030   Code   RO         5930    i.http_check_eof    httpd.o
    0x08003ba4   0x00000006   Code   RO         5931    i.http_close_conn   httpd.o
    0x08003baa   0x00000002   PAD
    0x08003bac   0x00000064   Code   RO         5932    i.http_close_or_abort_conn  httpd.o
    0x08003c10   0x00000004   Code   RO         5933    i.http_eof          httpd.o
    0x08003c14   0x0000000a   Code   RO         5934    i.http_err          httpd.o
    0x08003c1e   0x00000002   PAD
    0x08003c20   0x000001b4   Code   RO         5935    i.http_find_file    httpd.o
    0x08003dd4   0x00000058   Code   RO         5936    i.http_get_404_file  httpd.o
    0x08003e2c   0x00000078   Code   RO         5937    i.http_init_file    httpd.o
    0x08003ea4   0x0000010c   Code   RO         5938    i.http_parse_request  httpd.o
    0x08003fb0   0x00000046   Code   RO         5939    i.http_poll         httpd.o
    0x08003ff6   0x00000082   Code   RO         5940    i.http_recv         httpd.o
    0x08004078   0x0000005a   Code   RO         5941    i.http_send         httpd.o
    0x080040d2   0x00000042   Code   RO         5942    i.http_send_data_nonssi  httpd.o
    0x08004114   0x000002d8   Code   RO         5943    i.http_send_data_ssi  httpd.o
    0x080043ec   0x0000001e   Code   RO         5944    i.http_sent         httpd.o
    0x0800440a   0x00000002   PAD
    0x0800440c   0x0000000c   Code   RO         5945    i.http_set_cgi_handlers  httpd.o
    0x08004418   0x00000010   Code   RO         5946    i.http_set_ssi_handler  httpd.o
    0x08004428   0x00000018   Code   RO         5947    i.http_ssi_state_alloc  httpd.o
    0x08004440   0x0000000a   Code   RO         5948    i.http_ssi_state_free  httpd.o
    0x0800444a   0x00000016   Code   RO         5949    i.http_state_alloc  httpd.o
    0x08004460   0x0000002a   Code   RO         5950    i.http_state_eof    httpd.o
    0x0800448a   0x0000001a   Code   RO         5951    i.http_state_free   httpd.o
    0x080044a4   0x00000006   Code   RO         5952    i.http_state_init   httpd.o
    0x080044aa   0x00000076   Code   RO         5953    i.http_write        httpd.o
    0x08004520   0x00000038   Code   RO         5954    i.httpd_init        httpd.o
    0x08004558   0x00000008   Code   RO         5512    i.icmp_dest_unreach  icmp.o
    0x08004560   0x00000120   Code   RO         5513    i.icmp_input        icmp.o
    0x08004680   0x0000006c   Code   RO         5514    i.icmp_send_response  icmp.o
    0x080046ec   0x00000008   Code   RO         5515    i.icmp_time_exceeded  icmp.o
    0x080046f4   0x00000040   Code   RO         5621    i.ip4_addr_isbroadcast_u32  ip4_addr.o
    0x08004734   0x00000180   Code   RO         5687    i.ip4_frag          ip4_frag.o
    0x080048b4   0x000001e4   Code   RO         5571    i.ip4_input         ip4.o
    0x08004a98   0x00000022   Code   RO         5573    i.ip4_output_if     ip4.o
    0x08004aba   0x00000002   PAD
    0x08004abc   0x000000b0   Code   RO         5574    i.ip4_output_if_src  ip4.o
    0x08004b6c   0x00000164   Code   RO         5688    i.ip4_reass         ip4_frag.o
    0x08004cd0   0x0000005c   Code   RO         5575    i.ip4_route         ip4.o
    0x08004d2c   0x00000006   Code   RO         5689    i.ip_frag_alloc_pbuf_custom_ref  ip4_frag.o
    0x08004d32   0x00000008   Code   RO         5690    i.ip_frag_free_pbuf_custom_ref  ip4_frag.o
    0x08004d3a   0x00000002   PAD
    0x08004d3c   0x000000f4   Code   RO         5691    i.ip_reass_chain_frag_into_datagram_and_validate  ip4_frag.o
    0x08004e30   0x00000024   Code   RO         5692    i.ip_reass_dequeue_datagram  ip4_frag.o
    0x08004e54   0x00000054   Code   RO         5693    i.ip_reass_enqueue_new_datagram  ip4_frag.o
    0x08004ea8   0x00000074   Code   RO         5694    i.ip_reass_free_complete_datagram  ip4_frag.o
    0x08004f1c   0x00000088   Code   RO         5695    i.ip_reass_remove_oldest_datagram  ip4_frag.o
    0x08004fa4   0x0000002c   Code   RO         5696    i.ip_reass_tmr      ip4_frag.o
    0x08004fd0   0x00000018   Code   RO         5697    i.ipfrag_free_pbuf_custom  ip4_frag.o
    0x08004fe8   0x00000108   Code   RO          568    i.low_level_init    ethernetif.o
    0x080050f0   0x000000c4   Code   RO          569    i.low_level_input   ethernetif.o
    0x080051b4   0x000000b0   Code   RO          570    i.low_level_output  ethernetif.o
    0x08005264   0x00000018   Code   RO         3706    i.lwip_htonl        def.o
    0x0800527c   0x0000000a   Code   RO         3707    i.lwip_htons        def.o
    0x08005286   0x0000001e   Code   RO         3862    i.lwip_init         init.o
    0x080052a4   0x00000032   Code   RO         3709    i.lwip_stricmp      def.o
    0x080052d6   0x00000044   Code   RO         3711    i.lwip_strnstr      def.o
    0x0800531a   0x00000002   PAD
    0x0800531c   0x00000098   Code   RO          403    i.main              main.o
    0x080053b4   0x0000002c   Code   RO         3948    i.mem_free          mem.o
    0x080053e0   0x00000034   Code   RO         3949    i.mem_init          mem.o
    0x08005414   0x000000b8   Code   RO         3950    i.mem_malloc        mem.o
    0x080054cc   0x000000cc   Code   RO         3951    i.mem_trim          mem.o
    0x08005598   0x00000018   Code   RO         4006    i.memp_free         memp.o
    0x080055b0   0x0000001c   Code   RO         4008    i.memp_init         memp.o
    0x080055cc   0x0000002a   Code   RO         4009    i.memp_init_pool    memp.o
    0x080055f6   0x00000002   PAD
    0x080055f8   0x00000018   Code   RO         4010    i.memp_malloc       memp.o
    0x08005610   0x00000050   Code   RO         4122    i.netif_add         netif.o
    0x08005660   0x00000002   Code   RO         4124    i.netif_init        netif.o
    0x08005662   0x0000001a   Code   RO         4126    i.netif_issue_reports  netif.o
    0x0800567c   0x0000004c   Code   RO         4128    i.netif_set_addr    netif.o
    0x080056c8   0x0000000c   Code   RO         4129    i.netif_set_default  netif.o
    0x080056d4   0x0000001a   Code   RO         4130    i.netif_set_down    netif.o
    0x080056ee   0x0000000e   Code   RO         4131    i.netif_set_gw      netif.o
    0x080056fc   0x00000048   Code   RO         4132    i.netif_set_ipaddr  netif.o
    0x08005744   0x0000000e   Code   RO         4135    i.netif_set_netmask  netif.o
    0x08005752   0x0000001c   Code   RO         4136    i.netif_set_up      netif.o
    0x0800576e   0x00000138   Code   RO         4242    i.pbuf_alloc        pbuf.o
    0x080058a6   0x0000005c   Code   RO         4243    i.pbuf_alloced_custom  pbuf.o
    0x08005902   0x00000028   Code   RO         4244    i.pbuf_cat          pbuf.o
    0x0800592a   0x00000014   Code   RO         4245    i.pbuf_chain        pbuf.o
    0x0800593e   0x00000012   Code   RO         4246    i.pbuf_clen         pbuf.o
    0x08005950   0x000000a0   Code   RO         4248    i.pbuf_copy         pbuf.o
    0x080059f0   0x0000006c   Code   RO         4249    i.pbuf_copy_partial  pbuf.o
    0x08005a5c   0x0000005e   Code   RO         4251    i.pbuf_free         pbuf.o
    0x08005aba   0x00000002   PAD
    0x08005abc   0x0000002c   Code   RO         4252    i.pbuf_free_ooseq   pbuf.o
    0x08005ae8   0x00000006   Code   RO         4254    i.pbuf_header       pbuf.o
    0x08005aee   0x00000006   Code   RO         4255    i.pbuf_header_force  pbuf.o
    0x08005af4   0x00000074   Code   RO         4256    i.pbuf_header_impl  pbuf.o
    0x08005b68   0x0000000c   Code   RO         4259    i.pbuf_pool_is_empty  pbuf.o
    0x08005b74   0x00000054   Code   RO         4261    i.pbuf_realloc      pbuf.o
    0x08005bc8   0x0000000c   Code   RO         4262    i.pbuf_ref          pbuf.o
    0x08005bd4   0x00000054   Code   RO         3952    i.plug_holes        mem.o
    0x08005c28   0x00000040   Code   RO           13    i.sendstring        net.o
    0x08005c68   0x00000060   Code   RO         4965    i.sys_check_timeouts  timeouts.o
    0x08005cc8   0x00000004   Code   RO          572    i.sys_now           ethernetif.o
    0x08005ccc   0x0000009c   Code   RO         4967    i.sys_timeout       timeouts.o
    0x08005d68   0x00000030   Code   RO         4968    i.sys_timeouts_init  timeouts.o
    0x08005d98   0x000000d4   Code   RO         4494    i.tcp_abandon       tcp.o
    0x08005e6c   0x00000006   Code   RO         4495    i.tcp_abort         tcp.o
    0x08005e72   0x0000000e   Code   RO         4496    i.tcp_accept        tcp.o
    0x08005e80   0x0000000e   Code   RO         4497    i.tcp_accept_null   tcp.o
    0x08005e8e   0x00000002   PAD
    0x08005e90   0x000000b4   Code   RO         4498    i.tcp_alloc         tcp.o
    0x08005f44   0x00000008   Code   RO         4499    i.tcp_arg           tcp.o
    0x08005f4c   0x00000094   Code   RO         4500    i.tcp_bind          tcp.o
    0x08005fe0   0x00000014   Code   RO         4501    i.tcp_close         tcp.o
    0x08005ff4   0x00000168   Code   RO         4502    i.tcp_close_shutdown  tcp.o
    0x0800615c   0x0000009c   Code   RO         4855    i.tcp_create_segment  tcp_out.o
    0x080061f8   0x00000026   Code   RO         4505    i.tcp_eff_send_mss_impl  tcp.o
    0x0800621e   0x000000b0   Code   RO         4856    i.tcp_enqueue_flags  tcp_out.o
    0x080062ce   0x0000000a   Code   RO         4506    i.tcp_err           tcp.o
    0x080062d8   0x00000058   Code   RO         4507    i.tcp_fasttmr       tcp.o
    0x08006330   0x00000030   Code   RO         4779    i.tcp_getoptbyte    tcp_in.o
    0x08006360   0x00000002   Code   RO         4508    i.tcp_init          tcp.o
    0x08006362   0x00000002   PAD
    0x08006364   0x0000038c   Code   RO         4780    i.tcp_input         tcp_in.o
    0x080066f0   0x00000052   Code   RO         4857    i.tcp_keepalive     tcp_out.o
    0x08006742   0x00000002   PAD
    0x08006744   0x00000048   Code   RO         4509    i.tcp_kill_prio     tcp.o
    0x0800678c   0x0000003c   Code   RO         4510    i.tcp_kill_state    tcp.o
    0x080067c8   0x00000034   Code   RO         4511    i.tcp_kill_timewait  tcp.o
    0x080067fc   0x00000020   Code   RO         4512    i.tcp_listen_closed  tcp.o
    0x0800681c   0x000000ec   Code   RO         4781    i.tcp_listen_input  tcp_in.o
    0x08006908   0x0000008c   Code   RO         4513    i.tcp_listen_with_backlog  tcp.o
    0x08006994   0x00000050   Code   RO         4514    i.tcp_netif_ip_addr_changed  tcp.o
    0x080069e4   0x00000022   Code   RO         4515    i.tcp_netif_ip_addr_changed_pcblist  tcp.o
    0x08006a06   0x00000006   Code   RO         4516    i.tcp_new           tcp.o
    0x08006a0c   0x00000006   Code   RO         4517    i.tcp_new_ip_type   tcp.o
    0x08006a12   0x00000002   PAD
    0x08006a14   0x00000058   Code   RO         4518    i.tcp_new_port      tcp.o
    0x08006a6c   0x00000010   Code   RO         4519    i.tcp_next_iss      tcp.o
    0x08006a7c   0x0000007c   Code   RO         4782    i.tcp_oos_insert_segment  tcp_in.o
    0x08006af8   0x000001d0   Code   RO         4858    i.tcp_output        tcp_out.o
    0x08006cc8   0x0000006c   Code   RO         4859    i.tcp_output_alloc_header  tcp_out.o
    0x08006d34   0x000000a8   Code   RO         4860    i.tcp_output_segment  tcp_out.o
    0x08006ddc   0x00000074   Code   RO         4783    i.tcp_parseopt      tcp_in.o
    0x08006e50   0x00000052   Code   RO         4861    i.tcp_pbuf_prealloc  tcp_out.o
    0x08006ea2   0x00000042   Code   RO         4520    i.tcp_pcb_purge     tcp.o
    0x08006ee4   0x00000050   Code   RO         4521    i.tcp_pcb_remove    tcp.o
    0x08006f34   0x00000008   Code   RO         4522    i.tcp_poll          tcp.o
    0x08006f3c   0x0000043c   Code   RO         4784    i.tcp_process       tcp_in.o
    0x08007378   0x00000072   Code   RO         4523    i.tcp_process_refused_data  tcp.o
    0x080073ea   0x00000002   PAD
    0x080073ec   0x00000724   Code   RO         4785    i.tcp_receive       tcp_in.o
    0x08007b10   0x0000000a   Code   RO         4524    i.tcp_recv          tcp.o
    0x08007b1a   0x00000026   Code   RO         4525    i.tcp_recv_null     tcp.o
    0x08007b40   0x00000046   Code   RO         4526    i.tcp_recved        tcp.o
    0x08007b86   0x00000014   Code   RO         4527    i.tcp_remove_listener  tcp.o
    0x08007b9a   0x00000050   Code   RO         4862    i.tcp_rexmit        tcp_out.o
    0x08007bea   0x00000062   Code   RO         4863    i.tcp_rexmit_fast   tcp_out.o
    0x08007c4c   0x0000002e   Code   RO         4864    i.tcp_rexmit_rto    tcp_out.o
    0x08007c7a   0x00000086   Code   RO         4865    i.tcp_rst           tcp_out.o
    0x08007d00   0x00000026   Code   RO         4528    i.tcp_seg_copy      tcp.o
    0x08007d26   0x0000001e   Code   RO         4529    i.tcp_seg_free      tcp.o
    0x08007d44   0x00000012   Code   RO         4530    i.tcp_segs_free     tcp.o
    0x08007d56   0x0000006e   Code   RO         4866    i.tcp_send_empty_ack  tcp_out.o
    0x08007dc4   0x00000048   Code   RO         4867    i.tcp_send_fin      tcp_out.o
    0x08007e0c   0x00000008   Code   RO         4531    i.tcp_sent          tcp.o
    0x08007e14   0x00000080   Code   RO           14    i.tcp_server_accept  net.o
    0x08007e94   0x00000042   Code   RO           15    i.tcp_server_connection_close  net.o
    0x08007ed6   0x0000000a   Code   RO           16    i.tcp_server_error  net.o
    0x08007ee0   0x00000048   Code   RO           17    i.tcp_server_init   net.o
    0x08007f28   0x00000044   Code   RO           18    i.tcp_server_poll   net.o
    0x08007f6c   0x000000e4   Code   RO           19    i.tcp_server_recv   net.o
    0x08008050   0x0000005e   Code   RO           20    i.tcp_server_send   net.o
    0x080080ae   0x00000026   Code   RO           21    i.tcp_server_sent   net.o
    0x080080d4   0x00000004   Code   RO         4532    i.tcp_setprio       tcp.o
    0x080080d8   0x00000294   Code   RO         4534    i.tcp_slowtmr       tcp.o
    0x0800836c   0x00000034   Code   RO         4971    i.tcp_timer_needed  timeouts.o
    0x080083a0   0x00000068   Code   RO         4786    i.tcp_timewait_input  tcp_in.o
    0x08008408   0x00000020   Code   RO         4535    i.tcp_tmr           tcp.o
    0x08008428   0x00000010   Code   RO         4787    i.tcp_trigger_input_pcb_close  tcp_in.o
    0x08008438   0x00000036   Code   RO         4537    i.tcp_update_rcv_ann_wnd  tcp.o
    0x0800846e   0x000002bc   Code   RO         4868    i.tcp_write         tcp_out.o
    0x0800872a   0x0000004e   Code   RO         4869    i.tcp_write_checks  tcp_out.o
    0x08008778   0x000000c4   Code   RO         4870    i.tcp_zero_window_probe  tcp_out.o
    0x0800883c   0x00000038   Code   RO         4972    i.tcpip_tcp_timer   timeouts.o
    0x08008874   0x00000084   Code   RO         5044    i.udp_bind          udp.o
    0x080088f8   0x00000054   Code   RO         5045    i.udp_connect       udp.o
    0x0800894c   0x00000002   Code   RO         5047    i.udp_init          udp.o
    0x0800894e   0x00000002   PAD
    0x08008950   0x0000013c   Code   RO         5048    i.udp_input         udp.o
    0x08008a8c   0x00000038   Code   RO         5049    i.udp_input_local_match  udp.o
    0x08008ac4   0x00000034   Code   RO         5050    i.udp_netif_ip_addr_changed  udp.o
    0x08008af8   0x0000001c   Code   RO         5051    i.udp_new           udp.o
    0x08008b14   0x00000048   Code   RO         5053    i.udp_new_port      udp.o
    0x08008b5c   0x00000006   Code   RO         5054    i.udp_recv          udp.o
    0x08008b62   0x00000002   PAD
    0x08008b64   0x00000030   Code   RO         5055    i.udp_remove        udp.o
    0x08008b94   0x0000003c   Code   RO         5058    i.udp_sendto_if     udp.o
    0x08008bd0   0x000000a8   Code   RO         5059    i.udp_sendto_if_src  udp.o
    0x08008c78   0x0000001e   Data   RO          404    .constdata          main.o
    0x08008c96   0x00000002   PAD
    0x08008c98   0x00000008   Data   RO          800    .constdata          app_http.o
    0x08008ca0   0x00000010   Data   RO         2946    .constdata          system_stm32f2xx.o
    0x08008cb0   0x00000006   Data   RO         3419    .constdata          ethernet.o
    0x08008cb6   0x00000006   Data   RO         3420    .constdata          ethernet.o
    0x08008cbc   0x0000000c   Data   RO         4021    .constdata          memp.o
    0x08008cc8   0x0000000c   Data   RO         4022    .constdata          memp.o
    0x08008cd4   0x0000000c   Data   RO         4023    .constdata          memp.o
    0x08008ce0   0x0000000c   Data   RO         4024    .constdata          memp.o
    0x08008cec   0x0000000c   Data   RO         4025    .constdata          memp.o
    0x08008cf8   0x0000000c   Data   RO         4026    .constdata          memp.o
    0x08008d04   0x0000000c   Data   RO         4027    .constdata          memp.o
    0x08008d10   0x0000000c   Data   RO         4028    .constdata          memp.o
    0x08008d1c   0x0000000c   Data   RO         4029    .constdata          memp.o
    0x08008d28   0x00000024   Data   RO         4030    .constdata          memp.o
    0x08008d4c   0x00000054   Data   RO         4538    .constdata          tcp.o
    0x08008da0   0x00000028   Data   RO         4973    .constdata          timeouts.o
    0x08008dc8   0x00000004   Data   RO         5628    .constdata          ip4_addr.o
    0x08008dcc   0x00000004   Data   RO         5629    .constdata          ip4_addr.o
    0x08008dd0   0x00000040   Data   RO         5956    .constdata          httpd.o
    0x08008e10   0x0000034f   Data   RO         6106    .constdata          fs.o
    0x0800915f   0x000002b8   Data   RO         6107    .constdata          fs.o
    0x08009417   0x00000387   Data   RO         6108    .constdata          fs.o
    0x0800979e   0x0000080d   Data   RO         6109    .constdata          fs.o
    0x08009fab   0x000002a9   Data   RO         6110    .constdata          fs.o
    0x0800a254   0x00000014   Data   RO         6111    .constdata          fs.o
    0x0800a268   0x00000014   Data   RO         6112    .constdata          fs.o
    0x0800a27c   0x00000014   Data   RO         6113    .constdata          fs.o
    0x0800a290   0x00000014   Data   RO         6114    .constdata          fs.o
    0x0800a2a4   0x00000014   Data   RO         6115    .constdata          fs.o
    0x0800a2b8   0x00000081   Data   RO         6500    .constdata          mc_w.l(ctype_o.o)
    0x0800a339   0x00000003   PAD
    0x0800a33c   0x00000004   Data   RO         6501    .constdata          mc_w.l(ctype_o.o)
    0x0800a340   0x0000000e   Data   RO          801    .conststring        app_http.o
    0x0800a34e   0x00000002   PAD
    0x0800a350   0x00000009   Data   RO          802    .conststring        app_http.o
    0x0800a359   0x00000003   PAD
    0x0800a35c   0x00000075   Data   RO         4539    .conststring        tcp.o
    0x0800a3d1   0x00000003   PAD
    0x0800a3d4   0x0000006a   Data   RO         5957    .conststring        httpd.o
    0x0800a43e   0x00000002   PAD
    0x0800a440   0x00000020   Data   RO         6534    Region$$Table       anon$$obj.o


    Execution Region RW_IRAM1 (Base: 0x20000000, Size: 0x0000a958, Max: 0x00020000, ABSOLUTE)

    Base Addr    Size         Type   Attr      Idx    E Section Name        Object

    0x20000000   0x00000008   Data   RW           24    .data               net.o
    0x20000008   0x00000001   Data   RW          307    .data               app_ethernet.o
    0x20000009   0x00000003   PAD
    0x2000000c   0x00000004   Data   RW          491    .data               lwip.o
    0x20000010   0x0000000c   Data   RW          493    .data               lwip.o
    0x2000001c   0x00000002   Data   RW          692    .data               stm32f2xx_it.o
    0x2000001e   0x00000002   PAD
    0x20000020   0x00000010   Data   RW          803    .data               app_http.o
    0x20000030   0x00000014   Data   RW          804    .data               app_http.o
    0x20000044   0x00000004   Data   RW         1948    .data               stm32f2xx_hal.o
    0x20000048   0x00000004   Data   RW         2948    .data               system_stm32f2xx.o
    0x2000004c   0x0000000c   Data   RW         3954    .data               mem.o
    0x20000058   0x00000004   Data   RW         4031    .data               memp.o
    0x2000005c   0x00000004   Data   RW         4032    .data               memp.o
    0x20000060   0x00000004   Data   RW         4033    .data               memp.o
    0x20000064   0x00000004   Data   RW         4034    .data               memp.o
    0x20000068   0x00000004   Data   RW         4035    .data               memp.o
    0x2000006c   0x00000004   Data   RW         4036    .data               memp.o
    0x20000070   0x00000004   Data   RW         4037    .data               memp.o
    0x20000074   0x00000004   Data   RW         4038    .data               memp.o
    0x20000078   0x00000004   Data   RW         4039    .data               memp.o
    0x2000007c   0x0000000c   Data   RW         4137    .data               netif.o
    0x20000088   0x00000001   Data   RW         4269    .data               pbuf.o
    0x20000089   0x00000003   PAD
    0x2000008c   0x00000020   Data   RW         4540    .data               tcp.o
    0x200000ac   0x00000024   Data   RW         4789    .data               tcp_in.o
    0x200000d0   0x0000000c   Data   RW         4974    .data               timeouts.o
    0x200000dc   0x00000008   Data   RW         5060    .data               udp.o
    0x200000e4   0x00000010   Data   RW         5222    .data               dhcp.o
    0x200000f4   0x00000001   Data   RW         5428    .data               etharp.o
    0x200000f5   0x00000001   PAD
    0x200000f6   0x00000002   Data   RW         5576    .data               ip4.o
    0x200000f8   0x00000008   Data   RW         5698    .data               ip4_frag.o
    0x20000100   0x00000018   Data   RW         5958    .data               httpd.o
    0x20000118   0x00000004   Data   RW         6166    .data               mc_w.l(rand.o)
    0x2000011c   0x00000004   Data   RW         6477    .data               mc_w.l(errno.o)
    0x20000120   0x00000064   Zero   RW           22    .bss                net.o
    0x20000184   0x0000003c   Zero   RW          490    .bss                lwip.o
    0x200001c0   0x000030e8   Zero   RW          573    .bss                ethernetif.o
    0x200032a8   0x00000040   Zero   RW          642    .bss                tim.o
    0x200032e8   0x00000018   Zero   RW         3923    .bss                ip.o
    0x20003300   0x00000653   Zero   RW         3953    .bss                mem.o
    0x20003953   0x00000083   Zero   RW         4012    .bss                memp.o
    0x200039d6   0x000002fb   Zero   RW         4013    .bss                memp.o
    0x20003cd1   0x000000e3   Zero   RW         4014    .bss                memp.o
    0x20003db4   0x00000183   Zero   RW         4015    .bss                memp.o
    0x20003f37   0x000000a3   Zero   RW         4016    .bss                memp.o
    0x20003fda   0x0000016b   Zero   RW         4017    .bss                memp.o
    0x20004145   0x00000053   Zero   RW         4018    .bss                memp.o
    0x20004198   0x00000103   Zero   RW         4019    .bss                memp.o
    0x2000429b   0x00002143   Zero   RW         4020    .bss                memp.o
    0x200063de   0x00000002   PAD
    0x200063e0   0x00000010   Zero   RW         4788    .bss                tcp_in.o
    0x200063f0   0x00000032   Zero   RW         5221    .bss                dhcp.o
    0x20006422   0x00000002   PAD
    0x20006424   0x000000f0   Zero   RW         5427    .bss                etharp.o
    0x20006514   0x00000440   Zero   RW         5955    .bss                httpd.o
    0x20006954   0x00000004   PAD
    0x20006958   0x00004000   Zero   RW            1    STACK               startup_stm32f207xx.o


==============================================================================

Image component sizes


      Code (inc. data)   RO Data    RW Data    ZI Data      Debug   Object Name

       224         24          0          1          0      20203   app_ethernet.o
       252         54         31         36          0       3547   app_http.o
       152          0          0          0          0       2712   def.o
      4072        140          0         16         50      30292   dhcp.o
      1572         66          0          1        240      11819   etharp.o
       240          6         12          0          0       2606   ethernet.o
       896         74          0          0      12520       5970   ethernetif.o
        82          6       5288          0          0       4958   fs.o
       124         14          0          0          0        867   gpio.o
      2940        184        170         24       1088      28960   httpd.o
       412          6          0          0          0       3702   icmp.o
        30          0          0          0          0      11227   init.o
         0          0          0          0         24       3002   ip.o
       786         28          0          2          0       5212   ip4.o
        64          0          8          0          0       7198   ip4_addr.o
      1438         40          0          8          0      10794   ip4_frag.o
       100         16          0         16         60       2860   lwip.o
       346         38         30          0          0       2656   main.o
       568         34          0         12       1619       5217   mem.o
       148         14        144         36      10891      10278   memp.o
       768         64          0          8        100     697336   net.o
       350         18          0         12          0       9575   netif.o
      1124         24          0          1          0      22030   pbuf.o
        36          8        388          0      16384        788   startup_stm32f207xx.o
       148         22          0          4          0       3955   stm32f2xx_hal.o
       232         14          0          0          0      28989   stm32f2xx_hal_cortex.o
      2126         66          0          0          0      12939   stm32f2xx_hal_eth.o
       504         54          0          0          0       3535   stm32f2xx_hal_gpio.o
       132          6          0          0          0        850   stm32f2xx_hal_msp.o
      1252         54          0          0          0       4702   stm32f2xx_hal_rcc.o
      1012         44          0          0          0       9091   stm32f2xx_hal_tim.o
        84          0          0          0          0       2230   stm32f2xx_hal_tim_ex.o
       134         20          0          2          0       4824   stm32f2xx_it.o
        72         18         16          4          0       1107   system_stm32f2xx.o
      2936        116        201         32          0      36912   tcp.o
      4464        126          0         36         16      19899   tcp_in.o
      2750          8          0          0          0      16431   tcp_out.o
       176         26          0          0         64       1538   tim.o
       436         64         40         12          0       5507   timeouts.o
      1024         44          0          8          0      11433   udp.o

    ----------------------------------------------------------------------
     34258       1540       6372        280      43064    1067751   Object Totals
         0          0         32          0          0          0   (incl. Generated)
        52          0         12          9          8          0   (incl. Padding)

    ----------------------------------------------------------------------

      Code (inc. data)   RO Data    RW Data    ZI Data      Debug   Library Member Name

        28          0          0          0          0         68   _chval.o
       158          0          0          0          0         92   _strtoul.o
        26          0          0          0          0         80   atoi.o
         8          4        133          0          0         68   ctype_o.o
         0          0          0          0          0          0   entry.o
         0          0          0          0          0          0   entry10a.o
         0          0          0          0          0          0   entry11a.o
         8          4          0          0          0          0   entry2.o
         4          0          0          0          0          0   entry5.o
         0          0          0          0          0          0   entry7b.o
         0          0          0          0          0          0   entry8b.o
         8          4          0          0          0          0   entry9a.o
         8          4          0          4          0         68   errno.o
        30          0          0          0          0          0   handlers.o
        36          8          0          0          0         68   init.o
        30          0          0          0          0         68   llshl.o
        32          0          0          0          0         68   llushr.o
        26          0          0          0          0         80   memcmp.o
        36          0          0          0          0         68   memcpya.o
        36          0          0          0          0        108   memseta.o
       390         10          0          0          0        252   printf1.o
        36         10          0          4          0        136   rand.o
        20          0          0          0          0         68   strchr.o
        28          0          0          0          0         76   strcmp.o
        14          0          0          0          0         68   strlen.o
        30          0          0          0          0         80   strncmp.o
        24          0          0          0          0         76   strncpy.o
        36          0          0          0          0         80   strstr.o
       112          0          0          0          0         88   strtol.o
        44          0          0          0          0         80   uidiv.o
        98          0          0          0          0         92   uldiv.o

    ----------------------------------------------------------------------
      1314         44        136          8          0       1932   Library Totals
         8          0          3          0          0          0   (incl. Padding)

    ----------------------------------------------------------------------

      Code (inc. data)   RO Data    RW Data    ZI Data      Debug   Library Name

      1306         44        133          8          0       1932   mc_w.l

    ----------------------------------------------------------------------
      1314         44        136          8          0       1932   Library Totals

    ----------------------------------------------------------------------

==============================================================================


      Code (inc. data)   RO Data    RW Data    ZI Data      Debug   

     35572       1584       6508        288      43064    1052415   Grand Totals
     35572       1584       6508        288      43064    1052415   ELF Image Totals
     35572       1584       6508        288          0          0   ROM Totals

==============================================================================

    Total RO  Size (Code + RO Data)                42080 (  41.09kB)
    Total RW  Size (RW Data + ZI Data)             43352 (  42.34kB)
    Total ROM Size (Code + RO Data + RW Data)      42368 (  41.38kB)

==============================================================================

