Component: ARM Compiler 5.06 (build 20) Tool: armlink [4d35a3]

==============================================================================

Section Cross References

    startup_stm32f207xx.o(RESET) refers to startup_stm32f207xx.o(STACK) for __initial_sp
    startup_stm32f207xx.o(RESET) refers to startup_stm32f207xx.o(.text) for Reset_Handler
    startup_stm32f207xx.o(RESET) refers to stm32f2xx_it.o(i.NMI_Handler) for NMI_Handler
    startup_stm32f207xx.o(RESET) refers to stm32f2xx_it.o(i.HardFault_Handler) for HardFault_Handler
    startup_stm32f207xx.o(RESET) refers to stm32f2xx_it.o(i.MemManage_Handler) for MemManage_Handler
    startup_stm32f207xx.o(RESET) refers to stm32f2xx_it.o(i.BusFault_Handler) for BusFault_Handler
    startup_stm32f207xx.o(RESET) refers to stm32f2xx_it.o(i.UsageFault_Handler) for UsageFault_Handler
    startup_stm32f207xx.o(RESET) refers to stm32f2xx_it.o(i.SVC_Handler) for SVC_Handler
    startup_stm32f207xx.o(RESET) refers to stm32f2xx_it.o(i.DebugMon_Handler) for DebugMon_Handler
    startup_stm32f207xx.o(RESET) refers to stm32f2xx_it.o(i.PendSV_Handler) for PendSV_Handler
    startup_stm32f207xx.o(RESET) refers to stm32f2xx_it.o(i.SysTick_Handler) for SysTick_Handler
    startup_stm32f207xx.o(RESET) refers to stm32f2xx_it.o(i.EXTI0_IRQHandler) for EXTI0_IRQHandler
    startup_stm32f207xx.o(RESET) refers to stm32f2xx_it.o(i.TIM2_IRQHandler) for TIM2_IRQHandler
    startup_stm32f207xx.o(.text) refers to system_stm32f2xx.o(i.SystemInit) for SystemInit
    startup_stm32f207xx.o(.text) refers to entry.o(.ARM.Collect$$$$00000000) for __main
    net.o(i.sendstring) refers to tcp.o(i.tcp_sent) for tcp_sent
    net.o(i.sendstring) refers to strlen.o(.text) for strlen
    net.o(i.sendstring) refers to tcp_out.o(i.tcp_write) for tcp_write
    net.o(i.sendstring) refers to tcp.o(i.tcp_recved) for tcp_recved
    net.o(i.sendstring) refers to net.o(.data) for .data
    net.o(i.sendstring) refers to net.o(i.tcp_server_sent) for tcp_server_sent
    net.o(i.tcp_server_accept) refers to tcp.o(i.tcp_setprio) for tcp_setprio
    net.o(i.tcp_server_accept) refers to mem.o(i.mem_malloc) for mem_malloc
    net.o(i.tcp_server_accept) refers to tcp.o(i.tcp_arg) for tcp_arg
    net.o(i.tcp_server_accept) refers to tcp.o(i.tcp_recv) for tcp_recv
    net.o(i.tcp_server_accept) refers to tcp.o(i.tcp_err) for tcp_err
    net.o(i.tcp_server_accept) refers to tcp.o(i.tcp_sent) for tcp_sent
    net.o(i.tcp_server_accept) refers to tcp.o(i.tcp_poll) for tcp_poll
    net.o(i.tcp_server_accept) refers to net.o(i.tcp_server_connection_close) for tcp_server_connection_close
    net.o(i.tcp_server_accept) refers to net.o(.data) for .data
    net.o(i.tcp_server_accept) refers to net.o(i.tcp_server_recv) for tcp_server_recv
    net.o(i.tcp_server_accept) refers to net.o(i.tcp_server_error) for tcp_server_error
    net.o(i.tcp_server_accept) refers to net.o(i.tcp_server_sent) for tcp_server_sent
    net.o(i.tcp_server_accept) refers to net.o(i.tcp_server_poll) for tcp_server_poll
    net.o(i.tcp_server_connection_close) refers to tcp.o(i.tcp_arg) for tcp_arg
    net.o(i.tcp_server_connection_close) refers to tcp.o(i.tcp_sent) for tcp_sent
    net.o(i.tcp_server_connection_close) refers to tcp.o(i.tcp_recv) for tcp_recv
    net.o(i.tcp_server_connection_close) refers to tcp.o(i.tcp_err) for tcp_err
    net.o(i.tcp_server_connection_close) refers to tcp.o(i.tcp_poll) for tcp_poll
    net.o(i.tcp_server_connection_close) refers to mem.o(i.mem_free) for mem_free
    net.o(i.tcp_server_connection_close) refers to tcp.o(i.tcp_close) for tcp_close
    net.o(i.tcp_server_error) refers to mem.o(i.mem_free) for mem_free
    net.o(i.tcp_server_init) refers to tcp.o(i.tcp_new) for tcp_new
    net.o(i.tcp_server_init) refers to tcp.o(i.tcp_bind) for tcp_bind
    net.o(i.tcp_server_init) refers to memp.o(i.memp_free) for memp_free
    net.o(i.tcp_server_init) refers to tcp.o(i.tcp_listen_with_backlog) for tcp_listen_with_backlog
    net.o(i.tcp_server_init) refers to tcp.o(i.tcp_accept) for tcp_accept
    net.o(i.tcp_server_init) refers to net.o(.data) for .data
    net.o(i.tcp_server_init) refers to ip4_addr.o(.constdata) for ip_addr_any
    net.o(i.tcp_server_init) refers to net.o(i.tcp_server_accept) for tcp_server_accept
    net.o(i.tcp_server_poll) refers to tcp.o(i.tcp_sent) for tcp_sent
    net.o(i.tcp_server_poll) refers to net.o(i.tcp_server_send) for tcp_server_send
    net.o(i.tcp_server_poll) refers to net.o(i.tcp_server_connection_close) for tcp_server_connection_close
    net.o(i.tcp_server_poll) refers to tcp.o(i.tcp_abort) for tcp_abort
    net.o(i.tcp_server_poll) refers to net.o(i.tcp_server_sent) for tcp_server_sent
    net.o(i.tcp_server_recv) refers to pbuf.o(i.pbuf_free) for pbuf_free
    net.o(i.tcp_server_recv) refers to tcp.o(i.tcp_sent) for tcp_sent
    net.o(i.tcp_server_recv) refers to net.o(i.tcp_server_send) for tcp_server_send
[...]

    Global Symbols

    Symbol Name                              Value     Ov Type        Size  Object(Section)

    BuildAttributes$$THM_ISAv4$P$D$K$B$S$PE$A:L22UL41UL21$X:L11$S22US41US21$IEEE1$IW$USESV6$~STKCKD$USESV7$~SHL$OSPACE$ROPI$EBA8$MICROLIB$REQ8$PRES8$EABIv2 0x00000000   Number         0  anon$$obj.o ABSOLUTE
    __ARM_use_no_argv                        0x00000000   Number         0  main.o ABSOLUTE
    _printf_a                                0x00000000   Number         0  stubs.o ABSOLUTE
    _printf_c                                0x00000000   Number         0  stubs.o ABSOLUTE
    _printf_charcount                        0x00000000   Number         0  stubs.o ABSOLUTE
    _printf_d                                0x00000000   Number         0  stubs.o ABSOLUTE
    _printf_e                                0x00000000   Number         0  stubs.o ABSOLUTE
    _printf_f                                0x00000000   Number         0  stubs.o ABSOLUTE
    _printf_flags                            0x00000000   Number         0  stubs.o ABSOLUTE
    _printf_fp_dec                           0x00000000   Number         0  stubs.o ABSOLUTE
    _printf_fp_hex                           0x00000000   Number         0  stubs.o ABSOLUTE
    _printf_g                                0x00000000   Number         0  stubs.o ABSOLUTE
    _printf_i                                0x00000000   Number         0  stubs.o ABSOLUTE
    _printf_int_dec                          0x00000000   Number         0  stubs.o ABSOLUTE
    _printf_l                                0x00000000   Number         0  stubs.o ABSOLUTE
    _printf_lc                               0x00000000   Number         0  stubs.o ABSOLUTE
    _printf_ll                               0x00000000   Number         0  stubs.o ABSOLUTE
    _printf_lld                              0x00000000   Number         0  stubs.o ABSOLUTE
    _printf_lli                              0x00000000   Number         0  stubs.o ABSOLUTE
    _printf_llo                              0x00000000   Number         0  stubs.o ABSOLUTE
    _printf_llu                              0x00000000   Number         0  stubs.o ABSOLUTE
    _printf_llx                              0x00000000   Number         0  stubs.o ABSOLUTE
    _printf_longlong_dec                     0x00000000   Number         0  stubs.o ABSOLUTE
    _printf_longlong_hex                     0x00000000   Number         0  stubs.o ABSOLUTE
    _printf_longlong_oct                     0x00000000   Number         0  stubs.o ABSOLUTE
    _printf_ls                               0x00000000   Number         0  stubs.o ABSOLUTE
    _printf_mbtowc                           0x00000000   Number         0  stubs.o ABSOLUTE
    _printf_n                                0x00000000   Number         0  stubs.o ABSOLUTE
    _printf_o                                0x00000000   Number         0  stubs.o ABSOLUTE
    _printf_p                                0x00000000   Number         0  stubs.o ABSOLUTE
    _printf_percent                          0x00000000   Number         0  stubs.o ABSOLUTE
    _printf_pre_padding                      0x00000000   Number         0  stubs.o ABSOLUTE
    _printf_return_value                     0x00000000   Number         0  stubs.o ABSOLUTE
    _printf_s                                0x00000000   Number         0  stubs.o ABSOLUTE
    _printf_sizespec                         0x00000000   Number         0  stubs.o ABSOLUTE
    _printf_str                              0x00000000   Number         0  stubs.o ABSOLUTE
    _printf_truncate_signed                  0x00000000   Number         0  stubs.o ABSOLUTE
    _printf_truncate_unsigned                0x00000000   Number         0  stubs.o ABSOLUTE
    _printf_u                                0x00000000   Number         0  stubs.o ABSOLUTE
    _printf_wc                               0x00000000   Number         0  stubs.o ABSOLUTE
    _printf_wctomb                           0x00000000   Number         0  stubs.o ABSOLUTE
    _printf_widthprec                        0x00000000   Number         0  stubs.o ABSOLUTE
    _printf_x                                0x00000000   Number         0  stubs.o ABSOLUTE
    __cpp_initialize__aeabi_                  - Undefined Weak Reference
    __cxa_finalize                            - Undefined Weak Reference
    __decompress                              - Undefined Weak Reference
    _clock_init                               - Undefined Weak Reference
    _microlib_exit                            - Undefined Weak Reference
    __Vectors_Size                           0x00000184   Number         0  startup_stm32f207xx.o ABSOLUTE
    __Vectors                                0x08000000   Data           4  startup_stm32f207xx.o(RESET)
    __Vectors_End                            0x08000184   Data           0  startup_stm32f207xx.o(RESET)
    __main                                   0x08000185   Thumb Code     0  entry.o(.ARM.Collect$$$$00000000)
    _main_stk                                0x08000185   Thumb Code     0  entry2.o(.ARM.Collect$$$$00000001)
    _main_scatterload                        0x08000189   Thumb Code     0  entry5.o(.ARM.Collect$$$$00000004)
    __main_after_scatterload                 0x0800018d   Thumb Code     0  entry5.o(.ARM.Collect$$$$00000004)
    _main_clock                              0x0800018d   Thumb Code     0  entry7b.o(.ARM.Collect$$$$00000008)
    _main_cpp_init                           0x0800018d   Thumb Code     0  entry8b.o(.ARM.Collect$$$$0000000A)
    _main_init                               0x0800018d   Thumb Code     0  entry9a.o(.ARM.Collect$$$$0000000B)
    __rt_final_cpp                           0x08000195   Thumb Code     0  entry10a.o(.ARM.Collect$$$$0000000D)
    __rt_final_exit                          0x08000195   Thumb Code     0  entry11a.o(.ARM.Collect$$$$0000000F)
    Reset_Handler                            0x08000199   Thumb Code     8  startup_stm32f207xx.o(.text)
    ADC_IRQHandler                           0x080001b3   Thumb Code     0  startup_stm32f207xx.o(.text)
    CAN1_RX0_IRQHandler                      0x080001b3   Thumb Code     0  startup_stm32f207xx.o(.text)
    CAN1_RX1_IRQHandler                      0x080001b3   Thumb Code     0  startup_stm32f207xx.o(.text)
    CAN1_SCE_IRQHandler                      0x080001b3   Thumb Code     0  startup_stm32f207xx.o(.text)
    CAN1_TX_IRQHandler                       0x080001b3   Thumb Code     0  startup_stm32f207xx.o(.text)
    CAN2_RX0_IRQHandler                      0x080001b3   Thumb Code     0  startup_stm32f207xx.o(.text)
    CAN2_RX1_IRQHandler                      0x080001b3   Thumb Code     0  startup_stm32f207xx.o(.text)
    CAN2_SCE_IRQHandler                      0x080001b3   Thumb Code     0  startup_stm32f207xx.o(.text)
    CAN2_TX_IRQHandler                       0x080001b3   Thumb Code     0  startup_stm32f207xx.o(.text)
    DCMI_IRQHandler                          0x080001b3   Thumb Code     0  startup_stm32f207xx.o(.text)
    DMA1_Stream0_IRQHandler                  0x080001b3   Thumb Code     0  startup_stm32f207xx.o(.text)
    DMA1_Stream1_IRQHandler                  0x080001b3   Thumb Code     0  startup_stm32f207xx.o(.text)
    DMA1_Stream2_IRQHandler                  0x080001b3   Thumb Code     0  startup_stm32f207xx.o(.text)
    DMA1_Stream3_IRQHandler                  0x080001b3   Thumb Code     0  startup_stm32f207xx.o(.text)
    DMA1_Stream4_IRQHandler                  0x080001b3   Thumb Code     0  startup_stm32f207xx.o(.text)
    DMA1_Stream5_IRQHandler                  0x080001b3   Thumb Code     0  startup_stm32f207xx.o(.text)
    DMA1_Stream6_IRQHandler                  0x080001b3   Thumb Code     0  startup_stm32f207xx.o(.text)
    DMA1_Stream7_IRQHandler                  0x080001b3   Thumb Code     0  startup_stm32f207xx.o(.text)
    DMA2_Stream0_IRQHandler                  0x080001b3   Thumb Code     0  startup_stm32f207xx.o(.text)
    DMA2_Stream1_IRQHandler                  0x080001b3   Thumb Code     0  startup_stm32f207xx.o(.text)
    DMA2_Stream2_IRQHandler                  0x080001b3   Thumb Code     0  startup_stm32f207xx.o(.text)
    DMA2_Stream3_IRQHandler                  0x080001b3   Thumb Code     0  startup_stm32f207xx.o(.text)
    DMA2_Stream4_IRQHandler                  0x080001b3   Thumb Code     0  startup_stm32f207xx.o(.text)
    DMA2_Stream5_IRQHandler                  0x080001b3   Thumb Code     0  startup_stm32f207xx.o(.text)
    DMA2_Stream6_IRQHandler                  0x080001b3   Thumb Code     0  startup_stm32f207xx.o(.text)
    DMA2_Stream7_IRQHandler                  0x080001b3   Thumb Code     0  startup_stm32f207xx.o(.text)
    ETH_IRQHandler                           0x080001b3   Thumb Code     0  startup_stm32f207xx.o(.text)
    ETH_WKUP_IRQHandler                      0x080001b3   Thumb Code     0  startup_stm32f207xx.o(.text)
    EXTI15_10_IRQHandler                     0x080001b3   Thumb Code     0  startup_stm32f207xx.o(.text)
    EXTI1_IRQHandler                         0x080001b3   Thumb Code     0  startup_stm32f207xx.o(.text)
    EXTI2_IRQHandler                         0x080001b3   Thumb Code     0  startup_stm32f207xx.o(.text)
    EXTI3_IRQHandler                         0x080001b3   Thumb Code     0  startup_stm32f207xx.o(.text)
    EXTI4_IRQHandler                         0x080001b3   Thumb Code     0  startup_stm32f207xx.o(.text)
    EXTI9_5_IRQHandler                       0x080001b3   Thumb Code     0  startup_stm32f207xx.o(.text)
    FLASH_IRQHandler                         0x080001b3   Thumb Code     0  startup_stm32f207xx.o(.text)
    FSMC_IRQHandler                          0x080001b3   Thumb Code     0  startup_stm32f207xx.o(.text)
    HASH_RNG_IRQHandler                      0x080001b3   Thumb Code     0  startup_stm32f207xx.o(.text)
    I2C1_ER_IRQHandler                       0x080001b3   Thumb Code     0  startup_stm32f207xx.o(.text)
    I2C1_EV_IRQHandler                       0x080001b3   Thumb Code     0  startup_stm32f207xx.o(.text)
    I2C2_ER_IRQHandler                       0x080001b3   Thumb Code     0  startup_stm32f207xx.o(.text)
    I2C2_EV_IRQHandler                       0x080001b3   Thumb Code     0  startup_stm32f207xx.o(.text)
    I2C3_ER_IRQHandler                       0x080001b3   Thumb Code     0  startup_stm32f207xx.o(.text)
    I2C3_EV_IRQHandler                       0x080001b3   Thumb Code     0  startup_stm32f207xx.o(.text)
    OTG_FS_IRQHandler                        0x080001b3   Thumb Code     0  startup_stm32f207xx.o(.text)
    OTG_FS_WKUP_IRQHandler                   0x080001b3   Thumb Code     0  startup_stm32f207xx.o(.text)
    OTG_HS_EP1_IN_IRQHandler                 0x080001b3   Thumb Code     0  startup_stm32f207xx.o(.text)
    OTG_HS_EP1_OUT_IRQHandler                0x080001b3   Thumb Code     0  startup_stm32f207xx.o(.text)
    OTG_HS_IRQHandler                        0x080001b3   Thumb Code     0  startup_stm32f207xx.o(.text)
    OTG_HS_WKUP_IRQHandler                   0x080001b3   Thumb Code     0  startup_stm32f207xx.o(.text)
    PVD_IRQHandler                           0x080001b3   Thumb Code     0  startup_stm32f207xx.o(.text)
    RCC_IRQHandler                           0x080001b3   Thumb Code     0  startup_stm32f207xx.o(.text)
    RTC_Alarm_IRQHandler                     0x080001b3   Thumb Code     0  startup_stm32f207xx.o(.text)
    RTC_WKUP_IRQHandler                      0x080001b3   Thumb Code     0  startup_stm32f207xx.o(.text)
    SDIO_IRQHandler                          0x080001b3   Thumb Code     0  startup_stm32f207xx.o(.text)
    SPI1_IRQHandler                          0x080001b3   Thumb Code     0  startup_stm32f207xx.o(.text)
    SPI2_IRQHandler                          0x080001b3   Thumb Code     0  startup_stm32f207xx.o(.text)
    SPI3_IRQHandler                          0x080001b3   Thumb Code     0  startup_stm32f207xx.o(.text)
    TAMP_STAMP_IRQHandler                    0x080001b3   Thumb Code     0  startup_stm32f207xx.o(.text)
    TIM1_BRK_TIM9_IRQHandler                 0x080001b3   Thumb Code     0  startup_stm32f207xx.o(.text)
    TIM1_CC_IRQHandler                       0x080001b3   Thumb Code     0  startup_stm32f207xx.o(.text)
    TIM1_TRG_COM_TIM11_IRQHandler            0x080001b3   Thumb Code     0  startup_stm32f207xx.o(.text)
    TIM1_UP_TIM10_IRQHandler                 0x080001b3   Thumb Code     0  startup_stm32f207xx.o(.text)
    TIM3_IRQHandler                          0x080001b3   Thumb Code     0  startup_stm32f207xx.o(.text)
    TIM4_IRQHandler                          0x080001b3   Thumb Code     0  startup_stm32f207xx.o(.text)
    TIM5_IRQHandler                          0x080001b3   Thumb Code     0  startup_stm32f207xx.o(.text)
    TIM6_DAC_IRQHandler                      0x080001b3   Thumb Code     0  startup_stm32f207xx.o(.text)
    TIM7_IRQHandler                          0x080001b3   Thumb Code     0  startup_stm32f207xx.o(.text)
    TIM8_BRK_TIM12_IRQHandler                0x080001b3   Thumb Code     0  startup_stm32f207xx.o(.text)
    TIM8_CC_IRQHandler                       0x080001b3   Thumb Code     0  startup_stm32f207xx.o(.text)
    TIM8_TRG_COM_TIM14_IRQHandler            0x080001b3   Thumb Code     0  startup_stm32f207xx.o(.text)
    TIM8_UP_TIM13_IRQHandler                 0x080001b3   Thumb Code     0  startup_stm32f207xx.o(.text)
    UART4_IRQHandler                         0x080001b3   Thumb Code     0  startup_stm32f207xx.o(.text)
    UART5_IRQHandler                         0x080001b3   Thumb Code     0  startup_stm32f207xx.o(.text)
    USART1_IRQHandler                        0x080001b3   Thumb Code     0  startup_stm32f207xx.o(.text)
    USART2_IRQHandler                        0x080001b3   Thumb Code     0  startup_stm32f207xx.o(.text)
    USART3_IRQHandler                        0x080001b3   Thumb Code     0  startup_stm32f207xx.o(.text)
    USART6_IRQHandler                        0x080001b3   Thumb Code     0  startup_stm32f207xx.o(.text)
    WWDG_IRQHandler                          0x080001b3   Thumb Code     0  startup_stm32f207xx.o(.text)
    __aeabi_uldivmod                         0x080001bd   Thumb Code    98  uldiv.o(.text)
    rand                                     0x08000221   Thumb Code    20  rand.o(.text)
    srand                                    0x08000235   Thumb Code     6  rand.o(.text)
    __aeabi_memcpy                           0x08000245   Thumb Code    36  memcpya.o(.text)
    __aeabi_memcpy4                          0x08000245   Thumb Code     0  memcpya.o(.text)
    __aeabi_memcpy8                          0x08000245   Thumb Code     0  memcpya.o(.text)
    __aeabi_memset                           0x08000269   Thumb Code    14  memseta.o(.text)
    __aeabi_memset4                          0x08000269   Thumb Code     0  memseta.o(.text)
    __aeabi_memset8                          0x08000269   Thumb Code     0  memseta.o(.text)
    __aeabi_memclr                           0x08000277   Thumb Code     4  memseta.o(.text)
    __aeabi_memclr4                          0x08000277   Thumb Code     0  memseta.o(.text)
    __aeabi_memclr8                          0x08000277   Thumb Code     0  memseta.o(.text)
    _memset$wrapper                          0x0800027b   Thumb Code    18  memseta.o(.text)
    strstr                                   0x0800028d   Thumb Code    36  strstr.o(.text)
    strncpy                                  0x080002b1   Thumb Code    24  strncpy.o(.text)
    strchr                                   0x080002c9   Thumb Code    20  strchr.o(.text)
    strlen                                   0x080002dd   Thumb Code    14  strlen.o(.text)
    strcmp                                   0x080002eb   Thumb Code    28  strcmp.o(.text)
    memcmp                                   0x08000307   Thumb Code    26  memcmp.o(.text)
    strncmp                                  0x08000321   Thumb Code    30  strncmp.o(.text)
    atoi                                     0x0800033f   Thumb Code    26  atoi.o(.text)
    __aeabi_uidiv                            0x08000359   Thumb Code     0  uidiv.o(.text)
    __aeabi_uidivmod                         0x08000359   Thumb Code    44  uidiv.o(.text)
    __aeabi_llsl                             0x08000385   Thumb Code    30  llshl.o(.text)
    _ll_shift_l                              0x08000385   Thumb Code     0  llshl.o(.text)
    __aeabi_llsr                             0x080003a3   Thumb Code    32  llushr.o(.text)
    _ll_ushift_r                             0x080003a3   Thumb Code     0  llushr.o(.text)
    strtol                                   0x080003c3   Thumb Code   112  strtol.o(.text)
    __scatterload                            0x08000435   Thumb Code    28  init.o(.text)
    __scatterload_rt2                        0x08000435   Thumb Code     0  init.o(.text)
    __rt_ctype_table                         0x08000459   Thumb Code     4  ctype_o.o(.text)
    _strtoul                                 0x08000461   Thumb Code   158  _strtoul.o(.text)
    _chval                                   0x080004ff   Thumb Code    28  _chval.o(.text)
    BusFault_Handler                         0x0800051b   Thumb Code     2  stm32f2xx_it.o(i.BusFault_Handler)
    Button_Init                              0x0800051d   Thumb Code    64  main.o(i.Button_Init)
    DHCP_Periodic_Handle                     0x08000565   Thumb Code    38  app_ethernet.o(i.DHCP_Periodic_Handle)
    DHCP_Process                             0x08000591   Thumb Code   110  app_ethernet.o(i.DHCP_Process)
    DebugMon_Handler                         0x0800060d   Thumb Code     2  stm32f2xx_it.o(i.DebugMon_Handler)
    EXTI0_IRQHandler                         0x08000885   Thumb Code    78  stm32f2xx_it.o(i.EXTI0_IRQHandler)
    HAL_Delay                                0x080008e1   Thumb Code    28  stm32f2xx_hal.o(i.HAL_Delay)
    HAL_ETH_DMARxDescListInit                0x080008fd   Thumb Code   110  stm32f2xx_hal_eth.o(i.HAL_ETH_DMARxDescListInit)
    HAL_ETH_DMATxDescListInit                0x0800096b   Thumb Code   122  stm32f2xx_hal_eth.o(i.HAL_ETH_DMATxDescListInit)
    HAL_ETH_GetReceivedFrame                 0x080009e5   Thumb Code   126  stm32f2xx_hal_eth.o(i.HAL_ETH_GetReceivedFrame)
    HAL_ETH_Init                             0x08000a65   Thumb Code   514  stm32f2xx_hal_eth.o(i.HAL_ETH_Init)
    HAL_ETH_MspInit                          0x08000c89   Thumb Code   136  ethernetif.o(i.HAL_ETH_MspInit)
    HAL_ETH_ReadPHYRegister                  0x08000d25   Thumb Code   130  stm32f2xx_hal_eth.o(i.HAL_ETH_ReadPHYRegister)
    HAL_ETH_Start                            0x08000da7   Thumb Code    68  stm32f2xx_hal_eth.o(i.HAL_ETH_Start)
    HAL_ETH_TransmitFrame                    0x08000deb   Thumb Code   274  stm32f2xx_hal_eth.o(i.HAL_ETH_TransmitFrame)
    HAL_ETH_WritePHYRegister                 0x08000efd   Thumb Code   122  stm32f2xx_hal_eth.o(i.HAL_ETH_WritePHYRegister)
    HAL_GPIO_EXTI_Callback                   0x08000f77   Thumb Code     2  stm32f2xx_hal_gpio.o(i.HAL_GPIO_EXTI_Callback)
    HAL_GPIO_EXTI_IRQHandler                 0x08000f79   Thumb Code    18  stm32f2xx_hal_gpio.o(i.HAL_GPIO_EXTI_IRQHandler)
    HAL_GPIO_Init                            0x08000f91   Thumb Code   416  stm32f2xx_hal_gpio.o(i.HAL_GPIO_Init)
    HAL_GPIO_ReadPin                         0x08001161   Thumb Code    14  stm32f2xx_hal_gpio.o(i.HAL_GPIO_ReadPin)
    HAL_GetTick                              0x08001171   Thumb Code     6  stm32f2xx_hal.o(i.HAL_GetTick)
    HAL_IncTick                              0x0800117d   Thumb Code    10  stm32f2xx_hal.o(i.HAL_IncTick)
    HAL_Init                                 0x0800118d   Thumb Code    48  stm32f2xx_hal.o(i.HAL_Init)
    HAL_InitTick                             0x080011c1   Thumb Code    34  stm32f2xx_hal.o(i.HAL_InitTick)
    HAL_MspInit                              0x080011e9   Thumb Code   126  stm32f2xx_hal_msp.o(i.HAL_MspInit)
    HAL_NVIC_EnableIRQ                       0x0800126d   Thumb Code    22  stm32f2xx_hal_cortex.o(i.HAL_NVIC_EnableIRQ)
    HAL_NVIC_SetPriority                     0x08001285   Thumb Code    60  stm32f2xx_hal_cortex.o(i.HAL_NVIC_SetPriority)
    HAL_NVIC_SetPriorityGrouping             0x080012c5   Thumb Code    26  stm32f2xx_hal_cortex.o(i.HAL_NVIC_SetPriorityGrouping)
    HAL_RCC_ClockConfig                      0x080012e9   Thumb Code   316  stm32f2xx_hal_rcc.o(i.HAL_RCC_ClockConfig)
    HAL_RCC_GetHCLKFreq                      0x08001435   Thumb Code     6  stm32f2xx_hal_rcc.o(i.HAL_RCC_GetHCLKFreq)
    HAL_RCC_GetSysClockFreq                  0x08001441   Thumb Code    94  stm32f2xx_hal_rcc.o(i.HAL_RCC_GetSysClockFreq)
    HAL_RCC_OscConfig                        0x080014ad   Thumb Code   782  stm32f2xx_hal_rcc.o(i.HAL_RCC_OscConfig)
    HAL_SYSTICK_CLKSourceConfig              0x080017cd   Thumb Code    28  stm32f2xx_hal_cortex.o(i.HAL_SYSTICK_CLKSourceConfig)
    HAL_SYSTICK_Callback                     0x080017e9   Thumb Code     2  stm32f2xx_hal_cortex.o(i.HAL_SYSTICK_Callback)
    HAL_SYSTICK_Config                       0x080017eb   Thumb Code    40  stm32f2xx_hal_cortex.o(i.HAL_SYSTICK_Config)
    HAL_SYSTICK_IRQHandler                   0x08001813   Thumb Code     8  stm32f2xx_hal_cortex.o(i.HAL_SYSTICK_IRQHandler)
    HAL_TIMEx_BreakCallback                  0x0800181b   Thumb Code     2  stm32f2xx_hal_tim_ex.o(i.HAL_TIMEx_BreakCallback)
    HAL_TIMEx_CommutationCallback            0x0800181d   Thumb Code     2  stm32f2xx_hal_tim_ex.o(i.HAL_TIMEx_CommutationCallback)
    HAL_TIMEx_MasterConfigSynchronization    0x0800181f   Thumb Code    80  stm32f2xx_hal_tim_ex.o(i.HAL_TIMEx_MasterConfigSynchronization)
    HAL_TIM_Base_Init                        0x0800186f   Thumb Code    56  stm32f2xx_hal_tim.o(i.HAL_TIM_Base_Init)
    HAL_TIM_Base_MspInit                     0x080018a9   Thumb Code    50  tim.o(i.HAL_TIM_Base_MspInit)
    HAL_TIM_ConfigClockSource                0x080018e1   Thumb Code   270  stm32f2xx_hal_tim.o(i.HAL_TIM_ConfigClockSource)
    HAL_TIM_IC_CaptureCallback               0x080019ef   Thumb Code     2  stm32f2xx_hal_tim.o(i.HAL_TIM_IC_CaptureCallback)
    HAL_TIM_IRQHandler                       0x080019f1   Thumb Code   366  stm32f2xx_hal_tim.o(i.HAL_TIM_IRQHandler)
    HAL_TIM_OC_DelayElapsedCallback          0x08001b5f   Thumb Code     2  stm32f2xx_hal_tim.o(i.HAL_TIM_OC_DelayElapsedCallback)
    HAL_TIM_PWM_PulseFinishedCallback        0x08001b61   Thumb Code     2  stm32f2xx_hal_tim.o(i.HAL_TIM_PWM_PulseFinishedCallback)
    HAL_TIM_PeriodElapsedCallback            0x08001b63   Thumb Code     2  stm32f2xx_hal_tim.o(i.HAL_TIM_PeriodElapsedCallback)
    HAL_TIM_TriggerCallback                  0x08001b65   Thumb Code     2  stm32f2xx_hal_tim.o(i.HAL_TIM_TriggerCallback)
    HardFault_Handler                        0x08001b67   Thumb Code     2  stm32f2xx_it.o(i.HardFault_Handler)
    MSGS_CGI_Handler                         0x08001b69   Thumb Code    58  main.o(i.MSGS_CGI_Handler)
    MX_GPIO_Init                             0x08001bbd   Thumb Code   110  gpio.o(i.MX_GPIO_Init)
    MX_LWIP_Init                             0x08001c39   Thumb Code    84  lwip.o(i.MX_LWIP_Init)
    MX_TIM2_Init                             0x08001c9d   Thumb Code   100  tim.o(i.MX_TIM2_Init)
    MemManage_Handler                        0x08001d15   Thumb Code     2  stm32f2xx_it.o(i.MemManage_Handler)
    NMI_Handler                              0x08001d17   Thumb Code     2  stm32f2xx_it.o(i.NMI_Handler)
    PendSV_Handler                           0x08001d39   Thumb Code     2  stm32f2xx_it.o(i.PendSV_Handler)
    SSI_Handler                              0x08001d3d   Thumb Code   110  main.o(i.SSI_Handler)
    SVC_Handler                              0x08001db5   Thumb Code     2  stm32f2xx_it.o(i.SVC_Handler)
    SysTick_Handler                          0x08001db7   Thumb Code    14  stm32f2xx_it.o(i.SysTick_Handler)
    SystemClock_Config                       0x08001dc5   Thumb Code   106  main.o(i.SystemClock_Config)
    SystemInit                               0x08001e41   Thumb Code    54  system_stm32f2xx.o(i.SystemInit)
    TIM2_IRQHandler                          0x08001e89   Thumb Code     6  stm32f2xx_it.o(i.TIM2_IRQHandler)
    TIM_Base_SetConfig                       0x08001e95   Thumb Code   160  stm32f2xx_hal_tim.o(i.TIM_Base_SetConfig)
    UsageFault_Handler                       0x08001fcb   Thumb Code     2  stm32f2xx_it.o(i.UsageFault_Handler)
    User_notification                        0x08001fcd   Thumb Code    52  app_ethernet.o(i.User_notification)
    _Error_Handler                           0x08002005   Thumb Code     2  main.o(i._Error_Handler)
    __0sprintf$1                             0x08002009   Thumb Code    34  printf1.o(i.__0sprintf$1)
    __1sprintf$1                             0x08002009   Thumb Code     0  printf1.o(i.__0sprintf$1)
    __2sprintf                               0x08002009   Thumb Code     0  printf1.o(i.__0sprintf$1)
    __aeabi_errno_addr                       0x08002031   Thumb Code     4  errno.o(i.__aeabi_errno_addr)
    __rt_errno_addr                          0x08002031   Thumb Code     0  errno.o(i.__aeabi_errno_addr)
    __scatterload_copy                       0x08002039   Thumb Code    14  handlers.o(i.__scatterload_copy)
    __scatterload_null                       0x08002047   Thumb Code     2  handlers.o(i.__scatterload_null)
    __scatterload_zeroinit                   0x08002049   Thumb Code    14  handlers.o(i.__scatterload_zeroinit)
    dhcp_arp_reply                           0x080021d5   Thumb Code    30  dhcp.o(i.dhcp_arp_reply)
    dhcp_coarse_tmr                          0x08002305   Thumb Code    96  dhcp.o(i.dhcp_coarse_tmr)
    dhcp_fine_tmr                            0x0800262d   Thumb Code    46  dhcp.o(i.dhcp_fine_tmr)
    dhcp_release                             0x08002db9   Thumb Code   162  dhcp.o(i.dhcp_release)
    dhcp_renew                               0x08002e65   Thumb Code   184  dhcp.o(i.dhcp_renew)
    dhcp_start                               0x08003035   Thumb Code   114  dhcp.o(i.dhcp_start)
    dhcp_stop                                0x080030a7   Thumb Code    36  dhcp.o(i.dhcp_stop)
    dhcp_supplied_address                    0x080030cb   Thumb Code    30  dhcp.o(i.dhcp_supplied_address)
    etharp_cleanup_netif                     0x080031dd   Thumb Code    42  etharp.o(i.etharp_cleanup_netif)
    etharp_input                             0x0800332d   Thumb Code   198  etharp.o(i.etharp_input)
    etharp_output                            0x080033f5   Thumb Code   230  etharp.o(i.etharp_output)
    etharp_query                             0x08003555   Thumb Code   268  etharp.o(i.etharp_query)
    etharp_request                           0x080036f5   Thumb Code     6  etharp.o(i.etharp_request)
    etharp_tmr                               0x08003721   Thumb Code    92  etharp.o(i.etharp_tmr)
    ethernet_input                           0x08003805   Thumb Code   158  ethernet.o(i.ethernet_input)
    ethernet_output                          0x080038a9   Thumb Code    76  ethernet.o(i.ethernet_output)
    ethernetif_init                          0x080038f5   Thumb Code    34  ethernetif.o(i.ethernetif_init)
    ethernetif_input                         0x08003929   Thumb Code    40  ethernetif.o(i.ethernetif_input)
    fs_bytes_left                            0x080039b7   Thumb Code     8  fs.o(i.fs_bytes_left)
    fs_close                                 0x080039bf   Thumb Code     2  fs.o(i.fs_close)
    fs_open                                  0x080039c1   Thumb Code    66  fs.o(i.fs_open)
    http_set_cgi_handlers                    0x080043d9   Thumb Code     8  httpd.o(i.http_set_cgi_handlers)
    http_set_ssi_handler                     0x080043e5   Thumb Code    10  httpd.o(i.http_set_ssi_handler)
    httpd_init                               0x080044ed   Thumb Code    46  httpd.o(i.httpd_init)
    icmp_dest_unreach                        0x08004525   Thumb Code     8  icmp.o(i.icmp_dest_unreach)
    icmp_input                               0x0800452d   Thumb Code   282  icmp.o(i.icmp_input)
    icmp_time_exceeded                       0x080046b9   Thumb Code     8  icmp.o(i.icmp_time_exceeded)
    ip4_addr_isbroadcast_u32                 0x080046c1   Thumb Code    64  ip4_addr.o(i.ip4_addr_isbroadcast_u32)
    ip4_frag                                 0x08004701   Thumb Code   380  ip4_frag.o(i.ip4_frag)
    ip4_input                                0x08004881   Thumb Code   474  ip4.o(i.ip4_input)
    ip4_output_if                            0x08004a65   Thumb Code    34  ip4.o(i.ip4_output_if)
    ip4_output_if_src                        0x08004a89   Thumb Code   166  ip4.o(i.ip4_output_if_src)
    ip4_reass                                0x08004b39   Thumb Code   350  ip4_frag.o(i.ip4_reass)
    ip4_route                                0x08004c9d   Thumb Code    84  ip4.o(i.ip4_route)
    ip_reass_tmr                             0x08004f71   Thumb Code    40  ip4_frag.o(i.ip_reass_tmr)
    lwip_htonl                               0x08005231   Thumb Code    24  def.o(i.lwip_htonl)
    lwip_htons                               0x08005249   Thumb Code    10  def.o(i.lwip_htons)
    lwip_init                                0x08005253   Thumb Code    30  init.o(i.lwip_init)
    lwip_stricmp                             0x08005271   Thumb Code    50  def.o(i.lwip_stricmp)
    lwip_strnstr                             0x080052a3   Thumb Code    68  def.o(i.lwip_strnstr)
    main                                     0x080052e9   Thumb Code   182  main.o(i.main)
    mem_free                                 0x080053c5   Thumb Code    38  mem.o(i.mem_free)
    mem_init                                 0x080053f1   Thumb Code    42  mem.o(i.mem_init)
    mem_malloc                               0x08005425   Thumb Code   178  mem.o(i.mem_malloc)
    mem_trim                                 0x080054dd   Thumb Code   198  mem.o(i.mem_trim)
    memp_free                                0x080055a9   Thumb Code    20  memp.o(i.memp_free)
    memp_init                                0x080055c1   Thumb Code    24  memp.o(i.memp_init)
    memp_init_pool                           0x080055dd   Thumb Code    42  memp.o(i.memp_init_pool)
    memp_malloc                              0x08005609   Thumb Code    18  memp.o(i.memp_malloc)
    netif_add                                0x08005621   Thumb Code    74  netif.o(i.netif_add)
    netif_init                               0x08005671   Thumb Code     2  netif.o(i.netif_init)
    netif_set_addr                           0x0800568d   Thumb Code    76  netif.o(i.netif_set_addr)
    netif_set_default                        0x080056d9   Thumb Code     6  netif.o(i.netif_set_default)
    netif_set_down                           0x080056e5   Thumb Code    26  netif.o(i.netif_set_down)
    netif_set_gw                             0x080056ff   Thumb Code    14  netif.o(i.netif_set_gw)
    netif_set_ipaddr                         0x0800570d   Thumb Code    66  netif.o(i.netif_set_ipaddr)
    netif_set_netmask                        0x08005755   Thumb Code    14  netif.o(i.netif_set_netmask)
    netif_set_up                             0x08005763   Thumb Code    28  netif.o(i.netif_set_up)
    pbuf_alloc                               0x0800577f   Thumb Code   312  pbuf.o(i.pbuf_alloc)
    pbuf_alloced_custom                      0x080058b7   Thumb Code    92  pbuf.o(i.pbuf_alloced_custom)
    pbuf_cat                                 0x08005913   Thumb Code    40  pbuf.o(i.pbuf_cat)
    pbuf_chain                               0x0800593b   Thumb Code    20  pbuf.o(i.pbuf_chain)
    pbuf_clen                                0x0800594f   Thumb Code    18  pbuf.o(i.pbuf_clen)
    pbuf_copy                                0x08005961   Thumb Code   160  pbuf.o(i.pbuf_copy)
    pbuf_copy_partial                        0x08005a01   Thumb Code   108  pbuf.o(i.pbuf_copy_partial)
    pbuf_free                                0x08005a6d   Thumb Code    94  pbuf.o(i.pbuf_free)
    pbuf_free_ooseq                          0x08005acd   Thumb Code    36  pbuf.o(i.pbuf_free_ooseq)
    pbuf_header                              0x08005af9   Thumb Code     6  pbuf.o(i.pbuf_header)
    pbuf_header_force                        0x08005aff   Thumb Code     6  pbuf.o(i.pbuf_header_force)
    pbuf_realloc                             0x08005b85   Thumb Code    84  pbuf.o(i.pbuf_realloc)
    pbuf_ref                                 0x08005bd9   Thumb Code    12  pbuf.o(i.pbuf_ref)
    sendstring                               0x08005c39   Thumb Code    56  net.o(i.sendstring)
    sys_check_timeouts                       0x08005c79   Thumb Code    86  timeouts.o(i.sys_check_timeouts)
    sys_now                                  0x08005cd9   Thumb Code     4  ethernetif.o(i.sys_now)
    sys_timeout                              0x08005cdd   Thumb Code   152  timeouts.o(i.sys_timeout)
    sys_timeouts_init                        0x08005d79   Thumb Code    36  timeouts.o(i.sys_timeouts_init)
    tcp_abandon                              0x08005da9   Thumb Code   208  tcp.o(i.tcp_abandon)
    tcp_abort                                0x08005e7d   Thumb Code     6  tcp.o(i.tcp_abort)
    tcp_accept                               0x08005e83   Thumb Code    14  tcp.o(i.tcp_accept)
    tcp_alloc                                0x08005ea1   Thumb Code   166  tcp.o(i.tcp_alloc)
    tcp_arg                                  0x08005f55   Thumb Code     8  tcp.o(i.tcp_arg)
    tcp_bind                                 0x08005f5d   Thumb Code   136  tcp.o(i.tcp_bind)
    tcp_close                                0x08005ff1   Thumb Code    20  tcp.o(i.tcp_close)
    tcp_eff_send_mss_impl                    0x08006209   Thumb Code    38  tcp.o(i.tcp_eff_send_mss_impl)
    tcp_enqueue_flags                        0x0800622f   Thumb Code   176  tcp_out.o(i.tcp_enqueue_flags)
    tcp_err                                  0x080062df   Thumb Code    10  tcp.o(i.tcp_err)
    tcp_fasttmr                              0x080062e9   Thumb Code    84  tcp.o(i.tcp_fasttmr)
    tcp_init                                 0x08006371   Thumb Code     2  tcp.o(i.tcp_init)
    tcp_input                                0x08006375   Thumb Code   882  tcp_in.o(i.tcp_input)
    tcp_keepalive                            0x08006701   Thumb Code    82  tcp_out.o(i.tcp_keepalive)
    tcp_listen_with_backlog                  0x08006919   Thumb Code   132  tcp.o(i.tcp_listen_with_backlog)
    tcp_netif_ip_addr_changed                0x080069a5   Thumb Code    74  tcp.o(i.tcp_netif_ip_addr_changed)
    tcp_new                                  0x08006a17   Thumb Code     6  tcp.o(i.tcp_new)
    tcp_new_ip_type                          0x08006a1d   Thumb Code     6  tcp.o(i.tcp_new_ip_type)
    tcp_next_iss                             0x08006a7d   Thumb Code    12  tcp.o(i.tcp_next_iss)
    tcp_output                               0x08006b09   Thumb Code   460  tcp_out.o(i.tcp_output)
    tcp_pcb_purge                            0x08006eb3   Thumb Code    66  tcp.o(i.tcp_pcb_purge)
    tcp_pcb_remove                           0x08006ef5   Thumb Code    80  tcp.o(i.tcp_pcb_remove)
    tcp_poll                                 0x08006f45   Thumb Code     8  tcp.o(i.tcp_poll)
    tcp_process_refused_data                 0x08007389   Thumb Code   114  tcp.o(i.tcp_process_refused_data)
    tcp_recv                                 0x08007b21   Thumb Code    10  tcp.o(i.tcp_recv)
    tcp_recv_null                            0x08007b2b   Thumb Code    38  tcp.o(i.tcp_recv_null)
    tcp_recved                               0x08007b51   Thumb Code    70  tcp.o(i.tcp_recved)
    tcp_rexmit                               0x08007bab   Thumb Code    80  tcp_out.o(i.tcp_rexmit)
    tcp_rexmit_fast                          0x08007bfb   Thumb Code    98  tcp_out.o(i.tcp_rexmit_fast)
    tcp_rexmit_rto                           0x08007c5d   Thumb Code    46  tcp_out.o(i.tcp_rexmit_rto)
    tcp_rst                                  0x08007c8b   Thumb Code   134  tcp_out.o(i.tcp_rst)
    tcp_seg_copy                             0x08007d11   Thumb Code    38  tcp.o(i.tcp_seg_copy)
    tcp_seg_free                             0x08007d37   Thumb Code    30  tcp.o(i.tcp_seg_free)
    tcp_segs_free                            0x08007d55   Thumb Code    18  tcp.o(i.tcp_segs_free)
    tcp_send_empty_ack                       0x08007d67   Thumb Code   110  tcp_out.o(i.tcp_send_empty_ack)
    tcp_send_fin                             0x08007dd5   Thumb Code    72  tcp_out.o(i.tcp_send_fin)
    tcp_sent                                 0x08007e1d   Thumb Code     8  tcp.o(i.tcp_sent)
    tcp_server_init                          0x08007ef1   Thumb Code    58  net.o(i.tcp_server_init)
    tcp_setprio                              0x080080e5   Thumb Code     4  tcp.o(i.tcp_setprio)
    tcp_slowtmr                              0x080080e9   Thumb Code   642  tcp.o(i.tcp_slowtmr)
    tcp_timer_needed                         0x0800837d   Thumb Code    36  timeouts.o(i.tcp_timer_needed)
    tcp_tmr                                  0x08008419   Thumb Code    28  tcp.o(i.tcp_tmr)
    tcp_trigger_input_pcb_close              0x08008439   Thumb Code    12  tcp_in.o(i.tcp_trigger_input_pcb_close)
    tcp_update_rcv_ann_wnd                   0x08008449   Thumb Code    54  tcp.o(i.tcp_update_rcv_ann_wnd)
    tcp_write                                0x0800847f   Thumb Code   700  tcp_out.o(i.tcp_write)
    tcp_zero_window_probe                    0x08008789   Thumb Code   196  tcp_out.o(i.tcp_zero_window_probe)
    udp_bind                                 0x08008885   Thumb Code   124  udp.o(i.udp_bind)
    udp_connect                              0x08008909   Thumb Code    80  udp.o(i.udp_connect)
    udp_init                                 0x0800895d   Thumb Code     2  udp.o(i.udp_init)
    udp_input                                0x08008961   Thumb Code   306  udp.o(i.udp_input)
    udp_netif_ip_addr_changed                0x08008ad5   Thumb Code    48  udp.o(i.udp_netif_ip_addr_changed)
    udp_new                                  0x08008b09   Thumb Code    28  udp.o(i.udp_new)
    udp_recv                                 0x08008b6d   Thumb Code     6  udp.o(i.udp_recv)
    udp_remove                               0x08008b75   Thumb Code    42  udp.o(i.udp_remove)
    udp_sendto_if                            0x08008ba5   Thumb Code    60  udp.o(i.udp_sendto_if)
    udp_sendto_if_src                        0x08008be1   Thumb Code   168  udp.o(i.udp_sendto_if_src)
    MSGS_CGI                                 0x08008c88   Data           8  main.o(.constdata)
    AHBPrescTable                            0x08008cbe   Data          16  system_stm32f2xx.o(.constdata)
    ethbroadcast                             0x08008cce   Data           6  ethernet.o(.constdata)
    ethzero                                  0x08008cd4   Data           6  ethernet.o(.constdata)
    memp_UDP_PCB                             0x08008cdc   Data          12  memp.o(.constdata)
    memp_TCP_PCB                             0x08008ce8   Data          12  memp.o(.constdata)
    memp_TCP_PCB_LISTEN                      0x08008cf4   Data          12  memp.o(.constdata)
    memp_TCP_SEG                             0x08008d00   Data          12  memp.o(.constdata)
    memp_REASSDATA                           0x08008d0c   Data          12  memp.o(.constdata)
    memp_FRAG_PBUF                           0x08008d18   Data          12  memp.o(.constdata)
    memp_SYS_TIMEOUT                         0x08008d24   Data          12  memp.o(.constdata)
    memp_PBUF                                0x08008d30   Data          12  memp.o(.constdata)
    memp_PBUF_POOL                           0x08008d3c   Data          12  memp.o(.constdata)
    memp_pools                               0x08008d48   Data          36  memp.o(.constdata)
    tcp_pcb_lists                            0x08008db0   Data          16  tcp.o(.constdata)
    lwip_cyclic_timers                       0x08008dc0   Data          40  timeouts.o(.constdata)
    ip_addr_any                              0x08008de8   Data           4  ip4_addr.o(.constdata)
    ip_addr_broadcast                        0x08008dec   Data           4  ip4_addr.o(.constdata)
    g_pcTagLeadIn                            0x08008df0   Data           4  httpd.o(.constdata)
    g_pcTagLeadOut                           0x08008df4   Data           4  httpd.o(.constdata)
    g_psDefaultFilenames                     0x08008e08   Data          40  httpd.o(.constdata)
    file__img_sics_gif                       0x0800a274   Data          20  fs.o(.constdata)
    file__404_html                           0x0800a288   Data          20  fs.o(.constdata)
    file__counter_shtml                      0x0800a29c   Data          20  fs.o(.constdata)
    file__index_html                         0x0800a2b0   Data          20  fs.o(.constdata)
    file__send_html                          0x0800a2c4   Data          20  fs.o(.constdata)
    __ctype_table                            0x0800a2d8   Data         129  ctype_o.o(.constdata)
    Region$$Table$$Base                      0x0800a460   Number         0  anon$$obj.o(Region$$Table)
    Region$$Table$$Limit                     0x0800a480   Number         0  anon$$obj.o(Region$$Table)
    server_pcb                               0x20000000   Data           4  net.o(.data)
    ss                                       0x20000004   Data           4  net.o(.data)
    DHCP_state                               0x20000008   Data           1  app_ethernet.o(.data)
    http_var1                                0x2000000c   Data           2  main.o(.data)
    CGI_TAB                                  0x20000014   Data           8  main.o(.data)
    DHCPfineTimer                            0x2000001c   Data           4  lwip.o(.data)
    ipaddr                                   0x20000020   Data           4  lwip.o(.data)
    netmask                                  0x20000024   Data           4  lwip.o(.data)
    gw                                       0x20000028   Data           4  lwip.o(.data)
    ETH_status                               0x2000002c   Data           2  stm32f2xx_it.o(.data)
    uwTick                                   0x20000030   Data           4  stm32f2xx_hal.o(.data)
    SystemCoreClock                          0x20000034   Data           4  system_stm32f2xx.o(.data)
    netif_list                               0x2000006c   Data           4  netif.o(.data)
    netif_default                            0x20000070   Data           4  netif.o(.data)
    pbuf_free_ooseq_pending                  0x20000074   Data           1  pbuf.o(.data)
    tcp_active_pcbs_changed                  0x20000078   Data           1  tcp.o(.data)
    tcp_ticks                                0x20000084   Data           4  tcp.o(.data)
    tcp_bound_pcbs                           0x20000088   Data           4  tcp.o(.data)
    tcp_listen_pcbs                          0x2000008c   Data           4  tcp.o(.data)
    tcp_active_pcbs                          0x20000090   Data           4  tcp.o(.data)
    tcp_tw_pcbs                              0x20000094   Data           4  tcp.o(.data)
    tcp_input_pcb                            0x200000b8   Data           4  tcp_in.o(.data)
    udp_pcbs                                 0x200000cc   Data           4  udp.o(.data)
    g_pfnSSIHandler                          0x200000ec   Data           4  httpd.o(.data)
    g_iNumTags                               0x200000f0   Data           4  httpd.o(.data)
    g_ppcTags                                0x200000f4   Data           4  httpd.o(.data)
    g_pCGIs                                  0x200000f8   Data           4  httpd.o(.data)
    g_iNumCGIs                               0x200000fc   Data           4  httpd.o(.data)
    http_cgi_paramcount                      0x20000100   Data           4  httpd.o(.data)
    input_str                                0x2000010c   Data         100  net.o(.bss)
    gnetif                                   0x20000170   Data          60  lwip.o(.bss)
    DMARxDscrTab                             0x200001ac   Data         128  ethernetif.o(.bss)
    DMATxDscrTab                             0x2000022c   Data         128  ethernetif.o(.bss)
    Rx_Buff                                  0x200002ac   Data        6096  ethernetif.o(.bss)
    Tx_Buff                                  0x20001a7c   Data        6096  ethernetif.o(.bss)
    heth                                     0x2000324c   Data          72  ethernetif.o(.bss)
    htim2                                    0x20003294   Data          64  tim.o(.bss)
    ip_data                                  0x200032d4   Data          24  ip.o(.bss)
    ram_heap                                 0x200032ec   Data        1619  mem.o(.bss)
    memp_memory_UDP_PCB_base                 0x2000393f   Data         131  memp.o(.bss)
    memp_memory_TCP_PCB_base                 0x200039c2   Data         763  memp.o(.bss)
    memp_memory_TCP_PCB_LISTEN_base          0x20003cbd   Data         227  memp.o(.bss)
    memp_memory_TCP_SEG_base                 0x20003da0   Data         387  memp.o(.bss)
    memp_memory_REASSDATA_base               0x20003f23   Data         163  memp.o(.bss)
    memp_memory_FRAG_PBUF_base               0x20003fc6   Data         363  memp.o(.bss)
    memp_memory_SYS_TIMEOUT_base             0x20004131   Data          83  memp.o(.bss)
    memp_memory_PBUF_base                    0x20004184   Data         259  memp.o(.bss)
    memp_memory_PBUF_POOL_base               0x20004287   Data        8515  memp.o(.bss)
    dhcp_rx_options_val                      0x200063dc   Data          40  dhcp.o(.bss)
    dhcp_rx_options_given                    0x20006404   Data          10  dhcp.o(.bss)
    __initial_sp                             0x2000a940   Data           0  startup_stm32f207xx.o(STACK)



==============================================================================

Memory Map of the image

  Image Entry point : 0x08000185

  Load Region LR_IROM1 (Base: 0x08000000, Size: 0x0000a58c, Max: 0x00100000, ABSOLUTE)

    Execution Region ER_IROM1 (Base: 0x08000000, Size: 0x0000a480, Max: 0x00100000, ABSOLUTE)

    Base Addr    Size         Type   Attr      Idx    E Section Name        Object

    0x08000000   0x00000184   Data   RO            3    RESET               startup_stm32f207xx.o
    0x08000184   0x00000000   Code   RO         6124  * .ARM.Collect$$$$00000000  mc_w.l(entry.o)
    0x08000184   0x00000004   Code   RO         6415    .ARM.Collect$$$$00000001  mc_w.l(entry2.o)
    0x08000188   0x00000004   Code   RO         6418    .ARM.Collect$$$$00000004  mc_w.l(entry5.o)
    0x0800018c   0x00000000   Code   RO         6420    .ARM.Collect$$$$00000008  mc_w.l(entry7b.o)
    0x0800018c   0x00000000   Code   RO         6422    .ARM.Collect$$$$0000000A  mc_w.l(entry8b.o)
    0x0800018c   0x00000008   Code   RO         6423    .ARM.Collect$$$$0000000B  mc_w.l(entry9a.o)
    0x08000194   0x00000000   Code   RO         6425    .ARM.Collect$$$$0000000D  mc_w.l(entry10a.o)
    0x08000194   0x00000000   Code   RO         6427    .ARM.Collect$$$$0000000F  mc_w.l(entry11a.o)
    0x08000194   0x00000004   Code   RO         6416    .ARM.Collect$$$$00002712  mc_w.l(entry2.o)
    0x08000198   0x00000024   Code   RO            4    .text               startup_stm32f207xx.o
    0x080001bc   0x00000062   Code   RO         6127    .text               mc_w.l(uldiv.o)
    0x0800021e   0x00000002   PAD
    0x08000220   0x00000024   Code   RO         6129    .text               mc_w.l(rand.o)
    0x08000244   0x00000024   Code   RO         6132    .text               mc_w.l(memcpya.o)
    0x08000268   0x00000024   Code   RO         6134    .text               mc_w.l(memseta.o)
    0x0800028c   0x00000024   Code   RO         6136    .text               mc_w.l(strstr.o)
    0x080002b0   0x00000018   Code   RO         6138    .text               mc_w.l(strncpy.o)
    0x080002c8   0x00000014   Code   RO         6140    .text               mc_w.l(strchr.o)
    0x080002dc   0x0000000e   Code   RO         6142    .text               mc_w.l(strlen.o)
    0x080002ea   0x0000001c   Code   RO         6144    .text               mc_w.l(strcmp.o)
    0x08000306   0x0000001a   Code   RO         6146    .text               mc_w.l(memcmp.o)
    0x08000320   0x0000001e   Code   RO         6148    .text               mc_w.l(strncmp.o)
    0x0800033e   0x0000001a   Code   RO         6413    .text               mc_w.l(atoi.o)
    0x08000358   0x0000002c   Code   RO         6432    .text               mc_w.l(uidiv.o)
    0x08000384   0x0000001e   Code   RO         6434    .text               mc_w.l(llshl.o)
    0x080003a2   0x00000020   Code   RO         6436    .text               mc_w.l(llushr.o)
    0x080003c2   0x00000070   Code   RO         6445    .text               mc_w.l(strtol.o)
    0x08000432   0x00000002   PAD
    0x08000434   0x00000024   Code   RO         6458    .text               mc_w.l(init.o)
    0x08000458   0x00000008   Code   RO         6463    .text               mc_w.l(ctype_o.o)
    0x08000460   0x0000009e   Code   RO         6491    .text               mc_w.l(_strtoul.o)
    0x080004fe   0x0000001c   Code   RO         6496    .text               mc_w.l(_chval.o)
    0x0800051a   0x00000002   Code   RO          694    i.BusFault_Handler  stm32f2xx_it.o
    0x0800051c   0x00000048   Code   RO          400    i.Button_Init       main.o
    0x08000564   0x0000002c   Code   RO          303    i.DHCP_Periodic_Handle  app_ethernet.o
    0x08000590   0x0000007c   Code   RO          304    i.DHCP_Process      app_ethernet.o
    0x0800060c   0x00000002   Code   RO          695    i.DebugMon_Handler  stm32f2xx_it.o
    0x0800060e   0x00000010   Code   RO          810    i.ETH_DMAReceptionEnable  stm32f2xx_hal_eth.o
    0x0800061e   0x00000010   Code   RO          812    i.ETH_DMATransmissionEnable  stm32f2xx_hal_eth.o
    0x0800062e   0x00000002   PAD
    0x08000630   0x00000024   Code   RO          813    i.ETH_Delay         stm32f2xx_hal_eth.o
    0x08000654   0x0000002e   Code   RO          814    i.ETH_FlushTransmitFIFO  stm32f2xx_hal_eth.o
    0x08000682   0x00000002   PAD
    0x08000684   0x0000002c   Code   RO          815    i.ETH_MACAddressConfig  stm32f2xx_hal_eth.o
    0x080006b0   0x00000190   Code   RO          816    i.ETH_MACDMAConfig  stm32f2xx_hal_eth.o
    0x08000840   0x00000022   Code   RO          818    i.ETH_MACReceptionEnable  stm32f2xx_hal_eth.o
    0x08000862   0x00000022   Code   RO          820    i.ETH_MACTransmissionEnable  stm32f2xx_hal_eth.o
    0x08000884   0x0000005c   Code   RO          696    i.EXTI0_IRQHandler  stm32f2xx_it.o
    0x080008e0   0x0000001c   Code   RO         1894    i.HAL_Delay         stm32f2xx_hal.o
    0x080008fc   0x0000006e   Code   RO          823    i.HAL_ETH_DMARxDescListInit  stm32f2xx_hal_eth.o
    0x0800096a   0x0000007a   Code   RO          824    i.HAL_ETH_DMATxDescListInit  stm32f2xx_hal_eth.o
    0x080009e4   0x0000007e   Code   RO          827    i.HAL_ETH_GetReceivedFrame  stm32f2xx_hal_eth.o
    0x08000a62   0x00000002   PAD
    0x08000a64   0x00000224   Code   RO          831    i.HAL_ETH_Init      stm32f2xx_hal_eth.o
    0x08000c88   0x0000009c   Code   RO          578    i.HAL_ETH_MspInit   ethernetif.o
    0x08000d24   0x00000082   Code   RO          834    i.HAL_ETH_ReadPHYRegister  stm32f2xx_hal_eth.o
    0x08000da6   0x00000044   Code   RO          836    i.HAL_ETH_Start     stm32f2xx_hal_eth.o
    0x08000dea   0x00000112   Code   RO          838    i.HAL_ETH_TransmitFrame  stm32f2xx_hal_eth.o
    0x08000efc   0x0000007a   Code   RO          840    i.HAL_ETH_WritePHYRegister  stm32f2xx_hal_eth.o
    0x08000f76   0x00000002   Code   RO         2693    i.HAL_GPIO_EXTI_Callback  stm32f2xx_hal_gpio.o
    0x08000f78   0x00000018   Code   RO         2694    i.HAL_GPIO_EXTI_IRQHandler  stm32f2xx_hal_gpio.o
    0x08000f90   0x000001d0   Code   RO         2695    i.HAL_GPIO_Init     stm32f2xx_hal_gpio.o
    0x08001160   0x0000000e   Code   RO         2697    i.HAL_GPIO_ReadPin  stm32f2xx_hal_gpio.o
    0x0800116e   0x00000002   PAD
    0x08001170   0x0000000c   Code   RO         1900    i.HAL_GetTick       stm32f2xx_hal.o
    0x0800117c   0x00000010   Code   RO         1902    i.HAL_IncTick       stm32f2xx_hal.o
    0x0800118c   0x00000034   Code   RO         1903    i.HAL_Init          stm32f2xx_hal.o
    0x080011c0   0x00000028   Code   RO         1904    i.HAL_InitTick      stm32f2xx_hal.o
    0x080011e8   0x00000084   Code   RO          785    i.HAL_MspInit       stm32f2xx_hal_msp.o
    0x0800126c   0x00000016   Code   RO         2177    i.HAL_NVIC_EnableIRQ  stm32f2xx_hal_cortex.o
    0x08001282   0x00000002   PAD
    0x08001284   0x00000040   Code   RO         2183    i.HAL_NVIC_SetPriority  stm32f2xx_hal_cortex.o
    0x080012c4   0x00000024   Code   RO         2184    i.HAL_NVIC_SetPriorityGrouping  stm32f2xx_hal_cortex.o
    0x080012e8   0x0000014c   Code   RO         2041    i.HAL_RCC_ClockConfig  stm32f2xx_hal_rcc.o
    0x08001434   0x0000000c   Code   RO         2046    i.HAL_RCC_GetHCLKFreq  stm32f2xx_hal_rcc.o
    0x08001440   0x0000006c   Code   RO         2050    i.HAL_RCC_GetSysClockFreq  stm32f2xx_hal_rcc.o
    0x080014ac   0x00000320   Code   RO         2053    i.HAL_RCC_OscConfig  stm32f2xx_hal_rcc.o
    0x080017cc   0x0000001c   Code   RO         2186    i.HAL_SYSTICK_CLKSourceConfig  stm32f2xx_hal_cortex.o
    0x080017e8   0x00000002   Code   RO         2187    i.HAL_SYSTICK_Callback  stm32f2xx_hal_cortex.o
    0x080017ea   0x00000028   Code   RO         2188    i.HAL_SYSTICK_Config  stm32f2xx_hal_cortex.o
    0x08001812   0x00000008   Code   RO         2189    i.HAL_SYSTICK_IRQHandler  stm32f2xx_hal_cortex.o
    0x0800181a   0x00000002   Code   RO         1648    i.HAL_TIMEx_BreakCallback  stm32f2xx_hal_tim_ex.o
    0x0800181c   0x00000002   Code   RO         1649    i.HAL_TIMEx_CommutationCallback  stm32f2xx_hal_tim_ex.o
    0x0800181e   0x00000050   Code   RO         1665    i.HAL_TIMEx_MasterConfigSynchronization  stm32f2xx_hal_tim_ex.o
    0x0800186e   0x00000038   Code   RO         1009    i.HAL_TIM_Base_Init  stm32f2xx_hal_tim.o
    0x080018a6   0x00000002   PAD
    0x080018a8   0x00000038   Code   RO          653    i.HAL_TIM_Base_MspInit  tim.o
    0x080018e0   0x0000010e   Code   RO         1018    i.HAL_TIM_ConfigClockSource  stm32f2xx_hal_tim.o
    0x080019ee   0x00000002   Code   RO         1038    i.HAL_TIM_IC_CaptureCallback  stm32f2xx_hal_tim.o
    0x080019f0   0x0000016e   Code   RO         1051    i.HAL_TIM_IRQHandler  stm32f2xx_hal_tim.o
    0x08001b5e   0x00000002   Code   RO         1054    i.HAL_TIM_OC_DelayElapsedCallback  stm32f2xx_hal_tim.o
    0x08001b60   0x00000002   Code   RO         1081    i.HAL_TIM_PWM_PulseFinishedCallback  stm32f2xx_hal_tim.o
    0x08001b62   0x00000002   Code   RO         1088    i.HAL_TIM_PeriodElapsedCallback  stm32f2xx_hal_tim.o
    0x08001b64   0x00000002   Code   RO         1092    i.HAL_TIM_TriggerCallback  stm32f2xx_hal_tim.o
    0x08001b66   0x00000002   Code   RO          697    i.HardFault_Handler  stm32f2xx_it.o
    0x08001b68   0x00000054   Code   RO          401    i.MSGS_CGI_Handler  main.o
    0x08001bbc   0x0000007c   Code   RO          473    i.MX_GPIO_Init      gpio.o
    0x08001c38   0x00000064   Code   RO          497    i.MX_LWIP_Init      lwip.o
    0x08001c9c   0x00000078   Code   RO          654    i.MX_TIM2_Init      tim.o
    0x08001d14   0x00000002   Code   RO          698    i.MemManage_Handler  stm32f2xx_it.o
    0x08001d16   0x00000002   Code   RO          699    i.NMI_Handler       stm32f2xx_it.o
    0x08001d18   0x00000020   Code   RO         2190    i.NVIC_SetPriority  stm32f2xx_hal_cortex.o
    0x08001d38   0x00000002   Code   RO          700    i.PendSV_Handler    stm32f2xx_it.o
    0x08001d3a   0x00000002   PAD
    0x08001d3c   0x00000078   Code   RO          402    i.SSI_Handler       main.o
    0x08001db4   0x00000002   Code   RO          701    i.SVC_Handler       stm32f2xx_it.o
    0x08001db6   0x0000000e   Code   RO          702    i.SysTick_Handler   stm32f2xx_it.o
    0x08001dc4   0x0000007c   Code   RO          403    i.SystemClock_Config  main.o
    0x08001e40   0x00000048   Code   RO         2906    i.SystemInit        system_stm32f2xx.o
    0x08001e88   0x0000000c   Code   RO          703    i.TIM2_IRQHandler   stm32f2xx_it.o
    0x08001e94   0x000000cc   Code   RO         1093    i.TIM_Base_SetConfig  stm32f2xx_hal_tim.o
    0x08001f60   0x00000014   Code   RO         1100    i.TIM_ETR_SetConfig  stm32f2xx_hal_tim.o
    0x08001f74   0x00000010   Code   RO         1101    i.TIM_ITRx_SetConfig  stm32f2xx_hal_tim.o
    0x08001f84   0x00000022   Code   RO         1107    i.TIM_TI1_ConfigInputStage  stm32f2xx_hal_tim.o
    0x08001fa6   0x00000024   Code   RO         1109    i.TIM_TI2_ConfigInputStage  stm32f2xx_hal_tim.o
    0x08001fca   0x00000002   Code   RO          704    i.UsageFault_Handler  stm32f2xx_it.o
    0x08001fcc   0x00000038   Code   RO          305    i.User_notification  app_ethernet.o
    0x08002004   0x00000002   Code   RO          404    i._Error_Handler    main.o
    0x08002006   0x00000002   PAD
    0x08002008   0x00000028   Code   RO         6199    i.__0sprintf$1      mc_w.l(printf1.o)
    0x08002030   0x00000008   Code   RO         6438    i.__aeabi_errno_addr  mc_w.l(errno.o)
    0x08002038   0x0000000e   Code   RO         6500    i.__scatterload_copy  mc_w.l(handlers.o)
    0x08002046   0x00000002   Code   RO         6501    i.__scatterload_null  mc_w.l(handlers.o)
    0x08002048   0x0000000e   Code   RO         6502    i.__scatterload_zeroinit  mc_w.l(handlers.o)
    0x08002056   0x00000002   PAD
    0x08002058   0x00000154   Code   RO         6204    i._printf_core      mc_w.l(printf1.o)
    0x080021ac   0x0000000a   Code   RO         6206    i._sputc            mc_w.l(printf1.o)
    0x080021b6   0x00000002   PAD
    0x080021b8   0x0000001c   Code   RO         4925    i.cyclic_timer      timeouts.o
    0x080021d4   0x0000001e   Code   RO         5144    i.dhcp_arp_reply    dhcp.o
    0x080021f2   0x000000de   Code   RO         5145    i.dhcp_bind         dhcp.o
    0x080022d0   0x00000034   Code   RO         5146    i.dhcp_check        dhcp.o
    0x08002304   0x00000064   Code   RO         5148    i.dhcp_coarse_tmr   dhcp.o
    0x08002368   0x00000130   Code   RO         5149    i.dhcp_create_msg   dhcp.o
    0x08002498   0x00000020   Code   RO         5150    i.dhcp_dec_pcb_refcount  dhcp.o
    0x080024b8   0x0000008c   Code   RO         5151    i.dhcp_decline      dhcp.o
    0x08002544   0x00000018   Code   RO         5152    i.dhcp_delete_msg   dhcp.o
    0x0800255c   0x000000d0   Code   RO         5153    i.dhcp_discover     dhcp.o
    0x0800262c   0x00000034   Code   RO         5154    i.dhcp_fine_tmr     dhcp.o
    0x08002660   0x0000006c   Code   RO         5155    i.dhcp_handle_ack   dhcp.o
    0x080026cc   0x00000028   Code   RO         5156    i.dhcp_handle_nak   dhcp.o
    0x080026f4   0x00000030   Code   RO         5157    i.dhcp_handle_offer  dhcp.o
    0x08002724   0x00000054   Code   RO         5158    i.dhcp_inc_pcb_refcount  dhcp.o
    0x08002778   0x0000001c   Code   RO         5161    i.dhcp_option       dhcp.o
    0x08002794   0x0000000e   Code   RO         5162    i.dhcp_option_byte  dhcp.o
    0x080027a2   0x0000007e   Code   RO         5163    i.dhcp_option_hostname  dhcp.o
    0x08002820   0x0000003a   Code   RO         5164    i.dhcp_option_long  dhcp.o
    0x0800285a   0x0000001e   Code   RO         5165    i.dhcp_option_short  dhcp.o
    0x08002878   0x00000030   Code   RO         5166    i.dhcp_option_trailer  dhcp.o
    0x080028a8   0x00000280   Code   RO         5167    i.dhcp_parse_reply  dhcp.o
    0x08002b28   0x000000c0   Code   RO         5168    i.dhcp_rebind       dhcp.o
    0x08002be8   0x000000d0   Code   RO         5169    i.dhcp_reboot       dhcp.o
    0x08002cb8   0x00000100   Code   RO         5170    i.dhcp_recv         dhcp.o
    0x08002db8   0x000000ac   Code   RO         5171    i.dhcp_release      dhcp.o
    0x08002e64   0x000000bc   Code   RO         5172    i.dhcp_renew        dhcp.o
    0x08002f20   0x00000104   Code   RO         5173    i.dhcp_select       dhcp.o
    0x08003024   0x00000010   Code   RO         5174    i.dhcp_set_state    dhcp.o
    0x08003034   0x00000072   Code   RO         5176    i.dhcp_start        dhcp.o
    0x080030a6   0x00000024   Code   RO         5177    i.dhcp_stop         dhcp.o
    0x080030ca   0x0000001e   Code   RO         5178    i.dhcp_supplied_address  dhcp.o
    0x080030e8   0x0000002a   Code   RO         5179    i.dhcp_t1_timeout   dhcp.o
    0x08003112   0x0000002e   Code   RO         5180    i.dhcp_t2_timeout   dhcp.o
    0x08003140   0x0000007c   Code   RO         5181    i.dhcp_timeout      dhcp.o
    0x080031bc   0x0000000c   Code   RO         3965    i.do_memp_free_pool  memp.o
    0x080031c8   0x00000012   Code   RO         3966    i.do_memp_malloc_pool  memp.o
    0x080031da   0x00000002   PAD
    0x080031dc   0x00000030   Code   RO         5374    i.etharp_cleanup_netif  etharp.o
    0x0800320c   0x000000f8   Code   RO         5376    i.etharp_find_entry  etharp.o
    0x08003304   0x00000028   Code   RO         5377    i.etharp_free_entry  etharp.o
    0x0800332c   0x000000c6   Code   RO         5379    i.etharp_input      etharp.o
    0x080033f2   0x00000002   PAD
    0x080033f4   0x000000f4   Code   RO         5380    i.etharp_output     etharp.o
    0x080034e8   0x0000006c   Code   RO         5381    i.etharp_output_to_arp_index  etharp.o
    0x08003554   0x00000114   Code   RO         5382    i.etharp_query      etharp.o
    0x08003668   0x0000008a   Code   RO         5383    i.etharp_raw        etharp.o
    0x080036f2   0x00000002   PAD
    0x080036f4   0x0000000c   Code   RO         5384    i.etharp_request    etharp.o
    0x08003700   0x00000020   Code   RO         5385    i.etharp_request_dst  etharp.o
    0x08003720   0x00000060   Code   RO         5386    i.etharp_tmr        etharp.o
    0x08003780   0x00000084   Code   RO         5387    i.etharp_update_arp_entry  etharp.o
    0x08003804   0x000000a4   Code   RO         3378    i.ethernet_input    ethernet.o
    0x080038a8   0x0000004c   Code   RO         3379    i.ethernet_output   ethernet.o
    0x080038f4   0x00000034   Code   RO          579    i.ethernetif_init   ethernetif.o
    0x08003928   0x00000028   Code   RO          580    i.ethernetif_input  ethernetif.o
    0x08003950   0x00000066   Code   RO         5888    i.extract_uri_parameters  httpd.o
    0x080039b6   0x00000008   Code   RO         6067    i.fs_bytes_left     fs.o
    0x080039be   0x00000002   Code   RO         6068    i.fs_close          fs.o
    0x080039c0   0x00000048   Code   RO         6069    i.fs_open           fs.o
    0x08003a08   0x000000d4   Code   RO         5889    i.get_tag_insert    httpd.o
    0x08003adc   0x00000064   Code   RO         5890    i.http_accept       httpd.o
    0x08003b40   0x00000030   Code   RO         5891    i.http_check_eof    httpd.o
    0x08003b70   0x00000006   Code   RO         5892    i.http_close_conn   httpd.o
    0x08003b76   0x00000002   PAD
    0x08003b78   0x00000064   Code   RO         5893    i.http_close_or_abort_conn  httpd.o
    0x08003bdc   0x00000004   Code   RO         5894    i.http_eof          httpd.o
    0x08003be0   0x0000000a   Code   RO         5895    i.http_err          httpd.o
    0x08003bea   0x00000002   PAD
    0x08003bec   0x000001b4   Code   RO         5896    i.http_find_file    httpd.o
    0x08003da0   0x00000058   Code   RO         5897    i.http_get_404_file  httpd.o
    0x08003df8   0x00000078   Code   RO         5898    i.http_init_file    httpd.o
    0x08003e70   0x0000010c   Code   RO         5899    i.http_parse_request  httpd.o
    0x08003f7c   0x00000046   Code   RO         5900    i.http_poll         httpd.o
    0x08003fc2   0x00000082   Code   RO         5901    i.http_recv         httpd.o
    0x08004044   0x0000005a   Code   RO         5902    i.http_send         httpd.o
    0x0800409e   0x00000042   Code   RO         5903    i.http_send_data_nonssi  httpd.o
    0x080040e0   0x000002d8   Code   RO         5904    i.http_send_data_ssi  httpd.o
    0x080043b8   0x0000001e   Code   RO         5905    i.http_sent         httpd.o
    0x080043d6   0x00000002   PAD
    0x080043d8   0x0000000c   Code   RO         5906    i.http_set_cgi_handlers  httpd.o
    0x080043e4   0x00000010   Code   RO         5907    i.http_set_ssi_handler  httpd.o
    0x080043f4   0x00000018   Code   RO         5908    i.http_ssi_state_alloc  httpd.o
    0x0800440c   0x0000000a   Code   RO         5909    i.http_ssi_state_free  httpd.o
    0x08004416   0x00000016   Code   RO         5910    i.http_state_alloc  httpd.o
    0x0800442c   0x0000002a   Code   RO         5911    i.http_state_eof    httpd.o
    0x08004456   0x0000001a   Code   RO         5912    i.http_state_free   httpd.o
    0x08004470   0x00000006   Code   RO         5913    i.http_state_init   httpd.o
    0x08004476   0x00000076   Code   RO         5914    i.http_write        httpd.o
    0x080044ec   0x00000038   Code   RO         5915    i.httpd_init        httpd.o
    0x08004524   0x00000008   Code   RO         5473    i.icmp_dest_unreach  icmp.o
    0x0800452c   0x00000120   Code   RO         5474    i.icmp_input        icmp.o
    0x0800464c   0x0000006c   Code   RO         5475    i.icmp_send_response  icmp.o
    0x080046b8   0x00000008   Code   RO         5476    i.icmp_time_exceeded  icmp.o
    0x080046c0   0x00000040   Code   RO         5582    i.ip4_addr_isbroadcast_u32  ip4_addr.o
    0x08004700   0x00000180   Code   RO         5648    i.ip4_frag          ip4_frag.o
    0x08004880   0x000001e4   Code   RO         5532    i.ip4_input         ip4.o
    0x08004a64   0x00000022   Code   RO         5534    i.ip4_output_if     ip4.o
    0x08004a86   0x00000002   PAD
    0x08004a88   0x000000b0   Code   RO         5535    i.ip4_output_if_src  ip4.o
    0x08004b38   0x00000164   Code   RO         5649    i.ip4_reass         ip4_frag.o
    0x08004c9c   0x0000005c   Code   RO         5536    i.ip4_route         ip4.o
    0x08004cf8   0x00000006   Code   RO         5650    i.ip_frag_alloc_pbuf_custom_ref  ip4_frag.o
    0x08004cfe   0x00000008   Code   RO         5651    i.ip_frag_free_pbuf_custom_ref  ip4_frag.o
    0x08004d06   0x00000002   PAD
    0x08004d08   0x000000f4   Code   RO         5652    i.ip_reass_chain_frag_into_datagram_and_validate  ip4_frag.o
    0x08004dfc   0x00000024   Code   RO         5653    i.ip_reass_dequeue_datagram  ip4_frag.o
    0x08004e20   0x00000054   Code   RO         5654    i.ip_reass_enqueue_new_datagram  ip4_frag.o
    0x08004e74   0x00000074   Code   RO         5655    i.ip_reass_free_complete_datagram  ip4_frag.o
    0x08004ee8   0x00000088   Code   RO         5656    i.ip_reass_remove_oldest_datagram  ip4_frag.o
    0x08004f70   0x0000002c   Code   RO         5657    i.ip_reass_tmr      ip4_frag.o
    0x08004f9c   0x00000018   Code   RO         5658    i.ipfrag_free_pbuf_custom  ip4_frag.o
    0x08004fb4   0x00000108   Code   RO          581    i.low_level_init    ethernetif.o
    0x080050bc   0x000000c4   Code   RO          582    i.low_level_input   ethernetif.o
    0x08005180   0x000000b0   Code   RO          583    i.low_level_output  ethernetif.o
    0x08005230   0x00000018   Code   RO         3667    i.lwip_htonl        def.o
    0x08005248   0x0000000a   Code   RO         3668    i.lwip_htons        def.o
    0x08005252   0x0000001e   Code   RO         3823    i.lwip_init         init.o
    0x08005270   0x00000032   Code   RO         3670    i.lwip_stricmp      def.o
    0x080052a2   0x00000044   Code   RO         3672    i.lwip_strnstr      def.o
    0x080052e6   0x00000002   PAD
    0x080052e8   0x000000dc   Code   RO          405    i.main              main.o
    0x080053c4   0x0000002c   Code   RO         3909    i.mem_free          mem.o
    0x080053f0   0x00000034   Code   RO         3910    i.mem_init          mem.o
    0x08005424   0x000000b8   Code   RO         3911    i.mem_malloc        mem.o
    0x080054dc   0x000000cc   Code   RO         3912    i.mem_trim          mem.o
    0x080055a8   0x00000018   Code   RO         3967    i.memp_free         memp.o
    0x080055c0   0x0000001c   Code   RO         3969    i.memp_init         memp.o
    0x080055dc   0x0000002a   Code   RO         3970    i.memp_init_pool    memp.o
    0x08005606   0x00000002   PAD
    0x08005608   0x00000018   Code   RO         3971    i.memp_malloc       memp.o
    0x08005620   0x00000050   Code   RO         4083    i.netif_add         netif.o
    0x08005670   0x00000002   Code   RO         4085    i.netif_init        netif.o
    0x08005672   0x0000001a   Code   RO         4087    i.netif_issue_reports  netif.o
    0x0800568c   0x0000004c   Code   RO         4089    i.netif_set_addr    netif.o
    0x080056d8   0x0000000c   Code   RO         4090    i.netif_set_default  netif.o
    0x080056e4   0x0000001a   Code   RO         4091    i.netif_set_down    netif.o
    0x080056fe   0x0000000e   Code   RO         4092    i.netif_set_gw      netif.o
    0x0800570c   0x00000048   Code   RO         4093    i.netif_set_ipaddr  netif.o
    0x08005754   0x0000000e   Code   RO         4096    i.netif_set_netmask  netif.o
    0x08005762   0x0000001c   Code   RO         4097    i.netif_set_up      netif.o
    0x0800577e   0x00000138   Code   RO         4203    i.pbuf_alloc        pbuf.o
    0x080058b6   0x0000005c   Code   RO         4204    i.pbuf_alloced_custom  pbuf.o
    0x08005912   0x00000028   Code   RO         4205    i.pbuf_cat          pbuf.o
    0x0800593a   0x00000014   Code   RO         4206    i.pbuf_chain        pbuf.o
    0x0800594e   0x00000012   Code   RO         4207    i.pbuf_clen         pbuf.o
    0x08005960   0x000000a0   Code   RO         4209    i.pbuf_copy         pbuf.o
    0x08005a00   0x0000006c   Code   RO         4210    i.pbuf_copy_partial  pbuf.o
    0x08005a6c   0x0000005e   Code   RO         4212    i.pbuf_free         pbuf.o
    0x08005aca   0x00000002   PAD
    0x08005acc   0x0000002c   Code   RO         4213    i.pbuf_free_ooseq   pbuf.o
    0x08005af8   0x00000006   Code   RO         4215    i.pbuf_header       pbuf.o
    0x08005afe   0x00000006   Code   RO         4216    i.pbuf_header_force  pbuf.o
    0x08005b04   0x00000074   Code   RO         4217    i.pbuf_header_impl  pbuf.o
    0x08005b78   0x0000000c   Code   RO         4220    i.pbuf_pool_is_empty  pbuf.o
    0x08005b84   0x00000054   Code   RO         4222    i.pbuf_realloc      pbuf.o
    0x08005bd8   0x0000000c   Code   RO         4223    i.pbuf_ref          pbuf.o
    0x08005be4   0x00000054   Code   RO         3913    i.plug_holes        mem.o
    0x08005c38   0x00000040   Code   RO           13    i.sendstring        net.o
    0x08005c78   0x00000060   Code   RO         4926    i.sys_check_timeouts  timeouts.o
    0x08005cd8   0x00000004   Code   RO          585    i.sys_now           ethernetif.o
    0x08005cdc   0x0000009c   Code   RO         4928    i.sys_timeout       timeouts.o
    0x08005d78   0x00000030   Code   RO         4929    i.sys_timeouts_init  timeouts.o
    0x08005da8   0x000000d4   Code   RO         4455    i.tcp_abandon       tcp.o
    0x08005e7c   0x00000006   Code   RO         4456    i.tcp_abort         tcp.o
    0x08005e82   0x0000000e   Code   RO         4457    i.tcp_accept        tcp.o
    0x08005e90   0x0000000e   Code   RO         4458    i.tcp_accept_null   tcp.o
    0x08005e9e   0x00000002   PAD
    0x08005ea0   0x000000b4   Code   RO         4459    i.tcp_alloc         tcp.o
    0x08005f54   0x00000008   Code   RO         4460    i.tcp_arg           tcp.o
    0x08005f5c   0x00000094   Code   RO         4461    i.tcp_bind          tcp.o
    0x08005ff0   0x00000014   Code   RO         4462    i.tcp_close         tcp.o
    0x08006004   0x00000168   Code   RO         4463    i.tcp_close_shutdown  tcp.o
    0x0800616c   0x0000009c   Code   RO         4816    i.tcp_create_segment  tcp_out.o
    0x08006208   0x00000026   Code   RO         4466    i.tcp_eff_send_mss_impl  tcp.o
    0x0800622e   0x000000b0   Code   RO         4817    i.tcp_enqueue_flags  tcp_out.o
    0x080062de   0x0000000a   Code   RO         4467    i.tcp_err           tcp.o
    0x080062e8   0x00000058   Code   RO         4468    i.tcp_fasttmr       tcp.o
    0x08006340   0x00000030   Code   RO         4740    i.tcp_getoptbyte    tcp_in.o
    0x08006370   0x00000002   Code   RO         4469    i.tcp_init          tcp.o
    0x08006372   0x00000002   PAD
    0x08006374   0x0000038c   Code   RO         4741    i.tcp_input         tcp_in.o
    0x08006700   0x00000052   Code   RO         4818    i.tcp_keepalive     tcp_out.o
    0x08006752   0x00000002   PAD
    0x08006754   0x00000048   Code   RO         4470    i.tcp_kill_prio     tcp.o
    0x0800679c   0x0000003c   Code   RO         4471    i.tcp_kill_state    tcp.o
    0x080067d8   0x00000034   Code   RO         4472    i.tcp_kill_timewait  tcp.o
    0x0800680c   0x00000020   Code   RO         4473    i.tcp_listen_closed  tcp.o
    0x0800682c   0x000000ec   Code   RO         4742    i.tcp_listen_input  tcp_in.o
    0x08006918   0x0000008c   Code   RO         4474    i.tcp_listen_with_backlog  tcp.o
    0x080069a4   0x00000050   Code   RO         4475    i.tcp_netif_ip_addr_changed  tcp.o
    0x080069f4   0x00000022   Code   RO         4476    i.tcp_netif_ip_addr_changed_pcblist  tcp.o
    0x08006a16   0x00000006   Code   RO         4477    i.tcp_new           tcp.o
    0x08006a1c   0x00000006   Code   RO         4478    i.tcp_new_ip_type   tcp.o
    0x08006a22   0x00000002   PAD
    0x08006a24   0x00000058   Code   RO         4479    i.tcp_new_port      tcp.o
    0x08006a7c   0x00000010   Code   RO         4480    i.tcp_next_iss      tcp.o
    0x08006a8c   0x0000007c   Code   RO         4743    i.tcp_oos_insert_segment  tcp_in.o
    0x08006b08   0x000001d0   Code   RO         4819    i.tcp_output        tcp_out.o
    0x08006cd8   0x0000006c   Code   RO         4820    i.tcp_output_alloc_header  tcp_out.o
    0x08006d44   0x000000a8   Code   RO         4821    i.tcp_output_segment  tcp_out.o
    0x08006dec   0x00000074   Code   RO         4744    i.tcp_parseopt      tcp_in.o
    0x08006e60   0x00000052   Code   RO         4822    i.tcp_pbuf_prealloc  tcp_out.o
    0x08006eb2   0x00000042   Code   RO         4481    i.tcp_pcb_purge     tcp.o
    0x08006ef4   0x00000050   Code   RO         4482    i.tcp_pcb_remove    tcp.o
    0x08006f44   0x00000008   Code   RO         4483    i.tcp_poll          tcp.o
    0x08006f4c   0x0000043c   Code   RO         4745    i.tcp_process       tcp_in.o
    0x08007388   0x00000072   Code   RO         4484    i.tcp_process_refused_data  tcp.o
    0x080073fa   0x00000002   PAD
    0x080073fc   0x00000724   Code   RO         4746    i.tcp_receive       tcp_in.o
    0x08007b20   0x0000000a   Code   RO         4485    i.tcp_recv          tcp.o
    0x08007b2a   0x00000026   Code   RO         4486    i.tcp_recv_null     tcp.o
    0x08007b50   0x00000046   Code   RO         4487    i.tcp_recved        tcp.o
    0x08007b96   0x00000014   Code   RO         4488    i.tcp_remove_listener  tcp.o
    0x08007baa   0x00000050   Code   RO         4823    i.tcp_rexmit        tcp_out.o
    0x08007bfa   0x00000062   Code   RO         4824    i.tcp_rexmit_fast   tcp_out.o
    0x08007c5c   0x0000002e   Code   RO         4825    i.tcp_rexmit_rto    tcp_out.o
    0x08007c8a   0x00000086   Code   RO         4826    i.tcp_rst           tcp_out.o
    0x08007d10   0x00000026   Code   RO         4489    i.tcp_seg_copy      tcp.o
    0x08007d36   0x0000001e   Code   RO         4490    i.tcp_seg_free      tcp.o
    0x08007d54   0x00000012   Code   RO         4491    i.tcp_segs_free     tcp.o
    0x08007d66   0x0000006e   Code   RO         4827    i.tcp_send_empty_ack  tcp_out.o
    0x08007dd4   0x00000048   Code   RO         4828    i.tcp_send_fin      tcp_out.o
    0x08007e1c   0x00000008   Code   RO         4492    i.tcp_sent          tcp.o
    0x08007e24   0x00000080   Code   RO           14    i.tcp_server_accept  net.o
    0x08007ea4   0x00000042   Code   RO           15    i.tcp_server_connection_close  net.o
    0x08007ee6   0x0000000a   Code   RO           16    i.tcp_server_error  net.o
    0x08007ef0   0x00000048   Code   RO           17    i.tcp_server_init   net.o
    0x08007f38   0x00000044   Code   RO           18    i.tcp_server_poll   net.o
    0x08007f7c   0x000000e4   Code   RO           19    i.tcp_server_recv   net.o
    0x08008060   0x0000005e   Code   RO           20    i.tcp_server_send   net.o
    0x080080be   0x00000026   Code   RO           21    i.tcp_server_sent   net.o
    0x080080e4   0x00000004   Code   RO         4493    i.tcp_setprio       tcp.o
    0x080080e8   0x00000294   Code   RO         4495    i.tcp_slowtmr       tcp.o
    0x0800837c   0x00000034   Code   RO         4932    i.tcp_timer_needed  timeouts.o
    0x080083b0   0x00000068   Code   RO         4747    i.tcp_timewait_input  tcp_in.o
    0x08008418   0x00000020   Code   RO         4496    i.tcp_tmr           tcp.o
    0x08008438   0x00000010   Code   RO         4748    i.tcp_trigger_input_pcb_close  tcp_in.o
    0x08008448   0x00000036   Code   RO         4498    i.tcp_update_rcv_ann_wnd  tcp.o
    0x0800847e   0x000002bc   Code   RO         4829    i.tcp_write         tcp_out.o
    0x0800873a   0x0000004e   Code   RO         4830    i.tcp_write_checks  tcp_out.o
    0x08008788   0x000000c4   Code   RO         4831    i.tcp_zero_window_probe  tcp_out.o
    0x0800884c   0x00000038   Code   RO         4933    i.tcpip_tcp_timer   timeouts.o
    0x08008884   0x00000084   Code   RO         5005    i.udp_bind          udp.o
    0x08008908   0x00000054   Code   RO         5006    i.udp_connect       udp.o
    0x0800895c   0x00000002   Code   RO         5008    i.udp_init          udp.o
    0x0800895e   0x00000002   PAD
    0x08008960   0x0000013c   Code   RO         5009    i.udp_input         udp.o
    0x08008a9c   0x00000038   Code   RO         5010    i.udp_input_local_match  udp.o
    0x08008ad4   0x00000034   Code   RO         5011    i.udp_netif_ip_addr_changed  udp.o
    0x08008b08   0x0000001c   Code   RO         5012    i.udp_new           udp.o
    0x08008b24   0x00000048   Code   RO         5014    i.udp_new_port      udp.o
    0x08008b6c   0x00000006   Code   RO         5015    i.udp_recv          udp.o
    0x08008b72   0x00000002   PAD
    0x08008b74   0x00000030   Code   RO         5016    i.udp_remove        udp.o
    0x08008ba4   0x0000003c   Code   RO         5019    i.udp_sendto_if     udp.o
    0x08008be0   0x000000a8   Code   RO         5020    i.udp_sendto_if_src  udp.o
    0x08008c88   0x00000036   Data   RO          406    .constdata          main.o
    0x08008cbe   0x00000010   Data   RO         2907    .constdata          system_stm32f2xx.o
    0x08008cce   0x00000006   Data   RO         3380    .constdata          ethernet.o
    0x08008cd4   0x00000006   Data   RO         3381    .constdata          ethernet.o
    0x08008cda   0x00000002   PAD
    0x08008cdc   0x0000000c   Data   RO         3982    .constdata          memp.o
    0x08008ce8   0x0000000c   Data   RO         3983    .constdata          memp.o
    0x08008cf4   0x0000000c   Data   RO         3984    .constdata          memp.o
    0x08008d00   0x0000000c   Data   RO         3985    .constdata          memp.o
    0x08008d0c   0x0000000c   Data   RO         3986    .constdata          memp.o
    0x08008d18   0x0000000c   Data   RO         3987    .constdata          memp.o
    0x08008d24   0x0000000c   Data   RO         3988    .constdata          memp.o
    0x08008d30   0x0000000c   Data   RO         3989    .constdata          memp.o
    0x08008d3c   0x0000000c   Data   RO         3990    .constdata          memp.o
    0x08008d48   0x00000024   Data   RO         3991    .constdata          memp.o
    0x08008d6c   0x00000054   Data   RO         4499    .constdata          tcp.o
    0x08008dc0   0x00000028   Data   RO         4934    .constdata          timeouts.o
    0x08008de8   0x00000004   Data   RO         5589    .constdata          ip4_addr.o
    0x08008dec   0x00000004   Data   RO         5590    .constdata          ip4_addr.o
    0x08008df0   0x00000040   Data   RO         5917    .constdata          httpd.o
    0x08008e30   0x0000034f   Data   RO         6070    .constdata          fs.o
    0x0800917f   0x000002b8   Data   RO         6071    .constdata          fs.o
    0x08009437   0x00000387   Data   RO         6072    .constdata          fs.o
    0x080097be   0x0000080d   Data   RO         6073    .constdata          fs.o
    0x08009fcb   0x000002a9   Data   RO         6074    .constdata          fs.o
    0x0800a274   0x00000014   Data   RO         6075    .constdata          fs.o
    0x0800a288   0x00000014   Data   RO         6076    .constdata          fs.o
    0x0800a29c   0x00000014   Data   RO         6077    .constdata          fs.o
    0x0800a2b0   0x00000014   Data   RO         6078    .constdata          fs.o
    0x0800a2c4   0x00000014   Data   RO         6079    .constdata          fs.o
    0x0800a2d8   0x00000081   Data   RO         6464    .constdata          mc_w.l(ctype_o.o)
    0x0800a359   0x00000003   PAD
    0x0800a35c   0x00000004   Data   RO         6465    .constdata          mc_w.l(ctype_o.o)
    0x0800a360   0x0000001a   Data   RO          407    .conststring        main.o
    0x0800a37a   0x00000002   PAD
    0x0800a37c   0x00000075   Data   RO         4500    .conststring        tcp.o
    0x0800a3f1   0x00000003   PAD
    0x0800a3f4   0x0000006a   Data   RO         5918    .conststring        httpd.o
    0x0800a45e   0x00000002   PAD
    0x0800a460   0x00000020   Data   RO         6498    Region$$Table       anon$$obj.o


    Execution Region RW_IRAM1 (Base: 0x20000000, Size: 0x0000a940, Max: 0x00020000, ABSOLUTE)

    Base Addr    Size         Type   Attr      Idx    E Section Name        Object

    0x20000000   0x00000008   Data   RW           24    .data               net.o
    0x20000008   0x00000001   Data   RW          307    .data               app_ethernet.o
    0x20000009   0x00000003   PAD
    0x2000000c   0x00000010   Data   RW          408    .data               main.o
    0x2000001c   0x00000004   Data   RW          504    .data               lwip.o
    0x20000020   0x0000000c   Data   RW          506    .data               lwip.o
    0x2000002c   0x00000002   Data   RW          705    .data               stm32f2xx_it.o
    0x2000002e   0x00000002   PAD
    0x20000030   0x00000004   Data   RW         1909    .data               stm32f2xx_hal.o
    0x20000034   0x00000004   Data   RW         2909    .data               system_stm32f2xx.o
    0x20000038   0x0000000c   Data   RW         3915    .data               mem.o
    0x20000044   0x00000004   Data   RW         3992    .data               memp.o
    0x20000048   0x00000004   Data   RW         3993    .data               memp.o
    0x2000004c   0x00000004   Data   RW         3994    .data               memp.o
    0x20000050   0x00000004   Data   RW         3995    .data               memp.o
    0x20000054   0x00000004   Data   RW         3996    .data               memp.o
    0x20000058   0x00000004   Data   RW         3997    .data               memp.o
    0x2000005c   0x00000004   Data   RW         3998    .data               memp.o
    0x20000060   0x00000004   Data   RW         3999    .data               memp.o
    0x20000064   0x00000004   Data   RW         4000    .data               memp.o
    0x20000068   0x0000000c   Data   RW         4098    .data               netif.o
    0x20000074   0x00000001   Data   RW         4230    .data               pbuf.o
    0x20000075   0x00000003   PAD
    0x20000078   0x00000020   Data   RW         4501    .data               tcp.o
    0x20000098   0x00000024   Data   RW         4750    .data               tcp_in.o
    0x200000bc   0x0000000c   Data   RW         4935    .data               timeouts.o
    0x200000c8   0x00000008   Data   RW         5021    .data               udp.o
    0x200000d0   0x00000010   Data   RW         5183    .data               dhcp.o
    0x200000e0   0x00000001   Data   RW         5389    .data               etharp.o
    0x200000e1   0x00000001   PAD
    0x200000e2   0x00000002   Data   RW         5537    .data               ip4.o
    0x200000e4   0x00000008   Data   RW         5659    .data               ip4_frag.o
    0x200000ec   0x00000018   Data   RW         5919    .data               httpd.o
    0x20000104   0x00000004   Data   RW         6130    .data               mc_w.l(rand.o)
    0x20000108   0x00000004   Data   RW         6441    .data               mc_w.l(errno.o)
    0x2000010c   0x00000064   Zero   RW           22    .bss                net.o
    0x20000170   0x0000003c   Zero   RW          503    .bss                lwip.o
    0x200001ac   0x000030e8   Zero   RW          586    .bss                ethernetif.o
    0x20003294   0x00000040   Zero   RW          655    .bss                tim.o
    0x200032d4   0x00000018   Zero   RW         3884    .bss                ip.o
    0x200032ec   0x00000653   Zero   RW         3914    .bss                mem.o
    0x2000393f   0x00000083   Zero   RW         3973    .bss                memp.o
    0x200039c2   0x000002fb   Zero   RW         3974    .bss                memp.o
    0x20003cbd   0x000000e3   Zero   RW         3975    .bss                memp.o
    0x20003da0   0x00000183   Zero   RW         3976    .bss                memp.o
    0x20003f23   0x000000a3   Zero   RW         3977    .bss                memp.o
    0x20003fc6   0x0000016b   Zero   RW         3978    .bss                memp.o
    0x20004131   0x00000053   Zero   RW         3979    .bss                memp.o
    0x20004184   0x00000103   Zero   RW         3980    .bss                memp.o
    0x20004287   0x00002143   Zero   RW         3981    .bss                memp.o
    0x200063ca   0x00000002   PAD
    0x200063cc   0x00000010   Zero   RW         4749    .bss                tcp_in.o
    0x200063dc   0x00000032   Zero   RW         5182    .bss                dhcp.o
    0x2000640e   0x00000002   PAD
    0x20006410   0x000000f0   Zero   RW         5388    .bss                etharp.o
    0x20006500   0x00000440   Zero   RW         5916    .bss                httpd.o
    0x20006940   0x00004000   Zero   RW            1    STACK               startup_stm32f207xx.o


==============================================================================

Image component sizes


      Code (inc. data)   RO Data    RW Data    ZI Data      Debug   Object Name

       224         24          0          1          0      20203   app_ethernet.o
       152          0          0          0          0       2712   def.o
      4072        140          0         16         50      30292   dhcp.o
      1572         66          0          1        240      11819   etharp.o
       240          6         12          0          0       2606   ethernet.o
       888         66          0          0      12520       5970   ethernetif.o
        82          6       5288          0          0       4958   fs.o
       124         14          0          0          0        867   gpio.o
      2940        184        170         24       1088      29628   httpd.o
       412          6          0          0          0       3702   icmp.o
        30          0          0          0          0      11227   init.o
         0          0          0          0         24       3002   ip.o
       786         28          0          2          0       5212   ip4.o
        64          0          8          0          0       7198   ip4_addr.o
      1438         40          0          8          0      10794   ip4_frag.o
       100         16          0         16         60       2860   lwip.o
       622        100         80         16          0       5354   main.o
       568         34          0         12       1619       5217   mem.o
       148         14        144         36      10891      10278   memp.o
       768         64          0          8        100     697336   net.o
       350         18          0         12          0       9575   netif.o
      1124         24          0          1          0      22030   pbuf.o
        36          8        388          0      16384        788   startup_stm32f207xx.o
       148         22          0          4          0       3955   stm32f2xx_hal.o
       232         14          0          0          0      28989   stm32f2xx_hal_cortex.o
      2126         66          0          0          0      12939   stm32f2xx_hal_eth.o
       504         54          0          0          0       3535   stm32f2xx_hal_gpio.o
       132          6          0          0          0        850   stm32f2xx_hal_msp.o
      1252         54          0          0          0       4702   stm32f2xx_hal_rcc.o
      1012         44          0          0          0       9091   stm32f2xx_hal_tim.o
        84          0          0          0          0       2230   stm32f2xx_hal_tim_ex.o
       134         20          0          2          0       4824   stm32f2xx_it.o
        72         18         16          4          0       1107   system_stm32f2xx.o
      2936        116        201         32          0      36912   tcp.o
      4464        126          0         36         16      19899   tcp_in.o
      2750          8          0          0          0      16431   tcp_out.o
       176         26          0          0         64       1538   tim.o
       436         64         40         12          0       5507   timeouts.o
      1024         44          0          8          0      11433   udp.o

    ----------------------------------------------------------------------
     34274       1540       6388        260      43060    1067570   Object Totals
         0          0         32          0          0          0   (incl. Generated)
        52          0          9          9          4          0   (incl. Padding)

    ----------------------------------------------------------------------

      Code (inc. data)   RO Data    RW Data    ZI Data      Debug   Library Member Name

        28          0          0          0          0         68   _chval.o
       158          0          0          0          0         92   _strtoul.o
        26          0          0          0          0         80   atoi.o
         8          4        133          0          0         68   ctype_o.o
         0          0          0          0          0          0   entry.o
         0          0          0          0          0          0   entry10a.o
         0          0          0          0          0          0   entry11a.o
         8          4          0          0          0          0   entry2.o
         4          0          0          0          0          0   entry5.o
         0          0          0          0          0          0   entry7b.o
         0          0          0          0          0          0   entry8b.o
         8          4          0          0          0          0   entry9a.o
         8          4          0          4          0         68   errno.o
        30          0          0          0          0          0   handlers.o
        36          8          0          0          0         68   init.o
        30          0          0          0          0         68   llshl.o
        32          0          0          0          0         68   llushr.o
        26          0          0          0          0         80   memcmp.o
        36          0          0          0          0         68   memcpya.o
        36          0          0          0          0        108   memseta.o
       390         10          0          0          0        252   printf1.o
        36         10          0          4          0        136   rand.o
        20          0          0          0          0         68   strchr.o
        28          0          0          0          0         76   strcmp.o
        14          0          0          0          0         68   strlen.o
        30          0          0          0          0         80   strncmp.o
        24          0          0          0          0         76   strncpy.o
        36          0          0          0          0         80   strstr.o
       112          0          0          0          0         88   strtol.o
        44          0          0          0          0         80   uidiv.o
        98          0          0          0          0         92   uldiv.o

    ----------------------------------------------------------------------
      1314         44        136          8          0       1932   Library Totals
         8          0          3          0          0          0   (incl. Padding)

    ----------------------------------------------------------------------

      Code (inc. data)   RO Data    RW Data    ZI Data      Debug   Library Name

      1306         44        133          8          0       1932   mc_w.l

    ----------------------------------------------------------------------
      1314         44        136          8          0       1932   Library Totals

    ----------------------------------------------------------------------

==============================================================================


      Code (inc. data)   RO Data    RW Data    ZI Data      Debug   

     35588       1584       6524        268      43060    1052338   Grand Totals
     35588       1584       6524        268      43060    1052338   ELF Image Totals
     35588       1584       6524        268          0          0   ROM Totals

==============================================================================

    Total RO  Size (Code + RO Data)                42112 (  41.13kB)
    Total RW  Size (RW Data + ZI Data)             43328 (  42.31kB)
    Total ROM Size (Code + RO Data + RW Data)      42380 (  41.39kB)

==============================================================================

